207.46.13.66 - - [04/Apr/2018:18:40:26 +0200] "GET / HTTP/1.0" 200 415 "-" "Mozilla/5.0 (compatible; bingbot/2.0; +http://www.bing.com/bingbot.htm)"
207.46.13.66 - - [04/Apr/2018:18:40:26 +0200] "GET / HTTP/1.1" 200 2476 "-" "Mozilla/5.0 (compatible; bingbot/2.0; +http://www.bing.com/bingbot.htm)"
40.77.167.91 - - [05/Apr/2018:06:29:42 +0200] "GET / HTTP/1.0" 200 415 "-" "Mozilla/5.0 (compatible; bingbot/2.0; +http://www.bing.com/bingbot.htm)"
40.77.167.85 - - [05/Apr/2018:21:02:10 +0200] "GET / HTTP/1.0" 200 1915 "-" "Mozilla/5.0 (compatible; bingbot/2.0; +http://www.bing.com/bingbot.htm)"
40.77.167.91 - - [05/Apr/2018:06:29:42 +0200] "GET / HTTP/1.1" 200 2476 "-" "Mozilla/5.0 (compatible; bingbot/2.0; +http://www.bing.com/bingbot.htm)"
40.77.167.85 - - [05/Apr/2018:21:02:10 +0200] "GET / HTTP/1.1" 200 2476 "-" "Mozilla/5.0 (compatible; bingbot/2.0; +http://www.bing.com/bingbot.htm)"
207.46.13.130 - - [06/Apr/2018:08:54:13 +0200] "GET / HTTP/1.0" 200 1915 "-" "Mozilla/5.0 (compatible; bingbot/2.0; +http://www.bing.com/bingbot.htm)"
54.183.165.74 - - [06/Apr/2018:12:06:14 +0200] "GET / HTTP/1.0" 200 1915 "-" "Mozilla/5.0 (Macintosh; Intel Mac OS X 10_12_6) AppleWebKit/537.36 (KHTML, like Gecko) Chrome/61.0.3163.100 Safari/537.36"
157.55.39.51 - - [06/Apr/2018:21:40:37 +0200] "GET /robots.txt HTTP/1.0" 404 1487 "-" "Mozilla/5.0 (compatible; bingbot/2.0; +http://www.bing.com/bingbot.htm)"
157.55.39.51 - - [06/Apr/2018:21:40:39 +0200] "GET /robots.txt HTTP/1.0" 404 1487 "-" "Mozilla/5.0 (compatible; bingbot/2.0; +http://www.bing.com/bingbot.htm)"
207.46.13.130 - - [06/Apr/2018:21:40:43 +0200] "GET / HTTP/1.0" 200 415 "-" "Mozilla/5.0 (compatible; bingbot/2.0; +http://www.bing.com/bingbot.htm)"
207.46.13.130 - - [06/Apr/2018:08:54:13 +0200] "GET / HTTP/1.1" 200 2476 "-" "Mozilla/5.0 (compatible; bingbot/2.0; +http://www.bing.com/bingbot.htm)"
54.183.165.74 - - [06/Apr/2018:12:06:14 +0200] "GET / HTTP/1.1" 200 2476 "-" "Mozilla/5.0 (Macintosh; Intel Mac OS X 10_12_6) AppleWebKit/537.36 (KHTML, like Gecko) Chrome/61.0.3163.100 Safari/537.36"
207.46.13.130 - - [06/Apr/2018:21:40:43 +0200] "GET / HTTP/1.1" 200 2476 "-" "Mozilla/5.0 (compatible; bingbot/2.0; +http://www.bing.com/bingbot.htm)"
207.46.13.130 - - [07/Apr/2018:11:53:13 +0200] "GET / HTTP/1.0" 200 1915 "-" "Mozilla/5.0 (compatible; bingbot/2.0; +http://www.bing.com/bingbot.htm)"
207.46.13.130 - - [07/Apr/2018:23:11:47 +0200] "GET / HTTP/1.0" 200 1915 "-" "Mozilla/5.0 (compatible; bingbot/2.0; +http://www.bing.com/bingbot.htm)"
207.46.13.130 - - [07/Apr/2018:11:53:13 +0200] "GET / HTTP/1.1" 200 2476 "-" "Mozilla/5.0 (compatible; bingbot/2.0; +http://www.bing.com/bingbot.htm)"
207.46.13.130 - - [07/Apr/2018:23:11:47 +0200] "GET / HTTP/1.1" 200 2476 "-" "Mozilla/5.0 (compatible; bingbot/2.0; +http://www.bing.com/bingbot.htm)"
157.55.39.90 - - [08/Apr/2018:13:21:25 +0200] "GET / HTTP/1.0" 200 1915 "-" "Mozilla/5.0 (compatible; bingbot/2.0; +http://www.bing.com/bingbot.htm)"
157.55.39.144 - - [09/Apr/2018:00:34:55 +0200] "GET /robots.txt HTTP/1.0" 404 2987 "-" "Mozilla/5.0 (compatible; bingbot/2.0; +http://www.bing.com/bingbot.htm)"
157.55.39.144 - - [09/Apr/2018:00:34:56 +0200] "GET /robots.txt HTTP/1.0" 404 1487 "-" "Mozilla/5.0 (compatible; bingbot/2.0; +http://www.bing.com/bingbot.htm)"
157.55.39.240 - - [09/Apr/2018:00:35:00 +0200] "GET / HTTP/1.0" 200 415 "-" "Mozilla/5.0 (compatible; bingbot/2.0; +http://www.bing.com/bingbot.htm)"
157.55.39.90 - - [08/Apr/2018:13:21:25 +0200] "GET / HTTP/1.1" 200 2476 "-" "Mozilla/5.0 (compatible; bingbot/2.0; +http://www.bing.com/bingbot.htm)"
157.55.39.240 - - [09/Apr/2018:00:35:00 +0200] "GET / HTTP/1.1" 200 2476 "-" "Mozilla/5.0 (compatible; bingbot/2.0; +http://www.bing.com/bingbot.htm)"
40.77.167.68 - - [10/Apr/2018:03:17:49 +0200] "GET / HTTP/1.0" 200 415 "-" "Mozilla/5.0 (compatible; bingbot/2.0; +http://www.bing.com/bingbot.htm)"
40.77.167.68 - - [10/Apr/2018:03:17:49 +0200] "GET / HTTP/1.1" 200 2476 "-" "Mozilla/5.0 (compatible; bingbot/2.0; +http://www.bing.com/bingbot.htm)"
40.77.167.2 - - [10/Apr/2018:17:32:23 +0200] "GET / HTTP/1.0" 200 415 "-" "Mozilla/5.0 (compatible; bingbot/2.0; +http://www.bing.com/bingbot.htm)"
54.183.165.74 - - [10/Apr/2018:17:46:02 +0200] "GET / HTTP/1.0" 200 415 "-" "Mozilla/5.0 (Macintosh; Intel Mac OS X 10_12_6) AppleWebKit/537.36 (KHTML, like Gecko) Chrome/61.0.3163.100 Safari/537.36"
40.77.167.2 - - [10/Apr/2018:17:32:23 +0200] "GET / HTTP/1.1" 200 2476 "-" "Mozilla/5.0 (compatible; bingbot/2.0; +http://www.bing.com/bingbot.htm)"
54.183.165.74 - - [10/Apr/2018:17:46:02 +0200] "GET / HTTP/1.1" 200 2476 "-" "Mozilla/5.0 (Macintosh; Intel Mac OS X 10_12_6) AppleWebKit/537.36 (KHTML, like Gecko) Chrome/61.0.3163.100 Safari/537.36"
157.55.39.13 - - [11/Apr/2018:07:52:40 +0200] "GET /robots.txt HTTP/1.0" 404 2987 "-" "Mozilla/5.0 (compatible; bingbot/2.0; +http://www.bing.com/bingbot.htm)"
157.55.39.13 - - [11/Apr/2018:07:52:40 +0200] "GET /robots.txt HTTP/1.0" 404 1487 "-" "Mozilla/5.0 (compatible; bingbot/2.0; +http://www.bing.com/bingbot.htm)"
157.55.39.154 - - [11/Apr/2018:07:52:43 +0200] "GET / HTTP/1.0" 200 415 "-" "Mozilla/5.0 (compatible; bingbot/2.0; +http://www.bing.com/bingbot.htm)"
207.46.13.152 - - [11/Apr/2018:20:57:40 +0200] "GET / HTTP/1.0" 200 1915 "-" "Mozilla/5.0 (compatible; bingbot/2.0; +http://www.bing.com/bingbot.htm)"
157.55.39.154 - - [11/Apr/2018:07:52:43 +0200] "GET / HTTP/1.1" 200 2476 "-" "Mozilla/5.0 (compatible; bingbot/2.0; +http://www.bing.com/bingbot.htm)"
207.46.13.152 - - [11/Apr/2018:20:57:40 +0200] "GET / HTTP/1.1" 200 2476 "-" "Mozilla/5.0 (compatible; bingbot/2.0; +http://www.bing.com/bingbot.htm)"
207.46.13.152 - - [12/Apr/2018:11:36:13 +0200] "GET / HTTP/1.0" 200 1915 "-" "Mozilla/5.0 (compatible; bingbot/2.0; +http://www.bing.com/bingbot.htm)"
207.46.13.152 - - [12/Apr/2018:11:36:13 +0200] "GET / HTTP/1.1" 200 2476 "-" "Mozilla/5.0 (compatible; bingbot/2.0; +http://www.bing.com/bingbot.htm)"
157.55.39.57 - - [13/Apr/2018:14:33:46 +0200] "GET /robots.txt HTTP/1.0" 404 1487 "-" "Mozilla/5.0 (compatible; bingbot/2.0; +http://www.bing.com/bingbot.htm)"
157.55.39.57 - - [13/Apr/2018:14:33:50 +0200] "GET /robots.txt HTTP/1.0" 404 1487 "-" "Mozilla/5.0 (compatible; bingbot/2.0; +http://www.bing.com/bingbot.htm)"
157.55.39.115 - - [13/Apr/2018:14:33:53 +0200] "GET / HTTP/1.0" 200 415 "-" "Mozilla/5.0 (compatible; bingbot/2.0; +http://www.bing.com/bingbot.htm)"
40.77.167.28 - - [14/Apr/2018:02:05:28 +0200] "GET / HTTP/1.0" 200 1915 "-" "Mozilla/5.0 (compatible; bingbot/2.0; +http://www.bing.com/bingbot.htm)"
157.55.39.115 - - [13/Apr/2018:14:33:53 +0200] "GET / HTTP/1.1" 200 2476 "-" "Mozilla/5.0 (compatible; bingbot/2.0; +http://www.bing.com/bingbot.htm)"
40.77.167.28 - - [14/Apr/2018:02:05:28 +0200] "GET / HTTP/1.1" 200 2476 "-" "Mozilla/5.0 (compatible; bingbot/2.0; +http://www.bing.com/bingbot.htm)"
207.46.13.33 - - [14/Apr/2018:19:48:31 +0200] "GET / HTTP/1.0" 200 1915 "-" "Mozilla/5.0 (compatible; bingbot/2.0; +http://www.bing.com/bingbot.htm)"
54.183.165.74 - - [15/Apr/2018:04:30:18 +0200] "GET / HTTP/1.0" 200 1915 "-" "Mozilla/5.0 (Macintosh; Intel Mac OS X 10_12_6) AppleWebKit/537.36 (KHTML, like Gecko) Chrome/61.0.3163.100 Safari/537.36"
207.46.13.33 - - [14/Apr/2018:19:48:31 +0200] "GET / HTTP/1.1" 200 2476 "-" "Mozilla/5.0 (compatible; bingbot/2.0; +http://www.bing.com/bingbot.htm)"
54.183.165.74 - - [15/Apr/2018:04:30:18 +0200] "GET / HTTP/1.1" 200 2476 "-" "Mozilla/5.0 (Macintosh; Intel Mac OS X 10_12_6) AppleWebKit/537.36 (KHTML, like Gecko) Chrome/61.0.3163.100 Safari/537.36"
207.46.13.95 - - [15/Apr/2018:08:07:14 +0200] "GET / HTTP/1.0" 200 1915 "-" "Mozilla/5.0 (compatible; bingbot/2.0; +http://www.bing.com/bingbot.htm)"
207.46.13.95 - - [15/Apr/2018:08:07:14 +0200] "GET / HTTP/1.1" 200 2476 "-" "Mozilla/5.0 (compatible; bingbot/2.0; +http://www.bing.com/bingbot.htm)"
157.55.39.162 - - [16/Apr/2018:12:17:51 +0200] "GET /robots.txt HTTP/1.0" 404 1487 "-" "Mozilla/5.0 (compatible; bingbot/2.0; +http://www.bing.com/bingbot.htm)"
157.55.39.162 - - [16/Apr/2018:12:17:51 +0200] "GET /robots.txt HTTP/1.0" 404 1487 "-" "Mozilla/5.0 (compatible; bingbot/2.0; +http://www.bing.com/bingbot.htm)"
207.46.13.47 - - [16/Apr/2018:12:18:12 +0200] "GET / HTTP/1.0" 200 415 "-" "Mozilla/5.0 (compatible; bingbot/2.0; +http://www.bing.com/bingbot.htm)"
207.46.13.47 - - [16/Apr/2018:12:18:12 +0200] "GET / HTTP/1.1" 200 2476 "-" "Mozilla/5.0 (compatible; bingbot/2.0; +http://www.bing.com/bingbot.htm)"
207.46.13.1 - - [17/Apr/2018:17:15:30 +0200] "GET / HTTP/1.0" 200 415 "-" "Mozilla/5.0 (compatible; bingbot/2.0; +http://www.bing.com/bingbot.htm)"
40.77.167.135 - - [18/Apr/2018:05:23:24 +0200] "GET / HTTP/1.0" 200 1915 "-" "Mozilla/5.0 (compatible; bingbot/2.0; +http://www.bing.com/bingbot.htm)"
207.46.13.1 - - [17/Apr/2018:17:15:30 +0200] "GET / HTTP/1.1" 200 2476 "-" "Mozilla/5.0 (compatible; bingbot/2.0; +http://www.bing.com/bingbot.htm)"
40.77.167.135 - - [18/Apr/2018:05:23:24 +0200] "GET / HTTP/1.1" 200 2476 "-" "Mozilla/5.0 (compatible; bingbot/2.0; +http://www.bing.com/bingbot.htm)"
157.55.39.1 - - [18/Apr/2018:20:00:46 +0200] "GET /robots.txt HTTP/1.0" 404 1487 "-" "Mozilla/5.0 (compatible; bingbot/2.0; +http://www.bing.com/bingbot.htm)"
157.55.39.1 - - [18/Apr/2018:20:00:54 +0200] "GET /robots.txt HTTP/1.0" 404 1487 "-" "Mozilla/5.0 (compatible; bingbot/2.0; +http://www.bing.com/bingbot.htm)"
207.46.13.30 - - [18/Apr/2018:20:01:12 +0200] "GET / HTTP/1.0" 200 415 "-" "Mozilla/5.0 (compatible; bingbot/2.0; +http://www.bing.com/bingbot.htm)"
207.46.13.30 - - [18/Apr/2018:20:06:03 +0200] "GET / HTTP/1.0" 200 415 "-" "Mozilla/5.0 (compatible; bingbot/2.0; +http://www.bing.com/bingbot.htm)"
207.46.13.30 - - [18/Apr/2018:20:01:12 +0200] "GET / HTTP/1.1" 304 0 "-" "Mozilla/5.0 (compatible; bingbot/2.0; +http://www.bing.com/bingbot.htm)"
207.46.13.30 - - [18/Apr/2018:20:06:03 +0200] "GET / HTTP/1.1" 200 2476 "-" "Mozilla/5.0 (compatible; bingbot/2.0; +http://www.bing.com/bingbot.htm)"
54.183.165.74 - - [19/Apr/2018:16:42:31 +0200] "GET / HTTP/1.0" 200 415 "-" "Mozilla/5.0 (Macintosh; Intel Mac OS X 10_12_6) AppleWebKit/537.36 (KHTML, like Gecko) Chrome/61.0.3163.100 Safari/537.36"
207.46.13.180 - - [19/Apr/2018:23:13:02 +0200] "GET / HTTP/1.0" 200 1915 "-" "Mozilla/5.0 (compatible; bingbot/2.0; +http://www.bing.com/bingbot.htm)"
54.183.165.74 - - [19/Apr/2018:16:42:31 +0200] "GET / HTTP/1.1" 200 2476 "-" "Mozilla/5.0 (Macintosh; Intel Mac OS X 10_12_6) AppleWebKit/537.36 (KHTML, like Gecko) Chrome/61.0.3163.100 Safari/537.36"
207.46.13.180 - - [19/Apr/2018:23:13:02 +0200] "GET / HTTP/1.1" 200 2476 "-" "Mozilla/5.0 (compatible; bingbot/2.0; +http://www.bing.com/bingbot.htm)"
157.55.39.252 - - [20/Apr/2018:16:44:50 +0200] "GET / HTTP/1.0" 200 1915 "-" "Mozilla/5.0 (compatible; bingbot/2.0; +http://www.bing.com/bingbot.htm)"
157.55.39.252 - - [20/Apr/2018:16:44:50 +0200] "GET / HTTP/1.1" 200 2476 "-" "Mozilla/5.0 (compatible; bingbot/2.0; +http://www.bing.com/bingbot.htm)"
157.55.39.26 - - [21/Apr/2018:19:55:23 +0200] "GET /robots.txt HTTP/1.0" 404 2987 "-" "Mozilla/5.0 (compatible; bingbot/2.0; +http://www.bing.com/bingbot.htm)"
157.55.39.26 - - [21/Apr/2018:19:55:29 +0200] "GET /robots.txt HTTP/1.0" 404 1487 "-" "Mozilla/5.0 (compatible; bingbot/2.0; +http://www.bing.com/bingbot.htm)"
40.77.167.43 - - [21/Apr/2018:19:55:39 +0200] "GET / HTTP/1.0" 200 415 "-" "Mozilla/5.0 (compatible; bingbot/2.0; +http://www.bing.com/bingbot.htm)"
40.77.167.43 - - [21/Apr/2018:19:55:39 +0200] "GET / HTTP/1.1" 200 2476 "-" "Mozilla/5.0 (compatible; bingbot/2.0; +http://www.bing.com/bingbot.htm)"
18.231.176.115 - - [21/Apr/2018:23:17:55 +0200] "" 400 0 "-" "-"
40.77.167.100 - - [22/Apr/2018:07:53:42 +0200] "GET / HTTP/1.0" 200 1915 "-" "Mozilla/5.0 (compatible; bingbot/2.0; +http://www.bing.com/bingbot.htm)"
40.77.167.44 - - [22/Apr/2018:22:16:14 +0200] "GET / HTTP/1.0" 200 415 "-" "Mozilla/5.0 (compatible; bingbot/2.0; +http://www.bing.com/bingbot.htm)"
40.77.167.100 - - [22/Apr/2018:07:53:42 +0200] "GET / HTTP/1.1" 200 2476 "-" "Mozilla/5.0 (compatible; bingbot/2.0; +http://www.bing.com/bingbot.htm)"
40.77.167.44 - - [22/Apr/2018:22:16:14 +0200] "GET / HTTP/1.1" 200 2476 "-" "Mozilla/5.0 (compatible; bingbot/2.0; +http://www.bing.com/bingbot.htm)"
157.55.39.52 - - [24/Apr/2018:04:28:54 +0200] "GET /robots.txt HTTP/1.0" 404 1487 "-" "Mozilla/5.0 (compatible; bingbot/2.0; +http://www.bing.com/bingbot.htm)"
157.55.39.52 - - [24/Apr/2018:04:28:56 +0200] "GET /robots.txt HTTP/1.0" 404 1487 "-" "Mozilla/5.0 (compatible; bingbot/2.0; +http://www.bing.com/bingbot.htm)"
157.55.39.96 - - [24/Apr/2018:04:29:03 +0200] "GET / HTTP/1.0" 200 415 "-" "Mozilla/5.0 (compatible; bingbot/2.0; +http://www.bing.com/bingbot.htm)"
157.55.39.96 - - [24/Apr/2018:04:29:03 +0200] "GET / HTTP/1.1" 200 2476 "-" "Mozilla/5.0 (compatible; bingbot/2.0; +http://www.bing.com/bingbot.htm)"
207.46.13.145 - - [24/Apr/2018:19:16:46 +0200] "GET / HTTP/1.0" 200 415 "-" "Mozilla/5.0 (compatible; bingbot/2.0; +http://www.bing.com/bingbot.htm)"
207.46.13.145 - - [24/Apr/2018:19:16:46 +0200] "GET / HTTP/1.1" 200 2476 "-" "Mozilla/5.0 (compatible; bingbot/2.0; +http://www.bing.com/bingbot.htm)"
157.55.39.160 - - [25/Apr/2018:07:59:24 +0200] "GET / HTTP/1.0" 200 1915 "-" "Mozilla/5.0 (compatible; bingbot/2.0; +http://www.bing.com/bingbot.htm)"
157.55.39.160 - - [25/Apr/2018:07:59:24 +0200] "GET / HTTP/1.1" 200 2476 "-" "Mozilla/5.0 (compatible; bingbot/2.0; +http://www.bing.com/bingbot.htm)"
54.183.165.74 - - [26/Apr/2018:10:19:06 +0200] "GET / HTTP/1.0" 200 415 "-" "Mozilla/5.0 (Macintosh; Intel Mac OS X 10_12_6) AppleWebKit/537.36 (KHTML, like Gecko) Chrome/61.0.3163.100 Safari/537.36"
86.107.110.217 - - [26/Apr/2018:19:00:15 +0200] "GET / HTTP/1.0" 200 1915 "https://appslacoop.fr/" "Mozilla/5.0 (Windows NT 6.1; WOW64) AppleWebKit/537.36 (KHTML, like Gecko) Chrome/36.0.1985.143 Safari/537.36"
54.183.165.74 - - [26/Apr/2018:10:19:06 +0200] "GET / HTTP/1.1" 200 2476 "-" "Mozilla/5.0 (Macintosh; Intel Mac OS X 10_12_6) AppleWebKit/537.36 (KHTML, like Gecko) Chrome/61.0.3163.100 Safari/537.36"
86.107.110.217 - - [26/Apr/2018:19:00:15 +0200] "GET / HTTP/1.1" 200 2476 "https://appslacoop.fr/" "Mozilla/5.0 (Windows NT 6.1; WOW64) AppleWebKit/537.36 (KHTML, like Gecko) Chrome/36.0.1985.143 Safari/537.36"
157.55.39.18 - - [27/Apr/2018:13:39:29 +0200] "GET /robots.txt HTTP/1.0" 404 2987 "-" "Mozilla/5.0 (compatible; bingbot/2.0; +http://www.bing.com/bingbot.htm)"
157.55.39.18 - - [27/Apr/2018:13:39:29 +0200] "GET /robots.txt HTTP/1.0" 404 1487 "-" "Mozilla/5.0 (compatible; bingbot/2.0; +http://www.bing.com/bingbot.htm)"
157.55.39.85 - - [27/Apr/2018:13:39:33 +0200] "GET / HTTP/1.0" 200 415 "-" "Mozilla/5.0 (compatible; bingbot/2.0; +http://www.bing.com/bingbot.htm)"
157.55.39.182 - - [28/Apr/2018:02:25:03 +0200] "GET / HTTP/1.0" 200 415 "-" "Mozilla/5.0 (compatible; bingbot/2.0; +http://www.bing.com/bingbot.htm)"
157.55.39.85 - - [27/Apr/2018:13:39:33 +0200] "GET / HTTP/1.1" 200 2476 "-" "Mozilla/5.0 (compatible; bingbot/2.0; +http://www.bing.com/bingbot.htm)"
157.55.39.182 - - [28/Apr/2018:02:25:03 +0200] "GET / HTTP/1.1" 200 2476 "-" "Mozilla/5.0 (compatible; bingbot/2.0; +http://www.bing.com/bingbot.htm)"
157.55.39.182 - - [28/Apr/2018:17:23:40 +0200] "GET / HTTP/1.0" 200 415 "-" "Mozilla/5.0 (compatible; bingbot/2.0; +http://www.bing.com/bingbot.htm)"
207.46.13.39 - - [29/Apr/2018:04:47:33 +0200] "GET / HTTP/1.0" 200 1915 "-" "Mozilla/5.0 (compatible; bingbot/2.0; +http://www.bing.com/bingbot.htm)"
157.55.39.182 - - [28/Apr/2018:17:23:40 +0200] "GET / HTTP/1.1" 200 2476 "-" "Mozilla/5.0 (compatible; bingbot/2.0; +http://www.bing.com/bingbot.htm)"
207.46.13.39 - - [29/Apr/2018:04:47:33 +0200] "GET / HTTP/1.1" 200 2476 "-" "Mozilla/5.0 (compatible; bingbot/2.0; +http://www.bing.com/bingbot.htm)"
157.55.39.26 - - [29/Apr/2018:22:49:16 +0200] "GET /robots.txt HTTP/1.0" 404 1487 "-" "Mozilla/5.0 (compatible; bingbot/2.0; +http://www.bing.com/bingbot.htm)"
157.55.39.26 - - [29/Apr/2018:22:49:18 +0200] "GET /robots.txt HTTP/1.0" 404 1487 "-" "Mozilla/5.0 (compatible; bingbot/2.0; +http://www.bing.com/bingbot.htm)"
207.46.13.29 - - [29/Apr/2018:22:49:23 +0200] "GET / HTTP/1.0" 200 415 "-" "Mozilla/5.0 (compatible; bingbot/2.0; +http://www.bing.com/bingbot.htm)"
207.46.13.29 - - [29/Apr/2018:22:49:23 +0200] "GET / HTTP/1.1" 200 2476 "-" "Mozilla/5.0 (compatible; bingbot/2.0; +http://www.bing.com/bingbot.htm)"
157.55.39.35 - - [30/Apr/2018:14:33:54 +0200] "GET / HTTP/1.0" 200 1915 "-" "Mozilla/5.0 (compatible; bingbot/2.0; +http://www.bing.com/bingbot.htm)"
207.46.13.62 - - [01/May/2018:01:38:26 +0200] "GET / HTTP/1.0" 200 415 "-" "Mozilla/5.0 (compatible; bingbot/2.0; +http://www.bing.com/bingbot.htm)"
157.55.39.35 - - [30/Apr/2018:14:33:54 +0200] "GET / HTTP/1.1" 200 2476 "-" "Mozilla/5.0 (compatible; bingbot/2.0; +http://www.bing.com/bingbot.htm)"
207.46.13.62 - - [01/May/2018:01:38:26 +0200] "GET / HTTP/1.1" 200 2476 "-" "Mozilla/5.0 (compatible; bingbot/2.0; +http://www.bing.com/bingbot.htm)"
207.46.13.28 - - [01/May/2018:16:20:36 +0200] "GET / HTTP/1.0" 200 415 "-" "Mozilla/5.0 (compatible; bingbot/2.0; +http://www.bing.com/bingbot.htm)"
207.46.13.70 - - [02/May/2018:03:50:28 +0200] "GET /robots.txt HTTP/1.0" 404 1487 "-" "Mozilla/5.0 (compatible; bingbot/2.0; +http://www.bing.com/bingbot.htm)"
207.46.13.70 - - [02/May/2018:03:50:30 +0200] "GET /robots.txt HTTP/1.0" 404 1487 "-" "Mozilla/5.0 (compatible; bingbot/2.0; +http://www.bing.com/bingbot.htm)"
40.77.167.176 - - [02/May/2018:03:50:34 +0200] "GET / HTTP/1.0" 200 415 "-" "Mozilla/5.0 (compatible; bingbot/2.0; +http://www.bing.com/bingbot.htm)"
207.46.13.28 - - [01/May/2018:16:20:36 +0200] "GET / HTTP/1.1" 200 2476 "-" "Mozilla/5.0 (compatible; bingbot/2.0; +http://www.bing.com/bingbot.htm)"
40.77.167.176 - - [02/May/2018:03:50:34 +0200] "GET / HTTP/1.1" 200 2476 "-" "Mozilla/5.0 (compatible; bingbot/2.0; +http://www.bing.com/bingbot.htm)"
207.46.13.38 - - [02/May/2018:16:48:08 +0200] "GET / HTTP/1.0" 200 415 "-" "Mozilla/5.0 (compatible; bingbot/2.0; +http://www.bing.com/bingbot.htm)"
54.183.165.74 - - [03/May/2018:03:09:16 +0200] "GET / HTTP/1.0" 200 1915 "-" "Mozilla/5.0 (Macintosh; Intel Mac OS X 10_12_6) AppleWebKit/537.36 (KHTML, like Gecko) Chrome/61.0.3163.100 Safari/537.36"
40.77.167.37 - - [03/May/2018:04:42:55 +0200] "GET / HTTP/1.0" 200 1915 "-" "Mozilla/5.0 (compatible; bingbot/2.0; +http://www.bing.com/bingbot.htm)"
207.46.13.38 - - [02/May/2018:16:48:08 +0200] "GET / HTTP/1.1" 200 2476 "-" "Mozilla/5.0 (compatible; bingbot/2.0; +http://www.bing.com/bingbot.htm)"
54.183.165.74 - - [03/May/2018:03:09:16 +0200] "GET / HTTP/1.1" 200 2476 "-" "Mozilla/5.0 (Macintosh; Intel Mac OS X 10_12_6) AppleWebKit/537.36 (KHTML, like Gecko) Chrome/61.0.3163.100 Safari/537.36"
40.77.167.37 - - [03/May/2018:04:42:55 +0200] "GET / HTTP/1.1" 200 2476 "-" "Mozilla/5.0 (compatible; bingbot/2.0; +http://www.bing.com/bingbot.htm)"
40.77.167.37 - - [03/May/2018:20:10:52 +0200] "GET / HTTP/1.0" 200 1915 "-" "Mozilla/5.0 (compatible; bingbot/2.0; +http://www.bing.com/bingbot.htm)"
40.77.167.37 - - [03/May/2018:20:10:52 +0200] "GET / HTTP/1.1" 200 2476 "-" "Mozilla/5.0 (compatible; bingbot/2.0; +http://www.bing.com/bingbot.htm)"
207.46.13.76 - - [04/May/2018:08:36:20 +0200] "GET /robots.txt HTTP/1.0" 404 1487 "-" "Mozilla/5.0 (compatible; bingbot/2.0; +http://www.bing.com/bingbot.htm)"
207.46.13.76 - - [04/May/2018:08:36:21 +0200] "GET /robots.txt HTTP/1.0" 404 1487 "-" "Mozilla/5.0 (compatible; bingbot/2.0; +http://www.bing.com/bingbot.htm)"
207.46.13.71 - - [04/May/2018:08:36:28 +0200] "GET / HTTP/1.0" 200 415 "-" "Mozilla/5.0 (compatible; bingbot/2.0; +http://www.bing.com/bingbot.htm)"
207.46.13.71 - - [04/May/2018:22:22:42 +0200] "GET / HTTP/1.0" 200 1915 "-" "Mozilla/5.0 (compatible; bingbot/2.0; +http://www.bing.com/bingbot.htm)"
207.46.13.71 - - [04/May/2018:08:36:28 +0200] "GET / HTTP/1.1" 200 2476 "-" "Mozilla/5.0 (compatible; bingbot/2.0; +http://www.bing.com/bingbot.htm)"
207.46.13.71 - - [04/May/2018:22:22:42 +0200] "GET / HTTP/1.1" 200 2476 "-" "Mozilla/5.0 (compatible; bingbot/2.0; +http://www.bing.com/bingbot.htm)"
207.46.13.71 - - [05/May/2018:12:57:11 +0200] "GET / HTTP/1.0" 200 415 "-" "Mozilla/5.0 (compatible; bingbot/2.0; +http://www.bing.com/bingbot.htm)"
207.46.13.71 - - [05/May/2018:20:50:07 +0200] "GET / HTTP/1.0" 200 1915 "-" "Mozilla/5.0 (compatible; bingbot/2.0; +http://www.bing.com/bingbot.htm)"
207.46.13.71 - - [05/May/2018:12:57:11 +0200] "GET / HTTP/1.1" 200 2476 "-" "Mozilla/5.0 (compatible; bingbot/2.0; +http://www.bing.com/bingbot.htm)"
207.46.13.71 - - [05/May/2018:20:50:07 +0200] "GET / HTTP/1.1" 200 2476 "-" "Mozilla/5.0 (compatible; bingbot/2.0; +http://www.bing.com/bingbot.htm)"
207.46.13.76 - - [06/May/2018:11:30:18 +0200] "GET /robots.txt HTTP/1.0" 404 2987 "-" "Mozilla/5.0 (compatible; bingbot/2.0; +http://www.bing.com/bingbot.htm)"
207.46.13.76 - - [06/May/2018:11:30:19 +0200] "GET /robots.txt HTTP/1.0" 404 1487 "-" "Mozilla/5.0 (compatible; bingbot/2.0; +http://www.bing.com/bingbot.htm)"
207.46.13.71 - - [06/May/2018:11:30:23 +0200] "GET / HTTP/1.0" 200 415 "-" "Mozilla/5.0 (compatible; bingbot/2.0; +http://www.bing.com/bingbot.htm)"
157.55.39.220 - - [07/May/2018:00:12:56 +0200] "GET / HTTP/1.0" 200 1915 "-" "Mozilla/5.0 (compatible; bingbot/2.0; +http://www.bing.com/bingbot.htm)"
207.46.13.71 - - [06/May/2018:11:30:23 +0200] "GET / HTTP/1.1" 200 2476 "-" "Mozilla/5.0 (compatible; bingbot/2.0; +http://www.bing.com/bingbot.htm)"
157.55.39.220 - - [07/May/2018:00:12:56 +0200] "GET / HTTP/1.1" 200 2476 "-" "Mozilla/5.0 (compatible; bingbot/2.0; +http://www.bing.com/bingbot.htm)"
157.55.39.220 - - [07/May/2018:14:48:54 +0200] "GET / HTTP/1.0" 200 415 "-" "Mozilla/5.0 (compatible; bingbot/2.0; +http://www.bing.com/bingbot.htm)"
54.215.254.26 - - [07/May/2018:23:40:25 +0200] "GET / HTTP/1.0" 200 1915 "-" "Mozilla/5.0 (Macintosh; Intel Mac OS X 10_12_6) AppleWebKit/537.36 (KHTML, like Gecko) Chrome/61.0.3163.100 Safari/537.36"
157.55.39.220 - - [08/May/2018:02:45:49 +0200] "GET / HTTP/1.0" 200 1915 "-" "Mozilla/5.0 (compatible; bingbot/2.0; +http://www.bing.com/bingbot.htm)"
157.55.39.220 - - [07/May/2018:14:48:54 +0200] "GET / HTTP/1.1" 200 2476 "-" "Mozilla/5.0 (compatible; bingbot/2.0; +http://www.bing.com/bingbot.htm)"
54.215.254.26 - - [07/May/2018:23:40:25 +0200] "GET / HTTP/1.1" 200 2476 "-" "Mozilla/5.0 (Macintosh; Intel Mac OS X 10_12_6) AppleWebKit/537.36 (KHTML, like Gecko) Chrome/61.0.3163.100 Safari/537.36"
157.55.39.220 - - [08/May/2018:02:45:49 +0200] "GET / HTTP/1.1" 200 2476 "-" "Mozilla/5.0 (compatible; bingbot/2.0; +http://www.bing.com/bingbot.htm)"
157.55.39.21 - - [08/May/2018:17:39:54 +0200] "GET /robots.txt HTTP/1.0" 404 2987 "-" "Mozilla/5.0 (compatible; bingbot/2.0; +http://www.bing.com/bingbot.htm)"
157.55.39.21 - - [08/May/2018:17:39:55 +0200] "GET /robots.txt HTTP/1.0" 404 1487 "-" "Mozilla/5.0 (compatible; bingbot/2.0; +http://www.bing.com/bingbot.htm)"
157.55.39.220 - - [08/May/2018:17:39:58 +0200] "GET / HTTP/1.0" 200 415 "-" "Mozilla/5.0 (compatible; bingbot/2.0; +http://www.bing.com/bingbot.htm)"
157.55.39.220 - - [09/May/2018:05:21:32 +0200] "GET / HTTP/1.0" 200 1915 "-" "Mozilla/5.0 (compatible; bingbot/2.0; +http://www.bing.com/bingbot.htm)"
157.55.39.220 - - [08/May/2018:17:39:58 +0200] "GET / HTTP/1.1" 200 2476 "-" "Mozilla/5.0 (compatible; bingbot/2.0; +http://www.bing.com/bingbot.htm)"
157.55.39.220 - - [09/May/2018:05:21:32 +0200] "GET / HTTP/1.1" 200 2476 "-" "Mozilla/5.0 (compatible; bingbot/2.0; +http://www.bing.com/bingbot.htm)"
157.55.39.140 - - [09/May/2018:06:53:25 +0200] "GET / HTTP/1.0" 200 1915 "-" "Mozilla/5.0 (compatible; bingbot/2.0; +http://www.bing.com/bingbot.htm)"
157.55.39.140 - - [09/May/2018:15:05:33 +0200] "GET / HTTP/1.0" 200 1915 "-" "Mozilla/5.0 (compatible; bingbot/2.0; +http://www.bing.com/bingbot.htm)"
157.55.39.140 - - [10/May/2018:03:03:00 +0200] "GET / HTTP/1.0" 200 1915 "-" "Mozilla/5.0 (compatible; bingbot/2.0; +http://www.bing.com/bingbot.htm)"
157.55.39.140 - - [09/May/2018:06:53:25 +0200] "GET / HTTP/1.1" 304 0 "-" "Mozilla/5.0 (compatible; bingbot/2.0; +http://www.bing.com/bingbot.htm)"
157.55.39.140 - - [09/May/2018:15:05:33 +0200] "GET / HTTP/1.1" 200 2476 "-" "Mozilla/5.0 (compatible; bingbot/2.0; +http://www.bing.com/bingbot.htm)"
157.55.39.140 - - [10/May/2018:03:03:00 +0200] "GET / HTTP/1.1" 200 2476 "-" "Mozilla/5.0 (compatible; bingbot/2.0; +http://www.bing.com/bingbot.htm)"
157.55.39.52 - - [10/May/2018:18:19:19 +0200] "GET /robots.txt HTTP/1.0" 404 2987 "-" "Mozilla/5.0 (compatible; bingbot/2.0; +http://www.bing.com/bingbot.htm)"
157.55.39.52 - - [10/May/2018:18:19:23 +0200] "GET /robots.txt HTTP/1.0" 404 1487 "-" "Mozilla/5.0 (compatible; bingbot/2.0; +http://www.bing.com/bingbot.htm)"
40.77.167.63 - - [10/May/2018:18:19:34 +0200] "GET / HTTP/1.0" 200 415 "-" "Mozilla/5.0 (compatible; bingbot/2.0; +http://www.bing.com/bingbot.htm)"
40.77.167.63 - - [10/May/2018:18:19:34 +0200] "GET / HTTP/1.1" 200 2476 "-" "Mozilla/5.0 (compatible; bingbot/2.0; +http://www.bing.com/bingbot.htm)"
207.46.13.80 - - [11/May/2018:06:33:10 +0200] "GET / HTTP/1.0" 200 1915 "-" "Mozilla/5.0 (compatible; bingbot/2.0; +http://www.bing.com/bingbot.htm)"
191.96.249.12 - - [11/May/2018:19:48:02 +0200] "GET /plugins/content/plugin_googlemap2_proxy.php?url= HTTP/1.0" 404 2987 "-" "Mozilla/5.0 zgrab/0.x"
191.96.249.12 - - [11/May/2018:20:47:13 +0200] "GET /plugins/system/plugin_googlemap2_proxy.php?url= HTTP/1.0" 404 2987 "-" "Mozilla/5.0 zgrab/0.x"
207.46.13.139 - - [11/May/2018:21:02:41 +0200] "GET / HTTP/1.0" 200 1915 "-" "Mozilla/5.0 (compatible; bingbot/2.0; +http://www.bing.com/bingbot.htm)"
191.96.249.12 - - [11/May/2018:21:41:00 +0200] "GET /plugins/system/plugin_googlemap2/plugin_googlemap2_proxy.php?url= HTTP/1.0" 404 2987 "-" "Mozilla/5.0 zgrab/0.x"
54.215.254.26 - - [12/May/2018:05:39:18 +0200] "GET / HTTP/1.0" 200 415 "-" "Mozilla/5.0 (Macintosh; Intel Mac OS X 10_12_6) AppleWebKit/537.36 (KHTML, like Gecko) Chrome/61.0.3163.100 Safari/537.36"
207.46.13.80 - - [11/May/2018:06:33:10 +0200] "GET / HTTP/1.1" 200 2476 "-" "Mozilla/5.0 (compatible; bingbot/2.0; +http://www.bing.com/bingbot.htm)"
207.46.13.139 - - [11/May/2018:21:02:41 +0200] "GET / HTTP/1.1" 200 2476 "-" "Mozilla/5.0 (compatible; bingbot/2.0; +http://www.bing.com/bingbot.htm)"
54.215.254.26 - - [12/May/2018:05:39:18 +0200] "GET / HTTP/1.1" 200 2476 "-" "Mozilla/5.0 (Macintosh; Intel Mac OS X 10_12_6) AppleWebKit/537.36 (KHTML, like Gecko) Chrome/61.0.3163.100 Safari/537.36"
207.46.13.120 - - [12/May/2018:10:03:48 +0200] "GET / HTTP/1.0" 200 1915 "-" "Mozilla/5.0 (compatible; bingbot/2.0; +http://www.bing.com/bingbot.htm)"
157.55.39.22 - - [12/May/2018:23:33:09 +0200] "GET /robots.txt HTTP/1.0" 404 2987 "-" "Mozilla/5.0 (compatible; bingbot/2.0; +http://www.bing.com/bingbot.htm)"
157.55.39.22 - - [12/May/2018:23:33:09 +0200] "GET /robots.txt HTTP/1.0" 404 1487 "-" "Mozilla/5.0 (compatible; bingbot/2.0; +http://www.bing.com/bingbot.htm)"
40.77.167.18 - - [12/May/2018:23:33:14 +0200] "GET / HTTP/1.0" 200 415 "-" "Mozilla/5.0 (compatible; bingbot/2.0; +http://www.bing.com/bingbot.htm)"
207.46.13.120 - - [12/May/2018:10:03:48 +0200] "GET / HTTP/1.1" 200 2476 "-" "Mozilla/5.0 (compatible; bingbot/2.0; +http://www.bing.com/bingbot.htm)"
40.77.167.18 - - [12/May/2018:23:33:14 +0200] "GET / HTTP/1.1" 200 2476 "-" "Mozilla/5.0 (compatible; bingbot/2.0; +http://www.bing.com/bingbot.htm)"
207.46.13.190 - - [13/May/2018:14:28:15 +0200] "GET / HTTP/1.0" 200 415 "-" "Mozilla/5.0 (compatible; bingbot/2.0; +http://www.bing.com/bingbot.htm)"
207.46.13.190 - - [14/May/2018:02:14:33 +0200] "GET / HTTP/1.0" 200 1915 "-" "Mozilla/5.0 (compatible; bingbot/2.0; +http://www.bing.com/bingbot.htm)"
207.46.13.190 - - [13/May/2018:14:28:15 +0200] "GET / HTTP/1.1" 200 2476 "-" "Mozilla/5.0 (compatible; bingbot/2.0; +http://www.bing.com/bingbot.htm)"
207.46.13.190 - - [14/May/2018:02:14:33 +0200] "GET / HTTP/1.1" 200 2476 "-" "Mozilla/5.0 (compatible; bingbot/2.0; +http://www.bing.com/bingbot.htm)"
37.58.58.230 - - [14/May/2018:08:16:22 +0200] "HEAD / HTTP/1.0" 200 142 "-" "\"Mozilla/5.0 (Macintosh; Intel Mac OS X 10_13) AppleWebKit/604.1.38 (KHTML, like Gecko) Version/11.0 Safari/604.1.38\""
37.58.58.230 - - [14/May/2018:08:16:22 +0200] "GET / HTTP/1.0" 200 415 "-" "\"Mozilla/5.0 (Macintosh; Intel Mac OS X 10_13) AppleWebKit/604.1.38 (KHTML, like Gecko) Version/11.0 Safari/604.1.38\""
37.58.58.230 - - [14/May/2018:08:16:22 +0200] "GET /robots.txt HTTP/1.0" 404 1487 "-" "\"Mozilla/5.0 (Macintosh; Intel Mac OS X 10_13) AppleWebKit/604.1.38 (KHTML, like Gecko) Version/11.0 Safari/604.1.38\""
37.58.58.230 - - [14/May/2018:08:16:22 +0200] "HEAD /favicon.ico HTTP/1.0" 200 142 "https://appslacoop.fr/" "\"Mozilla/5.0 (Macintosh; Intel Mac OS X 10_13) AppleWebKit/604.1.38 (KHTML, like Gecko) Version/11.0 Safari/604.1.38\""
37.58.58.230 - - [14/May/2018:08:16:22 +0200] "HEAD /css/style.css HTTP/1.0" 404 142 "https://appslacoop.fr/" "\"Mozilla/5.0 (Macintosh; Intel Mac OS X 10_13) AppleWebKit/604.1.38 (KHTML, like Gecko) Version/11.0 Safari/604.1.38\""
37.58.58.230 - - [14/May/2018:08:16:22 +0200] "HEAD /img/panel-logo.png HTTP/1.0" 404 142 "https://appslacoop.fr/" "\"Mozilla/5.0 (Macintosh; Intel Mac OS X 10_13) AppleWebKit/604.1.38 (KHTML, like Gecko) Version/11.0 Safari/604.1.38\""
37.58.58.230 - - [14/May/2018:08:16:22 +0200] "HEAD /img/parallels-logo.png HTTP/1.0" 404 142 "https://appslacoop.fr/" "\"Mozilla/5.0 (Macintosh; Intel Mac OS X 10_13) AppleWebKit/604.1.38 (KHTML, like Gecko) Version/11.0 Safari/604.1.38\""
207.46.13.192 - - [15/May/2018:04:11:20 +0200] "GET /robots.txt HTTP/1.0" 404 2987 "-" "Mozilla/5.0 (compatible; bingbot/2.0; +http://www.bing.com/bingbot.htm)"
207.46.13.192 - - [15/May/2018:04:11:22 +0200] "GET /robots.txt HTTP/1.0" 404 1487 "-" "Mozilla/5.0 (compatible; bingbot/2.0; +http://www.bing.com/bingbot.htm)"
207.46.13.102 - - [15/May/2018:04:11:29 +0200] "GET / HTTP/1.0" 200 415 "-" "Mozilla/5.0 (compatible; bingbot/2.0; +http://www.bing.com/bingbot.htm)"
37.58.58.230 - - [14/May/2018:08:16:22 +0200] "GET / HTTP/1.1" 200 2476 "-" "\x22Mozilla/5.0 (Macintosh; Intel Mac OS X 10_13) AppleWebKit/604.1.38 (KHTML, like Gecko) Version/11.0 Safari/604.1.38\x22"
207.46.13.102 - - [15/May/2018:04:11:29 +0200] "GET / HTTP/1.1" 200 2476 "-" "Mozilla/5.0 (compatible; bingbot/2.0; +http://www.bing.com/bingbot.htm)"
157.55.39.148 - - [15/May/2018:18:53:49 +0200] "GET / HTTP/1.0" 200 1915 "-" "Mozilla/5.0 (compatible; bingbot/2.0; +http://www.bing.com/bingbot.htm)"
37.58.58.230 - - [15/May/2018:19:31:31 +0200] "HEAD / HTTP/1.0" 200 1642 "-" "\"Mozilla/5.0 (Macintosh; Intel Mac OS X 10_11_6) AppleWebKit/604.1.38 (KHTML, like Gecko) Version/11.0 Safari/604.1.38\""
37.58.58.230 - - [15/May/2018:19:31:31 +0200] "GET / HTTP/1.0" 200 415 "-" "\"Mozilla/5.0 (Macintosh; Intel Mac OS X 10_11_6) AppleWebKit/604.1.38 (KHTML, like Gecko) Version/11.0 Safari/604.1.38\""
37.58.58.230 - - [15/May/2018:19:31:31 +0200] "GET /robots.txt HTTP/1.0" 404 1487 "-" "\"Mozilla/5.0 (Macintosh; Intel Mac OS X 10_11_6) AppleWebKit/604.1.38 (KHTML, like Gecko) Version/11.0 Safari/604.1.38\""
37.58.58.230 - - [15/May/2018:19:31:31 +0200] "HEAD /favicon.ico HTTP/1.0" 200 142 "https://appslacoop.fr/" "\"Mozilla/5.0 (Macintosh; Intel Mac OS X 10_11_6) AppleWebKit/604.1.38 (KHTML, like Gecko) Version/11.0 Safari/604.1.38\""
37.58.58.230 - - [15/May/2018:19:31:31 +0200] "HEAD /css/style.css HTTP/1.0" 404 142 "https://appslacoop.fr/" "\"Mozilla/5.0 (Macintosh; Intel Mac OS X 10_11_6) AppleWebKit/604.1.38 (KHTML, like Gecko) Version/11.0 Safari/604.1.38\""
37.58.58.230 - - [15/May/2018:19:31:31 +0200] "HEAD /img/panel-logo.png HTTP/1.0" 404 142 "https://appslacoop.fr/" "\"Mozilla/5.0 (Macintosh; Intel Mac OS X 10_11_6) AppleWebKit/604.1.38 (KHTML, like Gecko) Version/11.0 Safari/604.1.38\""
37.58.58.230 - - [15/May/2018:19:31:31 +0200] "HEAD /img/parallels-logo.png HTTP/1.0" 404 142 "https://appslacoop.fr/" "\"Mozilla/5.0 (Macintosh; Intel Mac OS X 10_11_6) AppleWebKit/604.1.38 (KHTML, like Gecko) Version/11.0 Safari/604.1.38\""
54.215.254.26 - - [16/May/2018:01:10:50 +0200] "GET / HTTP/1.0" 200 415 "-" "Mozilla/5.0 (Macintosh; Intel Mac OS X 10_12_6) AppleWebKit/537.36 (KHTML, like Gecko) Chrome/61.0.3163.100 Safari/537.36"
157.55.39.148 - - [15/May/2018:18:53:49 +0200] "GET / HTTP/1.1" 200 2476 "-" "Mozilla/5.0 (compatible; bingbot/2.0; +http://www.bing.com/bingbot.htm)"
37.58.58.230 - - [15/May/2018:19:31:31 +0200] "GET / HTTP/1.1" 200 2476 "-" "\x22Mozilla/5.0 (Macintosh; Intel Mac OS X 10_11_6) AppleWebKit/604.1.38 (KHTML, like Gecko) Version/11.0 Safari/604.1.38\x22"
54.215.254.26 - - [16/May/2018:01:10:50 +0200] "GET / HTTP/1.1" 200 2476 "-" "Mozilla/5.0 (Macintosh; Intel Mac OS X 10_12_6) AppleWebKit/537.36 (KHTML, like Gecko) Chrome/61.0.3163.100 Safari/537.36"
207.46.13.154 - - [16/May/2018:10:41:19 +0200] "GET / HTTP/1.0" 200 415 "-" "Mozilla/5.0 (compatible; bingbot/2.0; +http://www.bing.com/bingbot.htm)"
207.46.13.111 - - [16/May/2018:23:15:24 +0200] "GET / HTTP/1.0" 200 415 "-" "Mozilla/5.0 (compatible; bingbot/2.0; +http://www.bing.com/bingbot.htm)"
207.46.13.154 - - [16/May/2018:10:41:19 +0200] "GET / HTTP/1.1" 200 2476 "-" "Mozilla/5.0 (compatible; bingbot/2.0; +http://www.bing.com/bingbot.htm)"
207.46.13.111 - - [16/May/2018:23:15:24 +0200] "GET / HTTP/1.1" 200 2476 "-" "Mozilla/5.0 (compatible; bingbot/2.0; +http://www.bing.com/bingbot.htm)"
207.46.13.204 - - [17/May/2018:12:59:31 +0200] "GET /robots.txt HTTP/1.0" 404 1487 "-" "Mozilla/5.0 (compatible; bingbot/2.0; +http://www.bing.com/bingbot.htm)"
207.46.13.204 - - [17/May/2018:12:59:33 +0200] "GET /robots.txt HTTP/1.0" 404 1487 "-" "Mozilla/5.0 (compatible; bingbot/2.0; +http://www.bing.com/bingbot.htm)"
207.46.13.156 - - [17/May/2018:12:59:37 +0200] "GET / HTTP/1.0" 200 415 "-" "Mozilla/5.0 (compatible; bingbot/2.0; +http://www.bing.com/bingbot.htm)"
207.46.13.99 - - [18/May/2018:00:54:59 +0200] "GET / HTTP/1.0" 200 415 "-" "Mozilla/5.0 (compatible; bingbot/2.0; +http://www.bing.com/bingbot.htm)"
207.46.13.156 - - [17/May/2018:12:59:37 +0200] "GET / HTTP/1.1" 200 2476 "-" "Mozilla/5.0 (compatible; bingbot/2.0; +http://www.bing.com/bingbot.htm)"
207.46.13.99 - - [18/May/2018:00:54:59 +0200] "GET / HTTP/1.1" 200 2476 "-" "Mozilla/5.0 (compatible; bingbot/2.0; +http://www.bing.com/bingbot.htm)"
157.55.39.114 - - [18/May/2018:15:16:25 +0200] "GET / HTTP/1.0" 200 415 "-" "Mozilla/5.0 (compatible; bingbot/2.0; +http://www.bing.com/bingbot.htm)"
157.55.39.114 - - [19/May/2018:02:33:54 +0200] "GET / HTTP/1.0" 200 1915 "-" "Mozilla/5.0 (compatible; bingbot/2.0; +http://www.bing.com/bingbot.htm)"
157.55.39.114 - - [18/May/2018:15:16:25 +0200] "GET / HTTP/1.1" 200 2476 "-" "Mozilla/5.0 (compatible; bingbot/2.0; +http://www.bing.com/bingbot.htm)"
157.55.39.114 - - [19/May/2018:02:33:54 +0200] "GET / HTTP/1.1" 200 2476 "-" "Mozilla/5.0 (compatible; bingbot/2.0; +http://www.bing.com/bingbot.htm)"
157.55.39.27 - - [19/May/2018:23:10:48 +0200] "GET /robots.txt HTTP/1.0" 404 2987 "-" "Mozilla/5.0 (compatible; bingbot/2.0; +http://www.bing.com/bingbot.htm)"
157.55.39.27 - - [19/May/2018:23:10:54 +0200] "GET /robots.txt HTTP/1.0" 404 1487 "-" "Mozilla/5.0 (compatible; bingbot/2.0; +http://www.bing.com/bingbot.htm)"
157.55.39.59 - - [19/May/2018:23:10:59 +0200] "GET / HTTP/1.0" 200 415 "-" "Mozilla/5.0 (compatible; bingbot/2.0; +http://www.bing.com/bingbot.htm)"
157.55.39.59 - - [19/May/2018:23:10:59 +0200] "GET / HTTP/1.1" 200 2476 "-" "Mozilla/5.0 (compatible; bingbot/2.0; +http://www.bing.com/bingbot.htm)"
157.55.39.175 - - [20/May/2018:13:48:13 +0200] "GET / HTTP/1.0" 200 415 "-" "Mozilla/5.0 (compatible; bingbot/2.0; +http://www.bing.com/bingbot.htm)"
157.55.39.175 - - [20/May/2018:13:48:13 +0200] "GET / HTTP/1.1" 200 2476 "-" "Mozilla/5.0 (compatible; bingbot/2.0; +http://www.bing.com/bingbot.htm)"
207.46.13.197 - - [22/May/2018:19:11:01 +0200] "GET /robots.txt HTTP/1.0" 404 2987 "-" "Mozilla/5.0 (compatible; bingbot/2.0; +http://www.bing.com/bingbot.htm)"
207.46.13.197 - - [22/May/2018:19:11:02 +0200] "GET /robots.txt HTTP/1.0" 404 1487 "-" "Mozilla/5.0 (compatible; bingbot/2.0; +http://www.bing.com/bingbot.htm)"
207.46.13.89 - - [22/May/2018:19:11:08 +0200] "GET / HTTP/1.0" 200 415 "-" "Mozilla/5.0 (compatible; bingbot/2.0; +http://www.bing.com/bingbot.htm)"
54.215.254.26 - - [22/May/2018:20:18:58 +0200] "GET / HTTP/1.0" 200 1915 "-" "Mozilla/5.0 (Macintosh; Intel Mac OS X 10_12_6) AppleWebKit/537.36 (KHTML, like Gecko) Chrome/61.0.3163.100 Safari/537.36"
207.46.13.78 - - [23/May/2018:04:31:53 +0200] "GET / HTTP/1.0" 200 1915 "-" "Mozilla/5.0 (compatible; bingbot/2.0; +http://www.bing.com/bingbot.htm)"
207.46.13.89 - - [22/May/2018:19:11:08 +0200] "GET / HTTP/1.1" 200 2476 "-" "Mozilla/5.0 (compatible; bingbot/2.0; +http://www.bing.com/bingbot.htm)"
54.215.254.26 - - [22/May/2018:20:18:58 +0200] "GET / HTTP/1.1" 200 2476 "-" "Mozilla/5.0 (Macintosh; Intel Mac OS X 10_12_6) AppleWebKit/537.36 (KHTML, like Gecko) Chrome/61.0.3163.100 Safari/537.36"
207.46.13.78 - - [23/May/2018:04:31:53 +0200] "GET / HTTP/1.1" 200 2476 "-" "Mozilla/5.0 (compatible; bingbot/2.0; +http://www.bing.com/bingbot.htm)"
54.215.254.26 - - [25/May/2018:18:43:28 +0200] "GET / HTTP/1.0" 200 415 "-" "Mozilla/5.0 (Macintosh; Intel Mac OS X 10_12_6) AppleWebKit/537.36 (KHTML, like Gecko) Chrome/61.0.3163.100 Safari/537.36"
54.215.254.26 - - [25/May/2018:18:43:28 +0200] "GET / HTTP/1.1" 200 2476 "-" "Mozilla/5.0 (Macintosh; Intel Mac OS X 10_12_6) AppleWebKit/537.36 (KHTML, like Gecko) Chrome/61.0.3163.100 Safari/537.36"
207.46.13.70 - - [26/May/2018:23:22:19 +0200] "GET /robots.txt HTTP/1.0" 404 1487 "-" "Mozilla/5.0 (compatible; bingbot/2.0; +http://www.bing.com/bingbot.htm)"
207.46.13.70 - - [26/May/2018:23:22:20 +0200] "GET /robots.txt HTTP/1.0" 404 1487 "-" "Mozilla/5.0 (compatible; bingbot/2.0; +http://www.bing.com/bingbot.htm)"
207.46.13.139 - - [26/May/2018:23:22:24 +0200] "GET / HTTP/1.0" 200 415 "-" "Mozilla/5.0 (compatible; bingbot/2.0; +http://www.bing.com/bingbot.htm)"
91.191.250.66 - - [27/May/2018:04:33:58 +0200] "GET / HTTP/1.0" 200 1915 "-" "Mozilla/5.0 (Windows NT 6.1; WOW64; rv:55.0) Gecko/20100101 Firefox/55.0"
185.220.101.25 - - [27/May/2018:04:34:00 +0200] "GET /adminer.php HTTP/1.0" 404 400 "-" "Mozilla/5.0 (Windows NT 6.1; WOW64; rv:55.0) Gecko/20100101 Firefox/55.0"
185.220.101.25 - - [27/May/2018:04:34:02 +0200] "GET /adm.php HTTP/1.0" 404 400 "-" "Mozilla/5.0 (Windows NT 6.1; WOW64; rv:55.0) Gecko/20100101 Firefox/55.0"
185.220.101.25 - - [27/May/2018:04:34:04 +0200] "GET /.git/index HTTP/1.0" 404 1487 "-" "Mozilla/5.0 (Windows NT 6.1; WOW64; rv:55.0) Gecko/20100101 Firefox/55.0"
94.142.242.84 - - [27/May/2018:04:34:05 +0200] "GET /.svn/wc.db HTTP/1.0" 404 1487 "-" "Mozilla/5.0 (Windows NT 6.1; WOW64; rv:55.0) Gecko/20100101 Firefox/55.0"
94.142.242.84 - - [27/May/2018:04:34:06 +0200] "GET /.hg/dirstate HTTP/1.0" 404 1487 "-" "Mozilla/5.0 (Windows NT 6.1; WOW64; rv:55.0) Gecko/20100101 Firefox/55.0"
207.46.13.139 - - [26/May/2018:23:22:24 +0200] "GET / HTTP/1.1" 200 2476 "-" "Mozilla/5.0 (compatible; bingbot/2.0; +http://www.bing.com/bingbot.htm)"
91.191.250.66 - - [27/May/2018:04:33:58 +0200] "GET / HTTP/1.1" 200 2476 "-" "Mozilla/5.0 (Windows NT 6.1; WOW64; rv:55.0) Gecko/20100101 Firefox/55.0"
207.46.13.139 - - [27/May/2018:13:16:32 +0200] "GET / HTTP/1.0" 200 415 "-" "Mozilla/5.0 (compatible; bingbot/2.0; +http://www.bing.com/bingbot.htm)"
207.46.13.139 - - [28/May/2018:01:46:18 +0200] "GET / HTTP/1.0" 200 1915 "-" "Mozilla/5.0 (compatible; bingbot/2.0; +http://www.bing.com/bingbot.htm)"
207.46.13.139 - - [27/May/2018:13:16:32 +0200] "GET / HTTP/1.1" 200 2476 "-" "Mozilla/5.0 (compatible; bingbot/2.0; +http://www.bing.com/bingbot.htm)"
207.46.13.139 - - [28/May/2018:01:46:18 +0200] "GET / HTTP/1.1" 200 2476 "-" "Mozilla/5.0 (compatible; bingbot/2.0; +http://www.bing.com/bingbot.htm)"
207.46.13.51 - - [28/May/2018:16:28:40 +0200] "GET / HTTP/1.0" 200 1915 "-" "Mozilla/5.0 (compatible; bingbot/2.0; +http://www.bing.com/bingbot.htm)"
54.215.254.26 - - [28/May/2018:16:41:31 +0200] "GET / HTTP/1.0" 200 415 "-" "Mozilla/5.0 (Macintosh; Intel Mac OS X 10_12_6) AppleWebKit/537.36 (KHTML, like Gecko) Chrome/61.0.3163.100 Safari/537.36"
207.46.13.45 - - [29/May/2018:04:04:21 +0200] "GET /robots.txt HTTP/1.0" 404 2987 "-" "Mozilla/5.0 (compatible; bingbot/2.0; +http://www.bing.com/bingbot.htm)"
207.46.13.45 - - [29/May/2018:04:04:23 +0200] "GET /robots.txt HTTP/1.0" 404 1487 "-" "Mozilla/5.0 (compatible; bingbot/2.0; +http://www.bing.com/bingbot.htm)"
207.46.13.51 - - [29/May/2018:04:05:30 +0200] "GET / HTTP/1.0" 200 415 "-" "Mozilla/5.0 (compatible; bingbot/2.0; +http://www.bing.com/bingbot.htm)"
207.46.13.51 - - [28/May/2018:16:28:40 +0200] "GET / HTTP/1.1" 200 2476 "-" "Mozilla/5.0 (compatible; bingbot/2.0; +http://www.bing.com/bingbot.htm)"
54.215.254.26 - - [28/May/2018:16:41:31 +0200] "GET / HTTP/1.1" 200 2476 "-" "Mozilla/5.0 (Macintosh; Intel Mac OS X 10_12_6) AppleWebKit/537.36 (KHTML, like Gecko) Chrome/61.0.3163.100 Safari/537.36"
207.46.13.51 - - [29/May/2018:04:05:30 +0200] "GET / HTTP/1.1" 200 2476 "-" "Mozilla/5.0 (compatible; bingbot/2.0; +http://www.bing.com/bingbot.htm)"
40.77.167.85 - - [30/May/2018:06:54:56 +0200] "GET / HTTP/1.0" 200 1915 "-" "Mozilla/5.0 (compatible; bingbot/2.0; +http://www.bing.com/bingbot.htm)"
37.58.58.231 - - [30/May/2018:11:21:07 +0200] "HEAD / HTTP/1.0" 200 1642 "-" "\"Mozilla/5.0 (Windows NT 6.3; WOW64; rv:56.0) Gecko/20100101 Firefox/56.0\""
37.58.58.231 - - [30/May/2018:11:21:07 +0200] "GET / HTTP/1.0" 200 415 "-" "\"Mozilla/5.0 (Windows NT 6.3; WOW64; rv:56.0) Gecko/20100101 Firefox/56.0\""
37.58.58.231 - - [30/May/2018:11:21:07 +0200] "GET /robots.txt HTTP/1.0" 404 1487 "-" "\"Mozilla/5.0 (Windows NT 6.3; WOW64; rv:56.0) Gecko/20100101 Firefox/56.0\""
37.58.58.231 - - [30/May/2018:11:21:07 +0200] "HEAD /favicon.ico HTTP/1.0" 200 142 "https://appslacoop.fr/" "\"Mozilla/5.0 (Windows NT 6.3; WOW64; rv:56.0) Gecko/20100101 Firefox/56.0\""
37.58.58.231 - - [30/May/2018:11:21:07 +0200] "HEAD /css/style.css HTTP/1.0" 404 142 "https://appslacoop.fr/" "\"Mozilla/5.0 (Windows NT 6.3; WOW64; rv:56.0) Gecko/20100101 Firefox/56.0\""
37.58.58.231 - - [30/May/2018:11:21:07 +0200] "HEAD /img/panel-logo.png HTTP/1.0" 404 142 "https://appslacoop.fr/" "\"Mozilla/5.0 (Windows NT 6.3; WOW64; rv:56.0) Gecko/20100101 Firefox/56.0\""
37.58.58.231 - - [30/May/2018:11:21:08 +0200] "HEAD /img/parallels-logo.png HTTP/1.0" 404 142 "https://appslacoop.fr/" "\"Mozilla/5.0 (Windows NT 6.3; WOW64; rv:56.0) Gecko/20100101 Firefox/56.0\""
40.77.167.85 - - [30/May/2018:06:54:56 +0200] "GET / HTTP/1.1" 200 2476 "-" "Mozilla/5.0 (compatible; bingbot/2.0; +http://www.bing.com/bingbot.htm)"
37.58.58.231 - - [30/May/2018:11:21:07 +0200] "GET / HTTP/1.1" 200 2476 "-" "\x22Mozilla/5.0 (Windows NT 6.3; WOW64; rv:56.0) Gecko/20100101 Firefox/56.0\x22"
37.58.58.231 - - [31/May/2018:09:23:45 +0200] "HEAD / HTTP/1.0" 200 142 "-" "\"Mozilla/5.0 (iPad; CPU OS 11_0_3 like Mac OS X) AppleWebKit/604.1.38 (KHTML, like Gecko) Version/11.0 Mobile/15A432 Safari/604.1\""
37.58.58.231 - - [31/May/2018:09:23:46 +0200] "GET / HTTP/1.0" 200 415 "-" "\"Mozilla/5.0 (iPad; CPU OS 11_0_3 like Mac OS X) AppleWebKit/604.1.38 (KHTML, like Gecko) Version/11.0 Mobile/15A432 Safari/604.1\""
37.58.58.231 - - [31/May/2018:09:23:46 +0200] "GET /robots.txt HTTP/1.0" 404 1487 "-" "\"Mozilla/5.0 (iPad; CPU OS 11_0_3 like Mac OS X) AppleWebKit/604.1.38 (KHTML, like Gecko) Version/11.0 Mobile/15A432 Safari/604.1\""
37.58.58.231 - - [31/May/2018:09:23:46 +0200] "HEAD /favicon.ico HTTP/1.0" 200 142 "https://appslacoop.fr/" "\"Mozilla/5.0 (iPad; CPU OS 11_0_3 like Mac OS X) AppleWebKit/604.1.38 (KHTML, like Gecko) Version/11.0 Mobile/15A432 Safari/604.1\""
37.58.58.231 - - [31/May/2018:09:23:46 +0200] "HEAD /css/style.css HTTP/1.0" 404 142 "https://appslacoop.fr/" "\"Mozilla/5.0 (iPad; CPU OS 11_0_3 like Mac OS X) AppleWebKit/604.1.38 (KHTML, like Gecko) Version/11.0 Mobile/15A432 Safari/604.1\""
37.58.58.231 - - [31/May/2018:09:23:46 +0200] "HEAD /img/panel-logo.png HTTP/1.0" 404 142 "https://appslacoop.fr/" "\"Mozilla/5.0 (iPad; CPU OS 11_0_3 like Mac OS X) AppleWebKit/604.1.38 (KHTML, like Gecko) Version/11.0 Mobile/15A432 Safari/604.1\""
37.58.58.231 - - [31/May/2018:09:23:46 +0200] "HEAD /img/parallels-logo.png HTTP/1.0" 404 142 "https://appslacoop.fr/" "\"Mozilla/5.0 (iPad; CPU OS 11_0_3 like Mac OS X) AppleWebKit/604.1.38 (KHTML, like Gecko) Version/11.0 Mobile/15A432 Safari/604.1\""
54.215.254.26 - - [31/May/2018:15:05:42 +0200] "GET / HTTP/1.0" 200 415 "-" "Mozilla/5.0 (Macintosh; Intel Mac OS X 10_12_6) AppleWebKit/537.36 (KHTML, like Gecko) Chrome/61.0.3163.100 Safari/537.36"
37.58.58.231 - - [31/May/2018:09:23:46 +0200] "GET / HTTP/1.1" 200 2476 "-" "\x22Mozilla/5.0 (iPad; CPU OS 11_0_3 like Mac OS X) AppleWebKit/604.1.38 (KHTML, like Gecko) Version/11.0 Mobile/15A432 Safari/604.1\x22"
54.215.254.26 - - [31/May/2018:15:05:42 +0200] "GET / HTTP/1.1" 200 2476 "-" "Mozilla/5.0 (Macintosh; Intel Mac OS X 10_12_6) AppleWebKit/537.36 (KHTML, like Gecko) Chrome/61.0.3163.100 Safari/537.36"
207.46.13.70 - - [01/Jun/2018:15:17:27 +0200] "GET /robots.txt HTTP/1.0" 404 1487 "-" "Mozilla/5.0 (compatible; bingbot/2.0; +http://www.bing.com/bingbot.htm)"
207.46.13.70 - - [01/Jun/2018:15:17:32 +0200] "GET /robots.txt HTTP/1.0" 404 1487 "-" "Mozilla/5.0 (compatible; bingbot/2.0; +http://www.bing.com/bingbot.htm)"
40.77.167.33 - - [01/Jun/2018:15:17:38 +0200] "GET / HTTP/1.0" 200 415 "-" "Mozilla/5.0 (compatible; bingbot/2.0; +http://www.bing.com/bingbot.htm)"
207.46.13.20 - - [01/Jun/2018:22:54:43 +0200] "GET / HTTP/1.0" 200 415 "-" "Mozilla/5.0 (compatible; bingbot/2.0; +http://www.bing.com/bingbot.htm)"
40.77.167.33 - - [01/Jun/2018:15:17:38 +0200] "GET / HTTP/1.1" 200 2476 "-" "Mozilla/5.0 (compatible; bingbot/2.0; +http://www.bing.com/bingbot.htm)"
207.46.13.20 - - [01/Jun/2018:22:54:43 +0200] "GET / HTTP/1.1" 200 2476 "-" "Mozilla/5.0 (compatible; bingbot/2.0; +http://www.bing.com/bingbot.htm)"
207.46.13.228 - - [02/Jun/2018:11:56:53 +0200] "GET / HTTP/1.0" 200 1915 "-" "Mozilla/5.0 (compatible; bingbot/2.0; +http://www.bing.com/bingbot.htm)"
207.46.13.228 - - [02/Jun/2018:11:56:53 +0200] "GET / HTTP/1.1" 200 2476 "-" "Mozilla/5.0 (compatible; bingbot/2.0; +http://www.bing.com/bingbot.htm)"
54.215.254.26 - - [03/Jun/2018:13:31:36 +0200] "GET / HTTP/1.0" 200 415 "-" "Mozilla/5.0 (Macintosh; Intel Mac OS X 10_12_6) AppleWebKit/537.36 (KHTML, like Gecko) Chrome/61.0.3163.100 Safari/537.36"
157.55.39.48 - - [03/Jun/2018:15:20:47 +0200] "GET /robots.txt HTTP/1.0" 404 1487 "-" "Mozilla/5.0 (compatible; bingbot/2.0; +http://www.bing.com/bingbot.htm)"
157.55.39.48 - - [03/Jun/2018:15:20:49 +0200] "GET /robots.txt HTTP/1.0" 404 1487 "-" "Mozilla/5.0 (compatible; bingbot/2.0; +http://www.bing.com/bingbot.htm)"
157.55.39.4 - - [03/Jun/2018:15:20:54 +0200] "GET / HTTP/1.0" 200 415 "-" "Mozilla/5.0 (compatible; bingbot/2.0; +http://www.bing.com/bingbot.htm)"
157.55.39.67 - - [04/Jun/2018:03:21:29 +0200] "GET / HTTP/1.0" 200 1915 "-" "Mozilla/5.0 (compatible; bingbot/2.0; +http://www.bing.com/bingbot.htm)"
54.215.254.26 - - [03/Jun/2018:13:31:36 +0200] "GET / HTTP/1.1" 200 2476 "-" "Mozilla/5.0 (Macintosh; Intel Mac OS X 10_12_6) AppleWebKit/537.36 (KHTML, like Gecko) Chrome/61.0.3163.100 Safari/537.36"
157.55.39.4 - - [03/Jun/2018:15:20:54 +0200] "GET / HTTP/1.1" 200 2476 "-" "Mozilla/5.0 (compatible; bingbot/2.0; +http://www.bing.com/bingbot.htm)"
157.55.39.67 - - [04/Jun/2018:03:21:29 +0200] "GET / HTTP/1.1" 200 2476 "-" "Mozilla/5.0 (compatible; bingbot/2.0; +http://www.bing.com/bingbot.htm)"
157.55.39.70 - - [04/Jun/2018:22:31:52 +0200] "GET / HTTP/1.0" 200 1915 "-" "Mozilla/5.0 (compatible; bingbot/2.0; +http://www.bing.com/bingbot.htm)"
157.55.39.70 - - [04/Jun/2018:22:31:52 +0200] "GET / HTTP/1.1" 200 2476 "-" "Mozilla/5.0 (compatible; bingbot/2.0; +http://www.bing.com/bingbot.htm)"
157.55.39.24 - - [06/Jun/2018:02:15:17 +0200] "GET /robots.txt HTTP/1.0" 404 2987 "-" "Mozilla/5.0 (compatible; bingbot/2.0; +http://www.bing.com/bingbot.htm)"
157.55.39.24 - - [06/Jun/2018:02:15:19 +0200] "GET /robots.txt HTTP/1.0" 404 1487 "-" "Mozilla/5.0 (compatible; bingbot/2.0; +http://www.bing.com/bingbot.htm)"
157.55.39.111 - - [06/Jun/2018:02:15:25 +0200] "GET / HTTP/1.0" 200 415 "-" "Mozilla/5.0 (compatible; bingbot/2.0; +http://www.bing.com/bingbot.htm)"
157.55.39.111 - - [06/Jun/2018:02:15:25 +0200] "GET / HTTP/1.1" 200 2476 "-" "Mozilla/5.0 (compatible; bingbot/2.0; +http://www.bing.com/bingbot.htm)"
54.215.254.26 - - [06/Jun/2018:11:34:00 +0200] "GET / HTTP/1.0" 200 415 "-" "Mozilla/5.0 (Macintosh; Intel Mac OS X 10_12_6) AppleWebKit/537.36 (KHTML, like Gecko) Chrome/61.0.3163.100 Safari/537.36"
207.46.13.184 - - [06/Jun/2018:16:55:03 +0200] "GET / HTTP/1.0" 200 1915 "-" "Mozilla/5.0 (compatible; bingbot/2.0; +http://www.bing.com/bingbot.htm)"
45.77.138.122 - - [07/Jun/2018:01:17:26 +0200] "GET / HTTP/1.0" 200 415 "-" "Mozilla/5.0 (Macintosh; Intel Mac OS X 10_11_6) AppleWebKit/537.36 (KHTML, like Gecko) Chrome/56.0.2924.87 Safari/537.36"
45.77.138.122 - - [07/Jun/2018:01:17:26 +0200] "GET / HTTP/1.0" 200 415 "-" "Mozilla/5.0 (Macintosh; Intel Mac OS X 10.11; rv:51.0) Gecko/20100101 Firefox/51.0"
40.77.167.184 - - [07/Jun/2018:04:40:29 +0200] "GET / HTTP/1.0" 200 1915 "-" "Mozilla/5.0 (compatible; bingbot/2.0; +http://www.bing.com/bingbot.htm)"
54.215.254.26 - - [06/Jun/2018:11:34:00 +0200] "GET / HTTP/1.1" 200 2476 "-" "Mozilla/5.0 (Macintosh; Intel Mac OS X 10_12_6) AppleWebKit/537.36 (KHTML, like Gecko) Chrome/61.0.3163.100 Safari/537.36"
