167.114.248.75 - - [14/Aug/2017:04:24:28 +0200] "GET /robots.txt HTTP/1.0" 404 2987 "-" "Mozilla/5.0 (compatible; XilopixBot/0.1 +http://www.xilopix.com/bot.html)"
129.10.232.9 - - [30/Oct/2017:11:23:27 +0100] "GET / HTTP/1.0" 200 1915 "-" "Mozilla/5.0 (X11; Linux x86_64; rv:44.0) Gecko/20100101 Firefox/44.0"
129.10.232.9 - - [30/Oct/2017:11:23:27 +0100] "GET / HTTP/1.0" 200 415 "-" "Mozilla/5.0 (X11; Linux x86_64; rv:44.0) Gecko/20100101 Firefox/44.0"
129.10.232.9 - - [30/Oct/2017:11:23:27 +0100] "GET / HTTP/1.1" 200 2476 "-" "Mozilla/5.0 (X11; Linux x86_64; rv:44.0) Gecko/20100101 Firefox/44.0"
129.10.232.9 - - [30/Oct/2017:11:23:27 +0100] "GET / HTTP/1.1" 200 2476 "-" "Mozilla/5.0 (X11; Linux x86_64; rv:44.0) Gecko/20100101 Firefox/44.0"
185.127.10.41 - - [31/Oct/2017:06:58:30 +0100] "GET / HTTP/1.0" 200 1915 "-" "Chrome"
185.127.10.41 - - [31/Oct/2017:06:58:31 +0100] "GET / HTTP/1.0" 200 415 "-" "Chrome"
185.127.10.41 - - [31/Oct/2017:08:09:32 +0100] "GET / HTTP/1.0" 200 1915 "-" "Chrome"
185.127.10.41 - - [31/Oct/2017:06:58:30 +0100] "GET https://www.appslacoop.fr HTTP/1.1" 200 2476 "-" "Chrome"
185.127.10.41 - - [31/Oct/2017:06:58:31 +0100] "GET / HTTP/1.1" 200 2476 "-" "Chrome"
185.127.10.41 - - [31/Oct/2017:08:09:32 +0100] "GET https://www.appslacoop.fr HTTP/1.1" 200 2476 "-" "Chrome"
168.235.95.51 - - [01/Nov/2017:08:35:10 +0100] "GET / HTTP/1.0" 200 1915 "-" "Mozilla/5.0 (Windows NT 10.0; Win64; x64) AppleWebKit/537.36 (KHTML, like Gecko) Chrome/61.0.3163.79 Safari/537.36"
54.67.67.222 - - [01/Nov/2017:15:47:40 +0100] "GET / HTTP/1.0" 200 1915 "-" "Mozilla/5.0 (Macintosh; Intel Mac OS X 10_12_6) AppleWebKit/537.36 (KHTML, like Gecko) Chrome/61.0.3163.100 Safari/537.36"
81.161.59.17 - - [01/Nov/2017:18:33:00 +0100] "GET / HTTP/1.0" 200 1915 "-" "Mozilla/5.0 (Windows NT 6.2; WOW64) AppleWebKit/537.36 (KHTML, like Gecko) Chrome/45.0.2454.101 Safari/537.36"
81.161.59.17 - - [01/Nov/2017:18:33:00 +0100] "GET / HTTP/1.0" 200 415 "-" "Mozilla/5.0 (Windows NT 6.2; WOW64) AppleWebKit/537.36 (KHTML, like Gecko) Chrome/45.0.2454.101 Safari/537.36"
168.235.95.51 - - [01/Nov/2017:08:35:10 +0100] "GET / HTTP/1.1" 200 2476 "-" "Mozilla/5.0 (Windows NT 10.0; Win64; x64) AppleWebKit/537.36 (KHTML, like Gecko) Chrome/61.0.3163.79 Safari/537.36"
54.67.67.222 - - [01/Nov/2017:15:47:40 +0100] "GET / HTTP/1.1" 200 2476 "-" "Mozilla/5.0 (Macintosh; Intel Mac OS X 10_12_6) AppleWebKit/537.36 (KHTML, like Gecko) Chrome/61.0.3163.100 Safari/537.36"
54.255.204.114 - - [01/Nov/2017:16:46:50 +0100] "" 400 0 "-" "-"
81.161.59.17 - - [01/Nov/2017:18:33:00 +0100] "GET / HTTP/1.1" 200 2476 "-" "Mozilla/5.0 (Windows NT 6.2; WOW64) AppleWebKit/537.36 (KHTML, like Gecko) Chrome/45.0.2454.101 Safari/537.36"
81.161.59.17 - - [01/Nov/2017:18:33:00 +0100] "GET / HTTP/1.1" 200 2476 "-" "Mozilla/5.0 (Windows NT 6.2; WOW64) AppleWebKit/537.36 (KHTML, like Gecko) Chrome/45.0.2454.101 Safari/537.36"
138.246.253.19 - - [02/Nov/2017:15:01:50 +0100] "HEAD / HTTP/1.0" 200 1642 "-" "Mozilla/5.0 (Windows NT 6.1; Win64; x64) AppleWebKit/537.36 (KHTML, like Gecko) Chrome/40.0.2214.85 Safari/537.36"
129.10.232.9 - - [06/Nov/2017:09:45:54 +0100] "GET / HTTP/1.0" 200 1915 "-" "Mozilla/5.0 (X11; Linux x86_64; rv:44.0) Gecko/20100101 Firefox/44.0"
129.10.232.9 - - [06/Nov/2017:09:45:54 +0100] "GET / HTTP/1.0" 200 415 "-" "Mozilla/5.0 (X11; Linux x86_64; rv:44.0) Gecko/20100101 Firefox/44.0"
129.10.232.9 - - [06/Nov/2017:09:45:54 +0100] "GET / HTTP/1.1" 200 2476 "-" "Mozilla/5.0 (X11; Linux x86_64; rv:44.0) Gecko/20100101 Firefox/44.0"
129.10.232.9 - - [06/Nov/2017:09:45:54 +0100] "GET / HTTP/1.1" 200 2476 "-" "Mozilla/5.0 (X11; Linux x86_64; rv:44.0) Gecko/20100101 Firefox/44.0"
52.19.238.4 - - [07/Nov/2017:14:42:21 +0100] "" 400 0 "-" "-"
129.10.232.9 - - [13/Nov/2017:19:36:38 +0100] "GET / HTTP/1.0" 200 1915 "-" "Mozilla/5.0 (X11; Linux x86_64; rv:44.0) Gecko/20100101 Firefox/44.0"
129.10.232.9 - - [13/Nov/2017:19:36:38 +0100] "GET / HTTP/1.0" 200 415 "-" "Mozilla/5.0 (X11; Linux x86_64; rv:44.0) Gecko/20100101 Firefox/44.0"
54.67.67.222 - - [14/Nov/2017:05:57:13 +0100] "GET / HTTP/1.0" 200 1915 "-" "Mozilla/5.0 (Macintosh; Intel Mac OS X 10_12_6) AppleWebKit/537.36 (KHTML, like Gecko) Chrome/61.0.3163.100 Safari/537.36"
129.10.232.9 - - [13/Nov/2017:19:36:38 +0100] "GET / HTTP/1.1" 200 2476 "-" "Mozilla/5.0 (X11; Linux x86_64; rv:44.0) Gecko/20100101 Firefox/44.0"
129.10.232.9 - - [13/Nov/2017:19:36:38 +0100] "GET / HTTP/1.1" 200 2476 "-" "Mozilla/5.0 (X11; Linux x86_64; rv:44.0) Gecko/20100101 Firefox/44.0"
54.67.67.222 - - [14/Nov/2017:05:57:13 +0100] "GET / HTTP/1.1" 200 2476 "-" "Mozilla/5.0 (Macintosh; Intel Mac OS X 10_12_6) AppleWebKit/537.36 (KHTML, like Gecko) Chrome/61.0.3163.100 Safari/537.36"
54.92.139.57 - - [14/Nov/2017:14:17:02 +0100] "" 400 0 "-" "-"
5.188.62.53 - - [16/Nov/2017:22:53:14 +0100] "GET /downloader/ HTTP/1.0" 404 2987 "-" "Mozilla/5.0 (Windows NT 6.1; Win64; x64; rv:56.0) Gecko/20100101 Firefox/56.0"
138.246.253.19 - - [17/Nov/2017:08:20:16 +0100] "HEAD / HTTP/1.0" 200 1642 "-" "Mozilla/5.0 (Windows NT 6.1; Win64; x64) AppleWebKit/537.36 (KHTML, like Gecko) Chrome/40.0.2214.85 Safari/537.36"
108.19.97.62 - - [17/Nov/2017:22:27:52 +0100] "GET / HTTP/1.0" 200 1915 "-" "Chrome"
54.67.67.222 - - [18/Nov/2017:06:03:40 +0100] "GET / HTTP/1.0" 200 1915 "-" "Mozilla/5.0 (Macintosh; Intel Mac OS X 10_12_6) AppleWebKit/537.36 (KHTML, like Gecko) Chrome/61.0.3163.100 Safari/537.36"
108.19.97.62 - - [17/Nov/2017:22:27:52 +0100] "GET / HTTP/1.1" 200 2476 "-" "Chrome"
54.67.67.222 - - [18/Nov/2017:06:03:40 +0100] "GET / HTTP/1.1" 200 2476 "-" "Mozilla/5.0 (Macintosh; Intel Mac OS X 10_12_6) AppleWebKit/537.36 (KHTML, like Gecko) Chrome/61.0.3163.100 Safari/537.36"
129.10.232.9 - - [20/Nov/2017:11:08:42 +0100] "GET / HTTP/1.0" 200 1915 "-" "Mozilla/5.0 (X11; Linux x86_64; rv:44.0) Gecko/20100101 Firefox/44.0"
129.10.232.9 - - [20/Nov/2017:11:08:42 +0100] "GET / HTTP/1.0" 200 415 "-" "Mozilla/5.0 (X11; Linux x86_64; rv:44.0) Gecko/20100101 Firefox/44.0"
54.67.67.222 - - [21/Nov/2017:04:09:49 +0100] "GET / HTTP/1.0" 200 1915 "-" "Mozilla/5.0 (Macintosh; Intel Mac OS X 10_12_6) AppleWebKit/537.36 (KHTML, like Gecko) Chrome/61.0.3163.100 Safari/537.36"
129.10.232.9 - - [20/Nov/2017:11:08:42 +0100] "GET / HTTP/1.1" 200 2476 "-" "Mozilla/5.0 (X11; Linux x86_64; rv:44.0) Gecko/20100101 Firefox/44.0"
129.10.232.9 - - [20/Nov/2017:11:08:42 +0100] "GET / HTTP/1.1" 200 2476 "-" "Mozilla/5.0 (X11; Linux x86_64; rv:44.0) Gecko/20100101 Firefox/44.0"
54.67.67.222 - - [21/Nov/2017:04:09:49 +0100] "GET / HTTP/1.1" 200 2476 "-" "Mozilla/5.0 (Macintosh; Intel Mac OS X 10_12_6) AppleWebKit/537.36 (KHTML, like Gecko) Chrome/61.0.3163.100 Safari/537.36"
54.184.111.208 - - [21/Nov/2017:15:21:08 +0100] "" 400 0 "-" "-"
54.67.67.222 - - [23/Nov/2017:06:45:31 +0100] "GET / HTTP/1.0" 200 1915 "-" "Mozilla/5.0 (Macintosh; Intel Mac OS X 10_12_6) AppleWebKit/537.36 (KHTML, like Gecko) Chrome/61.0.3163.100 Safari/537.36"
31.184.224.154 - - [24/Nov/2017:04:45:48 +0100] "GET / HTTP/1.0" 200 1915 "-" "Mozilla/5.0 (Windows NT 6.3; rv:36.0) Gecko/20100101 Firefox/36.0"
31.184.224.152 - - [24/Nov/2017:04:45:57 +0100] "GET / HTTP/1.0" 200 415 "-" "Mozilla/5.0 (Windows NT 6.3; rv:36.0) Gecko/20100101 Firefox/36.0"
54.67.67.222 - - [23/Nov/2017:06:45:31 +0100] "GET / HTTP/1.1" 200 2476 "-" "Mozilla/5.0 (Macintosh; Intel Mac OS X 10_12_6) AppleWebKit/537.36 (KHTML, like Gecko) Chrome/61.0.3163.100 Safari/537.36"
31.184.224.154 - - [24/Nov/2017:04:45:48 +0100] "GET / HTTP/1.1" 200 2476 "-" "Mozilla/5.0 (Windows NT 6.3; rv:36.0) Gecko/20100101 Firefox/36.0"
31.184.224.152 - - [24/Nov/2017:04:45:57 +0100] "GET / HTTP/1.1" 200 2476 "-" "Mozilla/5.0 (Windows NT 6.3; rv:36.0) Gecko/20100101 Firefox/36.0"
54.67.67.222 - - [26/Nov/2017:08:32:03 +0100] "GET / HTTP/1.0" 200 1915 "-" "Mozilla/5.0 (Macintosh; Intel Mac OS X 10_12_6) AppleWebKit/537.36 (KHTML, like Gecko) Chrome/61.0.3163.100 Safari/537.36"
13.56.159.157 - - [27/Nov/2017:00:45:27 +0100] "GET / HTTP/1.0" 200 1915 "-" "Mozilla/5.0 (Macintosh; Intel Mac OS X 10_12_6) AppleWebKit/537.36 (KHTML, like Gecko) Chrome/61.0.3163.100 Safari/537.36"
54.67.67.222 - - [26/Nov/2017:08:32:03 +0100] "GET / HTTP/1.1" 200 2476 "-" "Mozilla/5.0 (Macintosh; Intel Mac OS X 10_12_6) AppleWebKit/537.36 (KHTML, like Gecko) Chrome/61.0.3163.100 Safari/537.36"
54.65.249.116 - - [27/Nov/2017:00:30:31 +0100] "" 400 0 "-" "-"
13.56.159.157 - - [27/Nov/2017:00:45:27 +0100] "GET / HTTP/1.1" 200 2476 "-" "Mozilla/5.0 (Macintosh; Intel Mac OS X 10_12_6) AppleWebKit/537.36 (KHTML, like Gecko) Chrome/61.0.3163.100 Safari/537.36"
137.226.113.27 - - [29/Nov/2017:01:28:21 +0100] "GET / HTTP/1.0" 200 1915 "-" "Mozilla/5.0 zgrab/0.x"
137.226.113.27 - - [29/Nov/2017:01:41:49 +0100] "GET / HTTP/1.0" 200 1915 "-" "Mozilla/5.0 zgrab/0.x"
54.242.254.86 - - [28/Nov/2017:14:19:37 +0100] "" 400 0 "-" "-"
137.226.113.27 - - [29/Nov/2017:01:28:21 +0100] "GET / HTTP/1.1" 200 2476 "-" "Mozilla/5.0 zgrab/0.x"
137.226.113.27 - - [29/Nov/2017:01:41:49 +0100] "GET / HTTP/1.1" 200 2476 "-" "Mozilla/5.0 zgrab/0.x"
138.246.253.19 - - [29/Nov/2017:23:58:42 +0100] "HEAD / HTTP/1.0" 200 1642 "-" "Mozilla/5.0 (Windows NT 6.1; Win64; x64) AppleWebKit/537.36 (KHTML, like Gecko) Chrome/40.0.2214.85 Safari/537.36"
137.226.113.27 - - [30/Nov/2017:01:32:04 +0100] "GET / HTTP/1.0" 200 1915 "-" "Mozilla/5.0 zgrab/0.x"
137.226.113.27 - - [30/Nov/2017:01:52:42 +0100] "GET / HTTP/1.0" 200 1915 "-" "Mozilla/5.0 zgrab/0.x"
137.226.113.27 - - [30/Nov/2017:01:32:04 +0100] "GET / HTTP/1.1" 200 2476 "-" "Mozilla/5.0 zgrab/0.x"
137.226.113.27 - - [30/Nov/2017:01:52:42 +0100] "GET / HTTP/1.1" 200 2476 "-" "Mozilla/5.0 zgrab/0.x"
137.226.113.27 - - [01/Dec/2017:20:49:26 +0100] "GET / HTTP/1.0" 200 1915 "-" "Mozilla/5.0 zgrab/0.x"
137.226.113.27 - - [01/Dec/2017:20:49:27 +0100] "GET / HTTP/1.0" 200 415 "-" "Mozilla/5.0 zgrab/0.x"
137.226.113.27 - - [01/Dec/2017:20:49:26 +0100] "GET / HTTP/1.1" 200 2476 "-" "Mozilla/5.0 zgrab/0.x"
137.226.113.27 - - [01/Dec/2017:20:49:27 +0100] "GET / HTTP/1.1" 200 2476 "-" "Mozilla/5.0 zgrab/0.x"
137.226.113.27 - - [02/Dec/2017:07:47:10 +0100] "GET / HTTP/1.0" 200 1915 "-" "Mozilla/5.0 zgrab/0.x"
137.226.113.27 - - [02/Dec/2017:07:47:12 +0100] "GET / HTTP/1.0" 200 415 "-" "Mozilla/5.0 zgrab/0.x"
137.226.113.27 - - [02/Dec/2017:07:47:10 +0100] "GET / HTTP/1.1" 200 2476 "-" "Mozilla/5.0 zgrab/0.x"
137.226.113.27 - - [02/Dec/2017:07:47:12 +0100] "GET / HTTP/1.1" 200 2476 "-" "Mozilla/5.0 zgrab/0.x"
217.79.191.109 - - [03/Dec/2017:10:11:17 +0100] "GET / HTTP/1.0" 200 1915 "-" "Mozilla/5.0 (Windows NT 6.3; rv:36.0) Gecko/20100101 Firefox/36.0"
31.184.224.150 - - [03/Dec/2017:10:11:26 +0100] "GET / HTTP/1.0" 200 415 "-" "Mozilla/5.0 (Windows NT 6.3; rv:36.0) Gecko/20100101 Firefox/36.0"
178.238.229.54 - - [03/Dec/2017:14:01:13 +0100] "HEAD / HTTP/1.0" 200 1642 "-" "\"Mozilla/5.0 (Windows NT 10.0; WOW64; rv:55.0) Gecko/20100101 Firefox/55.0\""
178.238.229.54 - - [03/Dec/2017:14:01:13 +0100] "GET / HTTP/1.0" 200 415 "-" "\"Mozilla/5.0 (Windows NT 10.0; WOW64; rv:55.0) Gecko/20100101 Firefox/55.0\""
178.238.229.54 - - [03/Dec/2017:14:01:13 +0100] "GET /robots.txt HTTP/1.0" 404 1487 "-" "\"Mozilla/5.0 (Windows NT 10.0; WOW64; rv:55.0) Gecko/20100101 Firefox/55.0\""
178.238.229.54 - - [03/Dec/2017:14:01:13 +0100] "HEAD /favicon.ico HTTP/1.0" 200 142 "https://appslacoop.fr/" "\"Mozilla/5.0 (Windows NT 10.0; WOW64; rv:55.0) Gecko/20100101 Firefox/55.0\""
178.238.229.54 - - [03/Dec/2017:14:01:14 +0100] "HEAD /css/style.css HTTP/1.0" 404 142 "https://appslacoop.fr/" "\"Mozilla/5.0 (Windows NT 10.0; WOW64; rv:55.0) Gecko/20100101 Firefox/55.0\""
178.238.229.54 - - [03/Dec/2017:14:01:14 +0100] "HEAD /img/panel-logo.png HTTP/1.0" 404 142 "https://appslacoop.fr/" "\"Mozilla/5.0 (Windows NT 10.0; WOW64; rv:55.0) Gecko/20100101 Firefox/55.0\""
178.238.229.54 - - [03/Dec/2017:14:01:14 +0100] "HEAD /img/parallels-logo.png HTTP/1.0" 404 142 "https://appslacoop.fr/" "\"Mozilla/5.0 (Windows NT 10.0; WOW64; rv:55.0) Gecko/20100101 Firefox/55.0\""
217.79.191.109 - - [03/Dec/2017:10:11:17 +0100] "GET / HTTP/1.1" 200 2476 "-" "Mozilla/5.0 (Windows NT 6.3; rv:36.0) Gecko/20100101 Firefox/36.0"
31.184.224.150 - - [03/Dec/2017:10:11:26 +0100] "GET / HTTP/1.1" 200 2476 "-" "Mozilla/5.0 (Windows NT 6.3; rv:36.0) Gecko/20100101 Firefox/36.0"
178.238.229.54 - - [03/Dec/2017:14:01:13 +0100] "GET / HTTP/1.1" 200 2476 "-" "\x22Mozilla/5.0 (Windows NT 10.0; WOW64; rv:55.0) Gecko/20100101 Firefox/55.0\x22"
54.183.130.127 - - [04/Dec/2017:09:36:36 +0100] "GET / HTTP/1.0" 200 1915 "-" "Mozilla/5.0 (Macintosh; Intel Mac OS X 10_12_6) AppleWebKit/537.36 (KHTML, like Gecko) Chrome/61.0.3163.100 Safari/537.36"
108.19.97.62 - - [04/Dec/2017:18:46:31 +0100] "GET / HTTP/1.0" 200 1915 "-" "Chrome"
137.226.113.27 - - [05/Dec/2017:02:54:13 +0100] "GET / HTTP/1.0" 200 1915 "-" "Mozilla/5.0 zgrab/0.x"
137.226.113.27 - - [05/Dec/2017:02:54:13 +0100] "GET / HTTP/1.0" 200 415 "-" "Mozilla/5.0 zgrab/0.x"
54.183.130.127 - - [04/Dec/2017:09:36:36 +0100] "GET / HTTP/1.1" 200 2476 "-" "Mozilla/5.0 (Macintosh; Intel Mac OS X 10_12_6) AppleWebKit/537.36 (KHTML, like Gecko) Chrome/61.0.3163.100 Safari/537.36"
108.19.97.62 - - [04/Dec/2017:18:46:31 +0100] "GET / HTTP/1.1" 200 2476 "-" "Chrome"
137.226.113.27 - - [05/Dec/2017:02:54:13 +0100] "GET / HTTP/1.1" 200 2476 "-" "Mozilla/5.0 zgrab/0.x"
137.226.113.27 - - [05/Dec/2017:02:54:13 +0100] "GET / HTTP/1.1" 200 2476 "-" "Mozilla/5.0 zgrab/0.x"
137.226.113.27 - - [06/Dec/2017:02:50:29 +0100] "GET / HTTP/1.0" 200 1915 "-" "Mozilla/5.0 zgrab/0.x"
137.226.113.27 - - [06/Dec/2017:02:50:29 +0100] "GET / HTTP/1.0" 200 415 "-" "Mozilla/5.0 zgrab/0.x"
137.226.113.27 - - [06/Dec/2017:02:50:29 +0100] "GET / HTTP/1.1" 200 2476 "-" "Mozilla/5.0 zgrab/0.x"
137.226.113.27 - - [06/Dec/2017:02:50:29 +0100] "GET / HTTP/1.1" 200 2476 "-" "Mozilla/5.0 zgrab/0.x"
138.246.253.19 - - [07/Dec/2017:00:36:21 +0100] "HEAD / HTTP/1.0" 200 1642 "-" "Mozilla/5.0 (Windows NT 6.1; Win64; x64) AppleWebKit/537.36 (KHTML, like Gecko) Chrome/40.0.2214.85 Safari/537.36"
137.226.113.27 - - [07/Dec/2017:03:15:44 +0100] "GET / HTTP/1.0" 200 1915 "-" "Mozilla/5.0 zgrab/0.x"
137.226.113.27 - - [07/Dec/2017:03:15:45 +0100] "GET / HTTP/1.0" 200 415 "-" "Mozilla/5.0 zgrab/0.x"
137.226.113.27 - - [07/Dec/2017:03:15:44 +0100] "GET / HTTP/1.1" 200 2476 "-" "Mozilla/5.0 zgrab/0.x"
137.226.113.27 - - [07/Dec/2017:03:15:45 +0100] "GET / HTTP/1.1" 200 2476 "-" "Mozilla/5.0 zgrab/0.x"
54.183.130.127 - - [07/Dec/2017:14:11:56 +0100] "GET / HTTP/1.0" 200 1915 "-" "Mozilla/5.0 (Macintosh; Intel Mac OS X 10_12_6) AppleWebKit/537.36 (KHTML, like Gecko) Chrome/61.0.3163.100 Safari/537.36"
52.49.129.16 - - [07/Dec/2017:09:39:35 +0100] "" 400 0 "-" "-"
54.183.130.127 - - [07/Dec/2017:14:11:56 +0100] "GET / HTTP/1.1" 200 2476 "-" "Mozilla/5.0 (Macintosh; Intel Mac OS X 10_12_6) AppleWebKit/537.36 (KHTML, like Gecko) Chrome/61.0.3163.100 Safari/537.36"
137.226.113.27 - - [08/Dec/2017:22:18:06 +0100] "GET / HTTP/1.0" 200 1915 "-" "Mozilla/5.0 zgrab/0.x"
137.226.113.27 - - [08/Dec/2017:22:18:06 +0100] "GET / HTTP/1.0" 200 415 "-" "Mozilla/5.0 zgrab/0.x"
137.226.113.27 - - [08/Dec/2017:22:18:06 +0100] "GET / HTTP/1.1" 200 2476 "-" "Mozilla/5.0 zgrab/0.x"
137.226.113.27 - - [08/Dec/2017:22:18:06 +0100] "GET / HTTP/1.1" 200 2476 "-" "Mozilla/5.0 zgrab/0.x"
137.226.113.27 - - [10/Dec/2017:08:55:45 +0100] "GET / HTTP/1.0" 200 1915 "-" "Mozilla/5.0 zgrab/0.x"
137.226.113.27 - - [10/Dec/2017:08:55:47 +0100] "GET / HTTP/1.0" 200 415 "-" "Mozilla/5.0 zgrab/0.x"
54.183.130.127 - - [10/Dec/2017:23:14:59 +0100] "GET / HTTP/1.0" 200 1915 "-" "Mozilla/5.0 (Macintosh; Intel Mac OS X 10_12_6) AppleWebKit/537.36 (KHTML, like Gecko) Chrome/61.0.3163.100 Safari/537.36"
137.226.113.27 - - [10/Dec/2017:08:55:45 +0100] "GET / HTTP/1.1" 200 2476 "-" "Mozilla/5.0 zgrab/0.x"
137.226.113.27 - - [10/Dec/2017:08:55:47 +0100] "GET / HTTP/1.1" 200 2476 "-" "Mozilla/5.0 zgrab/0.x"
54.183.130.127 - - [10/Dec/2017:23:14:59 +0100] "GET / HTTP/1.1" 200 2476 "-" "Mozilla/5.0 (Macintosh; Intel Mac OS X 10_12_6) AppleWebKit/537.36 (KHTML, like Gecko) Chrome/61.0.3163.100 Safari/537.36"
137.226.113.27 - - [11/Dec/2017:18:52:41 +0100] "GET / HTTP/1.0" 200 1915 "-" "Mozilla/5.0 zgrab/0.x"
137.226.113.27 - - [11/Dec/2017:18:52:42 +0100] "GET / HTTP/1.0" 200 415 "-" "Mozilla/5.0 zgrab/0.x"
137.226.113.27 - - [11/Dec/2017:18:52:41 +0100] "GET / HTTP/1.1" 200 2476 "-" "Mozilla/5.0 zgrab/0.x"
137.226.113.27 - - [11/Dec/2017:18:52:42 +0100] "GET / HTTP/1.1" 200 2476 "-" "Mozilla/5.0 zgrab/0.x"
137.226.113.26 - - [12/Dec/2017:22:25:53 +0100] "GET / HTTP/1.0" 200 1915 "-" "Mozilla/5.0 zgrab/0.x"
137.226.113.26 - - [12/Dec/2017:22:25:53 +0100] "GET / HTTP/1.0" 200 415 "-" "Mozilla/5.0 zgrab/0.x"
54.184.67.185 - - [12/Dec/2017:14:13:54 +0100] "" 400 0 "-" "-"
137.226.113.26 - - [12/Dec/2017:22:25:53 +0100] "GET / HTTP/1.1" 200 2476 "-" "Mozilla/5.0 zgrab/0.x"
137.226.113.26 - - [12/Dec/2017:22:25:53 +0100] "GET / HTTP/1.1" 200 2476 "-" "Mozilla/5.0 zgrab/0.x"
137.226.113.28 - - [13/Dec/2017:13:22:50 +0100] "GET / HTTP/1.0" 200 1915 "-" "Mozilla/5.0 zgrab/0.x"
137.226.113.28 - - [13/Dec/2017:13:22:51 +0100] "GET / HTTP/1.0" 200 415 "-" "Mozilla/5.0 zgrab/0.x"
137.226.113.28 - - [14/Dec/2017:02:10:36 +0100] "GET / HTTP/1.0" 200 1915 "-" "Mozilla/5.0 zgrab/0.x"
137.226.113.28 - - [14/Dec/2017:02:10:38 +0100] "GET / HTTP/1.0" 200 415 "-" "Mozilla/5.0 zgrab/0.x"
137.226.113.28 - - [13/Dec/2017:13:22:50 +0100] "GET / HTTP/1.1" 200 2476 "-" "Mozilla/5.0 zgrab/0.x"
137.226.113.28 - - [13/Dec/2017:13:22:51 +0100] "GET / HTTP/1.1" 200 2476 "-" "Mozilla/5.0 zgrab/0.x"
137.226.113.28 - - [14/Dec/2017:02:10:36 +0100] "GET / HTTP/1.1" 200 2476 "-" "Mozilla/5.0 zgrab/0.x"
137.226.113.28 - - [14/Dec/2017:02:10:38 +0100] "GET / HTTP/1.1" 200 2476 "-" "Mozilla/5.0 zgrab/0.x"
31.184.224.143 - - [14/Dec/2017:06:47:52 +0100] "GET / HTTP/1.0" 200 1915 "-" "Mozilla/5.0 (Windows NT 6.3; rv:36.0) Gecko/20100101 Firefox/36.0"
31.184.224.143 - - [14/Dec/2017:06:48:05 +0100] "GET / HTTP/1.0" 200 415 "-" "Mozilla/5.0 (Windows NT 6.3; rv:36.0) Gecko/20100101 Firefox/36.0"
54.183.130.127 - - [15/Dec/2017:00:54:10 +0100] "GET / HTTP/1.0" 200 1915 "-" "Mozilla/5.0 (Macintosh; Intel Mac OS X 10_12_6) AppleWebKit/537.36 (KHTML, like Gecko) Chrome/61.0.3163.100 Safari/537.36"
137.226.113.26 - - [15/Dec/2017:04:25:18 +0100] "GET / HTTP/1.0" 200 1915 "-" "Mozilla/5.0 zgrab/0.x"
137.226.113.26 - - [15/Dec/2017:04:25:19 +0100] "GET / HTTP/1.0" 200 415 "-" "Mozilla/5.0 zgrab/0.x"
31.184.224.143 - - [14/Dec/2017:06:47:52 +0100] "GET / HTTP/1.1" 200 2476 "-" "Mozilla/5.0 (Windows NT 6.3; rv:36.0) Gecko/20100101 Firefox/36.0"
31.184.224.143 - - [14/Dec/2017:06:48:05 +0100] "GET / HTTP/1.1" 200 2476 "-" "Mozilla/5.0 (Windows NT 6.3; rv:36.0) Gecko/20100101 Firefox/36.0"
54.183.130.127 - - [15/Dec/2017:00:54:10 +0100] "GET / HTTP/1.1" 200 2476 "-" "Mozilla/5.0 (Macintosh; Intel Mac OS X 10_12_6) AppleWebKit/537.36 (KHTML, like Gecko) Chrome/61.0.3163.100 Safari/537.36"
137.226.113.26 - - [15/Dec/2017:04:25:18 +0100] "GET / HTTP/1.1" 200 2476 "-" "Mozilla/5.0 zgrab/0.x"
137.226.113.26 - - [15/Dec/2017:04:25:19 +0100] "GET / HTTP/1.1" 200 2476 "-" "Mozilla/5.0 zgrab/0.x"
137.226.113.27 - - [16/Dec/2017:01:06:42 +0100] "GET / HTTP/1.0" 200 1915 "-" "Mozilla/5.0 zgrab/0.x"
137.226.113.27 - - [16/Dec/2017:01:06:43 +0100] "GET / HTTP/1.0" 200 415 "-" "Mozilla/5.0 zgrab/0.x"
137.226.113.27 - - [16/Dec/2017:01:06:42 +0100] "GET / HTTP/1.1" 200 2476 "-" "Mozilla/5.0 zgrab/0.x"
137.226.113.27 - - [16/Dec/2017:01:06:43 +0100] "GET / HTTP/1.1" 200 2476 "-" "Mozilla/5.0 zgrab/0.x"
54.183.130.127 - - [18/Dec/2017:03:02:38 +0100] "GET / HTTP/1.0" 200 1915 "-" "Mozilla/5.0 (Macintosh; Intel Mac OS X 10_12_6) AppleWebKit/537.36 (KHTML, like Gecko) Chrome/61.0.3163.100 Safari/537.36"
54.183.130.127 - - [18/Dec/2017:03:02:38 +0100] "GET / HTTP/1.1" 200 2476 "-" "Mozilla/5.0 (Macintosh; Intel Mac OS X 10_12_6) AppleWebKit/537.36 (KHTML, like Gecko) Chrome/61.0.3163.100 Safari/537.36"
54.147.22.252 - - [20/Dec/2017:17:10:58 +0100] "" 400 0 "-" "-"
54.183.130.127 - - [23/Dec/2017:10:01:56 +0100] "GET / HTTP/1.0" 200 1915 "-" "Mozilla/5.0 (Macintosh; Intel Mac OS X 10_12_6) AppleWebKit/537.36 (KHTML, like Gecko) Chrome/61.0.3163.100 Safari/537.36"
54.183.130.127 - - [23/Dec/2017:10:01:56 +0100] "GET / HTTP/1.1" 200 2476 "-" "Mozilla/5.0 (Macintosh; Intel Mac OS X 10_12_6) AppleWebKit/537.36 (KHTML, like Gecko) Chrome/61.0.3163.100 Safari/537.36"
142.54.161.186 - - [24/Dec/2017:22:56:43 +0100] "GET / HTTP/1.0" 200 1915 "-" "Mozilla/5.0 (Macintosh; Intel Mac OS X 10_13_1) AppleWebKit/537.36 (KHTML, like Gecko) Chrome/61.0.3163.100 Safari/537.36"
142.54.161.186 - - [24/Dec/2017:22:56:43 +0100] "GET /css/style.css HTTP/1.0" 404 1487 "https://appslacoop.fr/" "Mozilla/5.0 (Macintosh; Intel Mac OS X 10_13_1) AppleWebKit/537.36 (KHTML, like Gecko) Chrome/61.0.3163.100 Safari/537.36"
142.54.161.186 - - [24/Dec/2017:22:56:44 +0100] "GET / HTTP/1.0" 200 415 "-" "Mozilla/5.0 (Macintosh; Intel Mac OS X 10_13_1) AppleWebKit/537.36 (KHTML, like Gecko) Chrome/61.0.3163.100 Safari/537.36"
142.54.161.186 - - [24/Dec/2017:22:56:44 +0100] "GET /css/style.css HTTP/1.0" 404 1487 "https://www.appslacoop.fr/" "Mozilla/5.0 (Macintosh; Intel Mac OS X 10_13_1) AppleWebKit/537.36 (KHTML, like Gecko) Chrome/61.0.3163.100 Safari/537.36"
142.54.161.186 - - [24/Dec/2017:22:56:43 +0100] "GET / HTTP/1.1" 200 2476 "-" "Mozilla/5.0 (Macintosh; Intel Mac OS X 10_13_1) AppleWebKit/537.36 (KHTML, like Gecko) Chrome/61.0.3163.100 Safari/537.36"
142.54.161.186 - - [24/Dec/2017:22:56:44 +0100] "GET / HTTP/1.1" 200 2476 "-" "Mozilla/5.0 (Macintosh; Intel Mac OS X 10_13_1) AppleWebKit/537.36 (KHTML, like Gecko) Chrome/61.0.3163.100 Safari/537.36"
54.183.130.127 - - [26/Dec/2017:12:03:04 +0100] "GET / HTTP/1.0" 200 1915 "-" "Mozilla/5.0 (Macintosh; Intel Mac OS X 10_12_6) AppleWebKit/537.36 (KHTML, like Gecko) Chrome/61.0.3163.100 Safari/537.36"
54.183.130.127 - - [26/Dec/2017:12:03:04 +0100] "GET / HTTP/1.1" 200 2476 "-" "Mozilla/5.0 (Macintosh; Intel Mac OS X 10_12_6) AppleWebKit/537.36 (KHTML, like Gecko) Chrome/61.0.3163.100 Safari/537.36"
213.152.162.181 - - [27/Dec/2017:17:48:07 +0100] "HEAD / HTTP/1.0" 200 1642 "-" "\"Mozilla/5.0 (Windows NT 10.0; Win64; x64; rv:57.0) Gecko/20100101 Firefox/57.0\""
213.152.162.181 - - [27/Dec/2017:17:48:07 +0100] "GET / HTTP/1.0" 200 415 "-" "\"Mozilla/5.0 (Windows NT 10.0; Win64; x64; rv:57.0) Gecko/20100101 Firefox/57.0\""
213.152.162.181 - - [27/Dec/2017:17:48:07 +0100] "GET /robots.txt HTTP/1.0" 404 1487 "-" "\"Mozilla/5.0 (Windows NT 10.0; Win64; x64; rv:57.0) Gecko/20100101 Firefox/57.0\""
213.152.162.181 - - [27/Dec/2017:17:48:07 +0100] "HEAD /favicon.ico HTTP/1.0" 200 142 "https://appslacoop.fr/" "\"Mozilla/5.0 (Windows NT 10.0; Win64; x64; rv:57.0) Gecko/20100101 Firefox/57.0\""
213.152.162.181 - - [27/Dec/2017:17:48:08 +0100] "HEAD /css/style.css HTTP/1.0" 404 142 "https://appslacoop.fr/" "\"Mozilla/5.0 (Windows NT 10.0; Win64; x64; rv:57.0) Gecko/20100101 Firefox/57.0\""
213.152.162.181 - - [27/Dec/2017:17:48:08 +0100] "HEAD /img/panel-logo.png HTTP/1.0" 404 142 "https://appslacoop.fr/" "\"Mozilla/5.0 (Windows NT 10.0; Win64; x64; rv:57.0) Gecko/20100101 Firefox/57.0\""
213.152.162.181 - - [27/Dec/2017:17:48:08 +0100] "HEAD /img/parallels-logo.png HTTP/1.0" 404 142 "https://appslacoop.fr/" "\"Mozilla/5.0 (Windows NT 10.0; Win64; x64; rv:57.0) Gecko/20100101 Firefox/57.0\""
213.152.162.181 - - [27/Dec/2017:17:48:07 +0100] "GET / HTTP/1.1" 200 2476 "-" "\x22Mozilla/5.0 (Windows NT 10.0; Win64; x64; rv:57.0) Gecko/20100101 Firefox/57.0\x22"
54.183.130.127 - - [29/Dec/2017:14:15:03 +0100] "GET / HTTP/1.0" 200 1915 "-" "Mozilla/5.0 (Macintosh; Intel Mac OS X 10_12_6) AppleWebKit/537.36 (KHTML, like Gecko) Chrome/61.0.3163.100 Safari/537.36"
91.191.250.66 - - [30/Dec/2017:03:14:37 +0100] "GET / HTTP/1.0" 200 1915 "-" "Mozilla/5.0 (Windows NT 6.1; WOW64; rv:55.0) Gecko/20100101 Firefox/55.0"
91.191.250.66 - - [30/Dec/2017:03:14:38 +0100] "GET /adminer.php HTTP/1.0" 404 400 "-" "Mozilla/5.0 (Windows NT 6.1; WOW64; rv:55.0) Gecko/20100101 Firefox/55.0"
91.191.250.66 - - [30/Dec/2017:03:14:38 +0100] "GET /sqladminer/ HTTP/1.0" 404 1487 "-" "Mozilla/5.0 (Windows NT 6.1; WOW64; rv:55.0) Gecko/20100101 Firefox/55.0"
91.191.250.66 - - [30/Dec/2017:03:14:38 +0100] "GET /adm.php HTTP/1.0" 404 400 "-" "Mozilla/5.0 (Windows NT 6.1; WOW64; rv:55.0) Gecko/20100101 Firefox/55.0"
91.191.250.66 - - [30/Dec/2017:03:14:39 +0100] "GET /adminer_nq.php HTTP/1.0" 404 400 "-" "Mozilla/5.0 (Windows NT 6.1; WOW64; rv:55.0) Gecko/20100101 Firefox/55.0"
54.183.130.127 - - [29/Dec/2017:14:15:03 +0100] "GET / HTTP/1.1" 200 2476 "-" "Mozilla/5.0 (Macintosh; Intel Mac OS X 10_12_6) AppleWebKit/537.36 (KHTML, like Gecko) Chrome/61.0.3163.100 Safari/537.36"
91.191.250.66 - - [30/Dec/2017:03:14:37 +0100] "GET / HTTP/1.1" 200 2476 "-" "Mozilla/5.0 (Windows NT 6.1; WOW64; rv:55.0) Gecko/20100101 Firefox/55.0"
54.183.130.127 - - [01/Jan/2018:15:55:22 +0100] "GET / HTTP/1.0" 200 1915 "-" "Mozilla/5.0 (Macintosh; Intel Mac OS X 10_12_6) AppleWebKit/537.36 (KHTML, like Gecko) Chrome/61.0.3163.100 Safari/537.36"
54.183.130.127 - - [01/Jan/2018:15:55:22 +0100] "GET / HTTP/1.1" 200 2476 "-" "Mozilla/5.0 (Macintosh; Intel Mac OS X 10_12_6) AppleWebKit/537.36 (KHTML, like Gecko) Chrome/61.0.3163.100 Safari/537.36"
54.183.130.127 - - [04/Jan/2018:17:40:44 +0100] "GET / HTTP/1.0" 200 1915 "-" "Mozilla/5.0 (Macintosh; Intel Mac OS X 10_12_6) AppleWebKit/537.36 (KHTML, like Gecko) Chrome/61.0.3163.100 Safari/537.36"
54.183.130.127 - - [04/Jan/2018:17:40:44 +0100] "GET / HTTP/1.1" 200 2476 "-" "Mozilla/5.0 (Macintosh; Intel Mac OS X 10_12_6) AppleWebKit/537.36 (KHTML, like Gecko) Chrome/61.0.3163.100 Safari/537.36"
54.183.130.127 - - [07/Jan/2018:23:30:18 +0100] "GET / HTTP/1.0" 200 1915 "-" "Mozilla/5.0 (Macintosh; Intel Mac OS X 10_12_6) AppleWebKit/537.36 (KHTML, like Gecko) Chrome/61.0.3163.100 Safari/537.36"
54.183.130.127 - - [07/Jan/2018:23:30:18 +0100] "GET / HTTP/1.1" 200 2476 "-" "Mozilla/5.0 (Macintosh; Intel Mac OS X 10_12_6) AppleWebKit/537.36 (KHTML, like Gecko) Chrome/61.0.3163.100 Safari/537.36"
54.183.130.127 - - [11/Jan/2018:02:47:20 +0100] "GET / HTTP/1.0" 200 1915 "-" "Mozilla/5.0 (Macintosh; Intel Mac OS X 10_12_6) AppleWebKit/537.36 (KHTML, like Gecko) Chrome/61.0.3163.100 Safari/537.36"
54.183.130.127 - - [11/Jan/2018:02:47:20 +0100] "GET / HTTP/1.1" 200 2476 "-" "Mozilla/5.0 (Macintosh; Intel Mac OS X 10_12_6) AppleWebKit/537.36 (KHTML, like Gecko) Chrome/61.0.3163.100 Safari/537.36"
54.183.130.127 - - [14/Jan/2018:05:42:38 +0100] "GET / HTTP/1.0" 200 415 "-" "Mozilla/5.0 (Macintosh; Intel Mac OS X 10_12_6) AppleWebKit/537.36 (KHTML, like Gecko) Chrome/61.0.3163.100 Safari/537.36"
54.183.130.127 - - [14/Jan/2018:05:42:38 +0100] "GET / HTTP/1.1" 200 2476 "-" "Mozilla/5.0 (Macintosh; Intel Mac OS X 10_12_6) AppleWebKit/537.36 (KHTML, like Gecko) Chrome/61.0.3163.100 Safari/537.36"
54.183.130.127 - - [16/Jan/2018:13:09:27 +0100] "GET / HTTP/1.0" 200 1915 "-" "Mozilla/5.0 (Macintosh; Intel Mac OS X 10_12_6) AppleWebKit/537.36 (KHTML, like Gecko) Chrome/61.0.3163.100 Safari/537.36"
54.183.130.127 - - [16/Jan/2018:13:09:27 +0100] "GET / HTTP/1.1" 200 2476 "-" "Mozilla/5.0 (Macintosh; Intel Mac OS X 10_12_6) AppleWebKit/537.36 (KHTML, like Gecko) Chrome/61.0.3163.100 Safari/537.36"
54.183.130.127 - - [18/Jan/2018:14:17:29 +0100] "GET / HTTP/1.0" 200 1915 "-" "Mozilla/5.0 (Macintosh; Intel Mac OS X 10_12_6) AppleWebKit/537.36 (KHTML, like Gecko) Chrome/61.0.3163.100 Safari/537.36"
54.183.130.127 - - [18/Jan/2018:14:17:29 +0100] "GET / HTTP/1.1" 200 2476 "-" "Mozilla/5.0 (Macintosh; Intel Mac OS X 10_12_6) AppleWebKit/537.36 (KHTML, like Gecko) Chrome/61.0.3163.100 Safari/537.36"
54.183.130.127 - - [23/Jan/2018:07:44:24 +0100] "GET / HTTP/1.0" 200 1915 "-" "Mozilla/5.0 (Macintosh; Intel Mac OS X 10_12_6) AppleWebKit/537.36 (KHTML, like Gecko) Chrome/61.0.3163.100 Safari/537.36"
54.183.130.127 - - [23/Jan/2018:07:44:24 +0100] "GET / HTTP/1.1" 200 2476 "-" "Mozilla/5.0 (Macintosh; Intel Mac OS X 10_12_6) AppleWebKit/537.36 (KHTML, like Gecko) Chrome/61.0.3163.100 Safari/537.36"
54.183.130.127 - - [26/Jan/2018:09:50:52 +0100] "GET / HTTP/1.0" 200 1915 "-" "Mozilla/5.0 (Macintosh; Intel Mac OS X 10_12_6) AppleWebKit/537.36 (KHTML, like Gecko) Chrome/61.0.3163.100 Safari/537.36"
54.183.130.127 - - [26/Jan/2018:09:50:52 +0100] "GET / HTTP/1.1" 200 2476 "-" "Mozilla/5.0 (Macintosh; Intel Mac OS X 10_12_6) AppleWebKit/537.36 (KHTML, like Gecko) Chrome/61.0.3163.100 Safari/537.36"
54.183.130.127 - - [29/Jan/2018:12:02:19 +0100] "GET / HTTP/1.0" 200 1915 "-" "Mozilla/5.0 (Macintosh; Intel Mac OS X 10_12_6) AppleWebKit/537.36 (KHTML, like Gecko) Chrome/61.0.3163.100 Safari/537.36"
54.224.25.158 - - [29/Jan/2018:10:42:12 +0100] "" 400 0 "-" "-"
54.183.130.127 - - [29/Jan/2018:12:02:19 +0100] "GET / HTTP/1.1" 200 2476 "-" "Mozilla/5.0 (Macintosh; Intel Mac OS X 10_12_6) AppleWebKit/537.36 (KHTML, like Gecko) Chrome/61.0.3163.100 Safari/537.36"
54.183.130.127 - - [01/Feb/2018:14:05:06 +0100] "GET / HTTP/1.0" 200 1915 "-" "Mozilla/5.0 (Macintosh; Intel Mac OS X 10_12_6) AppleWebKit/537.36 (KHTML, like Gecko) Chrome/61.0.3163.100 Safari/537.36"
54.183.130.127 - - [01/Feb/2018:14:05:06 +0100] "GET / HTTP/1.1" 200 2476 "-" "Mozilla/5.0 (Macintosh; Intel Mac OS X 10_12_6) AppleWebKit/537.36 (KHTML, like Gecko) Chrome/61.0.3163.100 Safari/537.36"
54.183.130.127 - - [04/Feb/2018:15:59:52 +0100] "GET / HTTP/1.0" 200 1915 "-" "Mozilla/5.0 (Macintosh; Intel Mac OS X 10_12_6) AppleWebKit/537.36 (KHTML, like Gecko) Chrome/61.0.3163.100 Safari/537.36"
54.183.130.127 - - [04/Feb/2018:15:59:52 +0100] "GET / HTTP/1.1" 200 2476 "-" "Mozilla/5.0 (Macintosh; Intel Mac OS X 10_12_6) AppleWebKit/537.36 (KHTML, like Gecko) Chrome/61.0.3163.100 Safari/537.36"
54.183.130.127 - - [07/Feb/2018:17:46:19 +0100] "GET / HTTP/1.0" 200 1915 "-" "Mozilla/5.0 (Macintosh; Intel Mac OS X 10_12_6) AppleWebKit/537.36 (KHTML, like Gecko) Chrome/61.0.3163.100 Safari/537.36"
54.183.130.127 - - [07/Feb/2018:17:46:19 +0100] "GET / HTTP/1.1" 200 2476 "-" "Mozilla/5.0 (Macintosh; Intel Mac OS X 10_12_6) AppleWebKit/537.36 (KHTML, like Gecko) Chrome/61.0.3163.100 Safari/537.36"
54.183.130.127 - - [10/Feb/2018:19:13:24 +0100] "GET / HTTP/1.0" 200 1915 "-" "Mozilla/5.0 (Macintosh; Intel Mac OS X 10_12_6) AppleWebKit/537.36 (KHTML, like Gecko) Chrome/61.0.3163.100 Safari/537.36"
54.183.130.127 - - [10/Feb/2018:19:13:24 +0100] "GET / HTTP/1.1" 200 2476 "-" "Mozilla/5.0 (Macintosh; Intel Mac OS X 10_12_6) AppleWebKit/537.36 (KHTML, like Gecko) Chrome/61.0.3163.100 Safari/537.36"
54.183.130.127 - - [11/Feb/2018:18:46:55 +0100] "GET / HTTP/1.0" 200 1915 "-" "Mozilla/5.0 (Macintosh; Intel Mac OS X 10_12_6) AppleWebKit/537.36 (KHTML, like Gecko) Chrome/61.0.3163.100 Safari/537.36"
54.183.130.127 - - [11/Feb/2018:18:46:55 +0100] "GET / HTTP/1.1" 200 2476 "-" "Mozilla/5.0 (Macintosh; Intel Mac OS X 10_12_6) AppleWebKit/537.36 (KHTML, like Gecko) Chrome/61.0.3163.100 Safari/537.36"
37.58.58.229 - - [13/Feb/2018:15:00:55 +0100] "HEAD / HTTP/1.0" 200 1642 "-" "\"Mozilla/5.0 (X11; Linux x86_64) AppleWebKit/537.36 (KHTML, like Gecko) Chrome/62.0.3202.62 Safari/537.36\""
37.58.58.229 - - [13/Feb/2018:15:00:55 +0100] "GET / HTTP/1.0" 200 415 "-" "\"Mozilla/5.0 (X11; Linux x86_64) AppleWebKit/537.36 (KHTML, like Gecko) Chrome/62.0.3202.62 Safari/537.36\""
37.58.58.229 - - [13/Feb/2018:15:00:55 +0100] "GET /robots.txt HTTP/1.0" 404 1487 "-" "\"Mozilla/5.0 (X11; Linux x86_64) AppleWebKit/537.36 (KHTML, like Gecko) Chrome/62.0.3202.62 Safari/537.36\""
37.58.58.229 - - [13/Feb/2018:15:00:55 +0100] "HEAD /favicon.ico HTTP/1.0" 200 142 "https://appslacoop.fr/" "\"Mozilla/5.0 (X11; Linux x86_64) AppleWebKit/537.36 (KHTML, like Gecko) Chrome/62.0.3202.62 Safari/537.36\""
37.58.58.229 - - [13/Feb/2018:15:00:55 +0100] "HEAD /css/style.css HTTP/1.0" 404 142 "https://appslacoop.fr/" "\"Mozilla/5.0 (X11; Linux x86_64) AppleWebKit/537.36 (KHTML, like Gecko) Chrome/62.0.3202.62 Safari/537.36\""
37.58.58.229 - - [13/Feb/2018:15:00:56 +0100] "HEAD /img/panel-logo.png HTTP/1.0" 404 142 "https://appslacoop.fr/" "\"Mozilla/5.0 (X11; Linux x86_64) AppleWebKit/537.36 (KHTML, like Gecko) Chrome/62.0.3202.62 Safari/537.36\""
37.58.58.229 - - [13/Feb/2018:15:00:56 +0100] "HEAD /img/parallels-logo.png HTTP/1.0" 404 142 "https://appslacoop.fr/" "\"Mozilla/5.0 (X11; Linux x86_64) AppleWebKit/537.36 (KHTML, like Gecko) Chrome/62.0.3202.62 Safari/537.36\""
37.58.58.229 - - [13/Feb/2018:15:00:55 +0100] "GET / HTTP/1.1" 200 2476 "-" "\x22Mozilla/5.0 (X11; Linux x86_64) AppleWebKit/537.36 (KHTML, like Gecko) Chrome/62.0.3202.62 Safari/537.36\x22"
54.183.130.127 - - [16/Feb/2018:07:10:14 +0100] "GET / HTTP/1.0" 200 1915 "-" "Mozilla/5.0 (Macintosh; Intel Mac OS X 10_12_6) AppleWebKit/537.36 (KHTML, like Gecko) Chrome/61.0.3163.100 Safari/537.36"
54.183.130.127 - - [16/Feb/2018:07:10:14 +0100] "GET / HTTP/1.1" 200 2476 "-" "Mozilla/5.0 (Macintosh; Intel Mac OS X 10_12_6) AppleWebKit/537.36 (KHTML, like Gecko) Chrome/61.0.3163.100 Safari/537.36"
54.183.130.127 - - [20/Feb/2018:19:44:59 +0100] "GET / HTTP/1.0" 200 1915 "-" "Mozilla/5.0 (Macintosh; Intel Mac OS X 10_12_6) AppleWebKit/537.36 (KHTML, like Gecko) Chrome/61.0.3163.100 Safari/537.36"
54.183.130.127 - - [20/Feb/2018:19:44:59 +0100] "GET / HTTP/1.1" 200 2476 "-" "Mozilla/5.0 (Macintosh; Intel Mac OS X 10_12_6) AppleWebKit/537.36 (KHTML, like Gecko) Chrome/61.0.3163.100 Safari/537.36"
54.183.130.127 - - [25/Feb/2018:07:21:16 +0100] "GET / HTTP/1.0" 200 1915 "-" "Mozilla/5.0 (Macintosh; Intel Mac OS X 10_12_6) AppleWebKit/537.36 (KHTML, like Gecko) Chrome/61.0.3163.100 Safari/537.36"
54.183.130.127 - - [25/Feb/2018:07:21:16 +0100] "GET / HTTP/1.1" 200 2476 "-" "Mozilla/5.0 (Macintosh; Intel Mac OS X 10_12_6) AppleWebKit/537.36 (KHTML, like Gecko) Chrome/61.0.3163.100 Safari/537.36"
54.183.165.74 - - [02/Mar/2018:07:08:24 +0100] "GET / HTTP/1.0" 200 1915 "-" "Mozilla/5.0 (Macintosh; Intel Mac OS X 10_12_6) AppleWebKit/537.36 (KHTML, like Gecko) Chrome/61.0.3163.100 Safari/537.36"
54.183.165.74 - - [02/Mar/2018:07:08:24 +0100] "GET / HTTP/1.1" 200 2476 "-" "Mozilla/5.0 (Macintosh; Intel Mac OS X 10_12_6) AppleWebKit/537.36 (KHTML, like Gecko) Chrome/61.0.3163.100 Safari/537.36"
31.184.224.133 - - [04/Mar/2018:21:08:19 +0100] "GET / HTTP/1.0" 200 1915 "-" "Mozilla/5.0 (Windows NT 6.3; rv:36.0) Gecko/20100101 Firefox/36.0"
31.184.224.152 - - [04/Mar/2018:21:09:59 +0100] "GET /store/ HTTP/1.0" 404 1487 "-" "Mozilla/5.0 (Windows NT 6.3; rv:36.0) Gecko/20100101 Firefox/36.0"
31.184.224.147 - - [04/Mar/2018:21:10:09 +0100] "GET /shop/ HTTP/1.0" 404 1487 "-" "Mozilla/5.0 (Windows NT 6.3; rv:36.0) Gecko/20100101 Firefox/36.0"
31.184.224.157 - - [04/Mar/2018:21:10:18 +0100] "GET /catalog/ HTTP/1.0" 404 1487 "-" "Mozilla/5.0 (Windows NT 6.3; rv:36.0) Gecko/20100101 Firefox/36.0"
31.184.224.152 - - [04/Mar/2018:21:10:32 +0100] "GET /cart/ HTTP/1.0" 404 1487 "-" "Mozilla/5.0 (Windows NT 6.3; rv:36.0) Gecko/20100101 Firefox/36.0"
31.184.224.131 - - [04/Mar/2018:21:11:00 +0100] "GET /catalog/ HTTP/1.0" 404 1487 "-" "Mozilla/5.0 (Windows NT 6.3; rv:36.0) Gecko/20100101 Firefox/36.0"
217.79.191.110 - - [04/Mar/2018:21:11:14 +0100] "GET /cart/ HTTP/1.0" 404 1487 "-" "Mozilla/5.0 (Windows NT 6.3; rv:36.0) Gecko/20100101 Firefox/36.0"
31.184.224.133 - - [04/Mar/2018:21:08:19 +0100] "GET / HTTP/1.1" 200 2476 "-" "Mozilla/5.0 (Windows NT 6.3; rv:36.0) Gecko/20100101 Firefox/36.0"
54.183.165.74 - - [06/Mar/2018:17:28:07 +0100] "GET / HTTP/1.0" 200 1915 "-" "Mozilla/5.0 (Macintosh; Intel Mac OS X 10_12_6) AppleWebKit/537.36 (KHTML, like Gecko) Chrome/61.0.3163.100 Safari/537.36"
13.231.118.212 - - [06/Mar/2018:12:12:41 +0100] "" 400 0 "-" "-"
54.183.165.74 - - [06/Mar/2018:17:28:07 +0100] "GET / HTTP/1.1" 200 2476 "-" "Mozilla/5.0 (Macintosh; Intel Mac OS X 10_12_6) AppleWebKit/537.36 (KHTML, like Gecko) Chrome/61.0.3163.100 Safari/537.36"
54.183.165.74 - - [11/Mar/2018:04:05:09 +0100] "GET / HTTP/1.0" 200 415 "-" "Mozilla/5.0 (Macintosh; Intel Mac OS X 10_12_6) AppleWebKit/537.36 (KHTML, like Gecko) Chrome/61.0.3163.100 Safari/537.36"
54.183.165.74 - - [11/Mar/2018:04:05:09 +0100] "GET / HTTP/1.1" 200 2476 "-" "Mozilla/5.0 (Macintosh; Intel Mac OS X 10_12_6) AppleWebKit/537.36 (KHTML, like Gecko) Chrome/61.0.3163.100 Safari/537.36"
54.183.165.74 - - [15/Mar/2018:14:40:32 +0100] "GET / HTTP/1.0" 200 1915 "-" "Mozilla/5.0 (Macintosh; Intel Mac OS X 10_12_6) AppleWebKit/537.36 (KHTML, like Gecko) Chrome/61.0.3163.100 Safari/537.36"
54.183.165.74 - - [15/Mar/2018:14:40:32 +0100] "GET / HTTP/1.1" 200 2476 "-" "Mozilla/5.0 (Macintosh; Intel Mac OS X 10_12_6) AppleWebKit/537.36 (KHTML, like Gecko) Chrome/61.0.3163.100 Safari/537.36"
54.183.165.74 - - [20/Mar/2018:00:45:36 +0100] "GET / HTTP/1.0" 200 1915 "-" "Mozilla/5.0 (Macintosh; Intel Mac OS X 10_12_6) AppleWebKit/537.36 (KHTML, like Gecko) Chrome/61.0.3163.100 Safari/537.36"
54.183.165.74 - - [20/Mar/2018:00:45:36 +0100] "GET / HTTP/1.1" 200 2476 "-" "Mozilla/5.0 (Macintosh; Intel Mac OS X 10_12_6) AppleWebKit/537.36 (KHTML, like Gecko) Chrome/61.0.3163.100 Safari/537.36"
157.55.39.53 - - [22/Mar/2018:17:35:45 +0100] "GET /robots.txt HTTP/1.0" 404 2987 "-" "Mozilla/5.0 (compatible; bingbot/2.0; +http://www.bing.com/bingbot.htm)"
157.55.39.53 - - [22/Mar/2018:17:35:45 +0100] "GET /robots.txt HTTP/1.0" 404 1487 "-" "Mozilla/5.0 (compatible; bingbot/2.0; +http://www.bing.com/bingbot.htm)"
40.77.167.174 - - [22/Mar/2018:17:36:09 +0100] "GET / HTTP/1.0" 200 415 "-" "Mozilla/5.0 (compatible; bingbot/2.0; +http://www.bing.com/bingbot.htm)"
40.77.167.174 - - [22/Mar/2018:17:36:09 +0100] "GET / HTTP/1.1" 200 2476 "-" "Mozilla/5.0 (compatible; bingbot/2.0; +http://www.bing.com/bingbot.htm)"
40.77.167.205 - - [23/Mar/2018:07:28:23 +0100] "GET / HTTP/1.0" 200 1915 "-" "Mozilla/5.0 (compatible; bingbot/2.0; +http://www.bing.com/bingbot.htm)"
40.77.167.209 - - [23/Mar/2018:21:09:43 +0100] "GET / HTTP/1.0" 200 1915 "-" "Mozilla/5.0 (compatible; bingbot/2.0; +http://www.bing.com/bingbot.htm)"
40.77.167.205 - - [23/Mar/2018:07:28:23 +0100] "GET / HTTP/1.1" 200 2476 "-" "Mozilla/5.0 (compatible; bingbot/2.0; +http://www.bing.com/bingbot.htm)"
40.77.167.209 - - [23/Mar/2018:21:09:43 +0100] "GET / HTTP/1.1" 200 2476 "-" "Mozilla/5.0 (compatible; bingbot/2.0; +http://www.bing.com/bingbot.htm)"
54.183.165.74 - - [24/Mar/2018:09:12:10 +0100] "GET / HTTP/1.0" 200 415 "-" "Mozilla/5.0 (Macintosh; Intel Mac OS X 10_12_6) AppleWebKit/537.36 (KHTML, like Gecko) Chrome/61.0.3163.100 Safari/537.36"
157.55.39.184 - - [24/Mar/2018:11:24:38 +0100] "GET / HTTP/1.0" 200 1915 "-" "Mozilla/5.0 (compatible; bingbot/2.0; +http://www.bing.com/bingbot.htm)"
54.183.165.74 - - [24/Mar/2018:09:12:10 +0100] "GET / HTTP/1.1" 200 2476 "-" "Mozilla/5.0 (Macintosh; Intel Mac OS X 10_12_6) AppleWebKit/537.36 (KHTML, like Gecko) Chrome/61.0.3163.100 Safari/537.36"
157.55.39.184 - - [24/Mar/2018:11:24:38 +0100] "GET / HTTP/1.1" 200 2476 "-" "Mozilla/5.0 (compatible; bingbot/2.0; +http://www.bing.com/bingbot.htm)"
207.46.13.198 - - [26/Mar/2018:15:23:00 +0200] "GET /robots.txt HTTP/1.0" 404 1487 "-" "Mozilla/5.0 (compatible; bingbot/2.0; +http://www.bing.com/bingbot.htm)"
207.46.13.198 - - [26/Mar/2018:15:23:04 +0200] "GET /robots.txt HTTP/1.0" 404 1487 "-" "Mozilla/5.0 (compatible; bingbot/2.0; +http://www.bing.com/bingbot.htm)"
40.77.167.108 - - [26/Mar/2018:15:23:08 +0200] "GET / HTTP/1.0" 200 415 "-" "Mozilla/5.0 (compatible; bingbot/2.0; +http://www.bing.com/bingbot.htm)"
37.58.58.230 - - [26/Mar/2018:18:00:34 +0200] "HEAD / HTTP/1.0" 200 1642 "-" "\"Mozilla/5.0 (Macintosh; Intel Mac OS X 10_9_5) AppleWebKit/537.36 (KHTML, like Gecko) Chrome/61.0.3163.100 Safari/537.36\""
37.58.58.230 - - [26/Mar/2018:18:00:34 +0200] "GET / HTTP/1.0" 200 415 "-" "\"Mozilla/5.0 (Macintosh; Intel Mac OS X 10_9_5) AppleWebKit/537.36 (KHTML, like Gecko) Chrome/61.0.3163.100 Safari/537.36\""
37.58.58.230 - - [26/Mar/2018:18:00:34 +0200] "GET /robots.txt HTTP/1.0" 404 1487 "-" "\"Mozilla/5.0 (Macintosh; Intel Mac OS X 10_9_5) AppleWebKit/537.36 (KHTML, like Gecko) Chrome/61.0.3163.100 Safari/537.36\""
37.58.58.230 - - [26/Mar/2018:18:00:34 +0200] "HEAD /favicon.ico HTTP/1.0" 200 142 "https://appslacoop.fr/" "\"Mozilla/5.0 (Macintosh; Intel Mac OS X 10_9_5) AppleWebKit/537.36 (KHTML, like Gecko) Chrome/61.0.3163.100 Safari/537.36\""
37.58.58.230 - - [26/Mar/2018:18:00:34 +0200] "HEAD /css/style.css HTTP/1.0" 404 142 "https://appslacoop.fr/" "\"Mozilla/5.0 (Macintosh; Intel Mac OS X 10_9_5) AppleWebKit/537.36 (KHTML, like Gecko) Chrome/61.0.3163.100 Safari/537.36\""
37.58.58.230 - - [26/Mar/2018:18:00:34 +0200] "HEAD /img/panel-logo.png HTTP/1.0" 404 142 "https://appslacoop.fr/" "\"Mozilla/5.0 (Macintosh; Intel Mac OS X 10_9_5) AppleWebKit/537.36 (KHTML, like Gecko) Chrome/61.0.3163.100 Safari/537.36\""
37.58.58.230 - - [26/Mar/2018:18:00:34 +0200] "HEAD /img/parallels-logo.png HTTP/1.0" 404 142 "https://appslacoop.fr/" "\"Mozilla/5.0 (Macintosh; Intel Mac OS X 10_9_5) AppleWebKit/537.36 (KHTML, like Gecko) Chrome/61.0.3163.100 Safari/537.36\""
157.55.39.153 - - [26/Mar/2018:22:19:19 +0200] "GET / HTTP/1.0" 200 1915 "-" "Mozilla/5.0 (compatible; bingbot/2.0; +http://www.bing.com/bingbot.htm)"
157.55.39.153 - - [26/Mar/2018:22:19:29 +0200] "GET /css/style.css HTTP/1.0" 404 1487 "-" "Mozilla/5.0 (compatible; bingbot/2.0; +http://www.bing.com/bingbot.htm)"
157.55.39.153 - - [27/Mar/2018:04:39:41 +0200] "GET / HTTP/1.0" 200 1915 "-" "Mozilla/5.0 (compatible; bingbot/2.0; +http://www.bing.com/bingbot.htm)"
40.77.167.108 - - [26/Mar/2018:15:23:08 +0200] "GET / HTTP/1.1" 200 2476 "-" "Mozilla/5.0 (compatible; bingbot/2.0; +http://www.bing.com/bingbot.htm)"
37.58.58.230 - - [26/Mar/2018:18:00:34 +0200] "GET / HTTP/1.1" 200 2476 "-" "\x22Mozilla/5.0 (Macintosh; Intel Mac OS X 10_9_5) AppleWebKit/537.36 (KHTML, like Gecko) Chrome/61.0.3163.100 Safari/537.36\x22"
157.55.39.153 - - [26/Mar/2018:22:19:19 +0200] "GET / HTTP/1.1" 200 2476 "-" "Mozilla/5.0 (compatible; bingbot/2.0; +http://www.bing.com/bingbot.htm)"
157.55.39.153 - - [27/Mar/2018:04:39:41 +0200] "GET / HTTP/1.1" 200 2476 "-" "Mozilla/5.0 (compatible; bingbot/2.0; +http://www.bing.com/bingbot.htm)"
157.55.39.153 - - [27/Mar/2018:19:01:50 +0200] "GET / HTTP/1.0" 200 1915 "-" "Mozilla/5.0 (compatible; bingbot/2.0; +http://www.bing.com/bingbot.htm)"
157.55.39.153 - - [27/Mar/2018:19:01:50 +0200] "GET / HTTP/1.1" 200 2476 "-" "Mozilla/5.0 (compatible; bingbot/2.0; +http://www.bing.com/bingbot.htm)"
207.46.13.165 - - [28/Mar/2018:09:37:53 +0200] "GET / HTTP/1.0" 200 415 "-" "Mozilla/5.0 (compatible; bingbot/2.0; +http://www.bing.com/bingbot.htm)"
54.183.165.74 - - [28/Mar/2018:18:54:21 +0200] "GET / HTTP/1.0" 200 1915 "-" "Mozilla/5.0 (Macintosh; Intel Mac OS X 10_12_6) AppleWebKit/537.36 (KHTML, like Gecko) Chrome/61.0.3163.100 Safari/537.36"
207.46.13.196 - - [28/Mar/2018:21:17:06 +0200] "GET /robots.txt HTTP/1.0" 404 2987 "-" "Mozilla/5.0 (compatible; bingbot/2.0; +http://www.bing.com/bingbot.htm)"
207.46.13.196 - - [28/Mar/2018:21:17:07 +0200] "GET /robots.txt HTTP/1.0" 404 1487 "-" "Mozilla/5.0 (compatible; bingbot/2.0; +http://www.bing.com/bingbot.htm)"
40.77.167.117 - - [28/Mar/2018:21:17:10 +0200] "GET / HTTP/1.0" 200 415 "-" "Mozilla/5.0 (compatible; bingbot/2.0; +http://www.bing.com/bingbot.htm)"
207.46.13.165 - - [28/Mar/2018:09:37:53 +0200] "GET / HTTP/1.1" 200 2476 "-" "Mozilla/5.0 (compatible; bingbot/2.0; +http://www.bing.com/bingbot.htm)"
54.183.165.74 - - [28/Mar/2018:18:54:21 +0200] "GET / HTTP/1.1" 200 2476 "-" "Mozilla/5.0 (Macintosh; Intel Mac OS X 10_12_6) AppleWebKit/537.36 (KHTML, like Gecko) Chrome/61.0.3163.100 Safari/537.36"
40.77.167.117 - - [28/Mar/2018:21:17:10 +0200] "GET / HTTP/1.1" 200 2476 "-" "Mozilla/5.0 (compatible; bingbot/2.0; +http://www.bing.com/bingbot.htm)"
157.55.39.65 - - [29/Mar/2018:12:05:56 +0200] "GET / HTTP/1.0" 200 1915 "-" "Mozilla/5.0 (compatible; bingbot/2.0; +http://www.bing.com/bingbot.htm)"
157.55.39.65 - - [30/Mar/2018:00:00:49 +0200] "GET / HTTP/1.0" 200 1915 "-" "Mozilla/5.0 (compatible; bingbot/2.0; +http://www.bing.com/bingbot.htm)"
157.55.39.65 - - [29/Mar/2018:12:05:56 +0200] "GET / HTTP/1.1" 200 2476 "-" "Mozilla/5.0 (compatible; bingbot/2.0; +http://www.bing.com/bingbot.htm)"
157.55.39.65 - - [30/Mar/2018:00:00:49 +0200] "GET / HTTP/1.1" 200 2476 "-" "Mozilla/5.0 (compatible; bingbot/2.0; +http://www.bing.com/bingbot.htm)"
31.184.224.143 - - [30/Mar/2018:13:52:05 +0200] "GET / HTTP/1.0" 200 415 "-" "Mozilla/5.0 (Windows NT 6.3; rv:36.0) Gecko/20100101 Firefox/36.0"
31.184.224.148 - - [30/Mar/2018:13:52:18 +0200] "GET / HTTP/1.0" 200 415 "-" "Mozilla/5.0 (Windows NT 6.3; rv:36.0) Gecko/20100101 Firefox/36.0"
31.184.224.145 - - [30/Mar/2018:13:55:19 +0200] "GET /store/ HTTP/1.0" 404 2987 "-" "Mozilla/5.0 (Windows NT 6.3; rv:36.0) Gecko/20100101 Firefox/36.0"
31.184.224.135 - - [30/Mar/2018:13:55:31 +0200] "GET /shop/ HTTP/1.0" 404 1487 "-" "Mozilla/5.0 (Windows NT 6.3; rv:36.0) Gecko/20100101 Firefox/36.0"
31.184.224.137 - - [30/Mar/2018:13:55:44 +0200] "GET /catalog/ HTTP/1.0" 404 1487 "-" "Mozilla/5.0 (Windows NT 6.3; rv:36.0) Gecko/20100101 Firefox/36.0"
31.184.224.140 - - [30/Mar/2018:13:55:57 +0200] "GET /cart/ HTTP/1.0" 404 1487 "-" "Mozilla/5.0 (Windows NT 6.3; rv:36.0) Gecko/20100101 Firefox/36.0"
217.79.191.111 - - [30/Mar/2018:13:56:11 +0200] "GET /store/ HTTP/1.0" 404 1487 "-" "Mozilla/5.0 (Windows NT 6.3; rv:36.0) Gecko/20100101 Firefox/36.0"
31.184.224.146 - - [30/Mar/2018:13:56:19 +0200] "GET /shop/ HTTP/1.0" 404 1487 "-" "Mozilla/5.0 (Windows NT 6.3; rv:36.0) Gecko/20100101 Firefox/36.0"
31.184.224.155 - - [30/Mar/2018:13:56:35 +0200] "GET /catalog/ HTTP/1.0" 404 1487 "-" "Mozilla/5.0 (Windows NT 6.3; rv:36.0) Gecko/20100101 Firefox/36.0"
31.184.224.136 - - [30/Mar/2018:13:56:48 +0200] "GET /cart/ HTTP/1.0" 404 1487 "-" "Mozilla/5.0 (Windows NT 6.3; rv:36.0) Gecko/20100101 Firefox/36.0"
207.46.13.100 - - [30/Mar/2018:14:47:13 +0200] "GET / HTTP/1.0" 200 1915 "-" "Mozilla/5.0 (compatible; bingbot/2.0; +http://www.bing.com/bingbot.htm)"
157.55.39.26 - - [31/Mar/2018:03:21:14 +0200] "GET /robots.txt HTTP/1.0" 404 2987 "-" "Mozilla/5.0 (compatible; bingbot/2.0; +http://www.bing.com/bingbot.htm)"
157.55.39.26 - - [31/Mar/2018:03:21:18 +0200] "GET /robots.txt HTTP/1.0" 404 1487 "-" "Mozilla/5.0 (compatible; bingbot/2.0; +http://www.bing.com/bingbot.htm)"
40.77.167.101 - - [31/Mar/2018:03:21:21 +0200] "GET / HTTP/1.0" 200 415 "-" "Mozilla/5.0 (compatible; bingbot/2.0; +http://www.bing.com/bingbot.htm)"
31.184.224.143 - - [30/Mar/2018:13:52:05 +0200] "GET / HTTP/1.1" 200 2476 "-" "Mozilla/5.0 (Windows NT 6.3; rv:36.0) Gecko/20100101 Firefox/36.0"
31.184.224.148 - - [30/Mar/2018:13:52:18 +0200] "GET / HTTP/1.1" 200 2476 "-" "Mozilla/5.0 (Windows NT 6.3; rv:36.0) Gecko/20100101 Firefox/36.0"
207.46.13.100 - - [30/Mar/2018:14:47:13 +0200] "GET / HTTP/1.1" 200 2476 "-" "Mozilla/5.0 (compatible; bingbot/2.0; +http://www.bing.com/bingbot.htm)"
40.77.167.101 - - [31/Mar/2018:03:21:21 +0200] "GET / HTTP/1.1" 200 2476 "-" "Mozilla/5.0 (compatible; bingbot/2.0; +http://www.bing.com/bingbot.htm)"
157.55.39.160 - - [01/Apr/2018:08:57:01 +0200] "GET / HTTP/1.0" 200 1915 "-" "Mozilla/5.0 (compatible; bingbot/2.0; +http://www.bing.com/bingbot.htm)"
157.55.39.160 - - [01/Apr/2018:22:02:19 +0200] "GET / HTTP/1.0" 200 1915 "-" "Mozilla/5.0 (compatible; bingbot/2.0; +http://www.bing.com/bingbot.htm)"
54.183.165.74 - - [02/Apr/2018:03:40:50 +0200] "GET / HTTP/1.0" 200 1915 "-" "Mozilla/5.0 (Macintosh; Intel Mac OS X 10_12_6) AppleWebKit/537.36 (KHTML, like Gecko) Chrome/61.0.3163.100 Safari/537.36"
157.55.39.160 - - [01/Apr/2018:08:57:01 +0200] "GET / HTTP/1.1" 200 2476 "-" "Mozilla/5.0 (compatible; bingbot/2.0; +http://www.bing.com/bingbot.htm)"
157.55.39.160 - - [01/Apr/2018:22:02:19 +0200] "GET / HTTP/1.1" 200 2476 "-" "Mozilla/5.0 (compatible; bingbot/2.0; +http://www.bing.com/bingbot.htm)"
54.183.165.74 - - [02/Apr/2018:03:40:50 +0200] "GET / HTTP/1.1" 200 2476 "-" "Mozilla/5.0 (Macintosh; Intel Mac OS X 10_12_6) AppleWebKit/537.36 (KHTML, like Gecko) Chrome/61.0.3163.100 Safari/537.36"
207.46.13.205 - - [02/Apr/2018:11:45:13 +0200] "GET /robots.txt HTTP/1.0" 404 2987 "-" "Mozilla/5.0 (compatible; bingbot/2.0; +http://www.bing.com/bingbot.htm)"
207.46.13.205 - - [02/Apr/2018:11:45:14 +0200] "GET /robots.txt HTTP/1.0" 404 1487 "-" "Mozilla/5.0 (compatible; bingbot/2.0; +http://www.bing.com/bingbot.htm)"
157.55.39.160 - - [02/Apr/2018:11:45:28 +0200] "GET / HTTP/1.0" 200 415 "-" "Mozilla/5.0 (compatible; bingbot/2.0; +http://www.bing.com/bingbot.htm)"
40.77.167.62 - - [03/Apr/2018:01:08:34 +0200] "GET / HTTP/1.0" 200 1915 "-" "Mozilla/5.0 (compatible; bingbot/2.0; +http://www.bing.com/bingbot.htm)"
157.55.39.160 - - [02/Apr/2018:11:45:28 +0200] "GET / HTTP/1.1" 200 2476 "-" "Mozilla/5.0 (compatible; bingbot/2.0; +http://www.bing.com/bingbot.htm)"
40.77.167.62 - - [03/Apr/2018:01:08:34 +0200] "GET / HTTP/1.1" 200 2476 "-" "Mozilla/5.0 (compatible; bingbot/2.0; +http://www.bing.com/bingbot.htm)"
157.55.39.17 - - [03/Apr/2018:15:48:15 +0200] "GET / HTTP/1.0" 200 415 "-" "Mozilla/5.0 (compatible; bingbot/2.0; +http://www.bing.com/bingbot.htm)"
157.55.39.17 - - [03/Apr/2018:15:48:15 +0200] "GET / HTTP/1.1" 200 2476 "-" "Mozilla/5.0 (compatible; bingbot/2.0; +http://www.bing.com/bingbot.htm)"
207.46.13.73 - - [04/Apr/2018:18:39:48 +0200] "GET /robots.txt HTTP/1.0" 404 1487 "-" "Mozilla/5.0 (compatible; bingbot/2.0; +http://www.bing.com/bingbot.htm)"
207.46.13.73 - - [04/Apr/2018:18:39:49 +0200] "GET /robots.txt HTTP/1.0" 404 1487 "-" "Mozilla/5.0 (compatible; bingbot/2.0; +http://www.bing.com/bingbot.htm)"
