207.46.13.12 - - [21/Oct/2018:17:09:29 +0200] "GET / HTTP/1.1" 200 2476 "-" "Mozilla/5.0 (compatible; bingbot/2.0; +http://www.bing.com/bingbot.htm)"
207.46.13.12 - - [22/Oct/2018:04:45:59 +0200] "GET / HTTP/1.1" 200 2476 "-" "Mozilla/5.0 (compatible; bingbot/2.0; +http://www.bing.com/bingbot.htm)"
207.46.13.12 - - [22/Oct/2018:19:38:15 +0200] "GET / HTTP/1.0" 200 1915 "-" "Mozilla/5.0 (compatible; bingbot/2.0; +http://www.bing.com/bingbot.htm)"
207.46.13.12 - - [22/Oct/2018:19:38:15 +0200] "GET / HTTP/1.1" 200 2476 "-" "Mozilla/5.0 (compatible; bingbot/2.0; +http://www.bing.com/bingbot.htm)"
207.46.13.12 - - [23/Oct/2018:08:22:28 +0200] "GET / HTTP/1.0" 200 1915 "-" "Mozilla/5.0 (compatible; bingbot/2.0; +http://www.bing.com/bingbot.htm)"
157.55.39.22 - - [24/Oct/2018:00:18:00 +0200] "GET /robots.txt HTTP/1.0" 404 2987 "-" "Mozilla/5.0 (compatible; bingbot/2.0; +http://www.bing.com/bingbot.htm)"
157.55.39.22 - - [24/Oct/2018:00:18:01 +0200] "GET /robots.txt HTTP/1.0" 404 1487 "-" "Mozilla/5.0 (compatible; bingbot/2.0; +http://www.bing.com/bingbot.htm)"
207.46.13.12 - - [24/Oct/2018:00:18:04 +0200] "GET / HTTP/1.0" 200 415 "-" "Mozilla/5.0 (compatible; bingbot/2.0; +http://www.bing.com/bingbot.htm)"
207.46.13.12 - - [23/Oct/2018:08:22:28 +0200] "GET / HTTP/1.1" 200 2476 "-" "Mozilla/5.0 (compatible; bingbot/2.0; +http://www.bing.com/bingbot.htm)"
207.46.13.12 - - [24/Oct/2018:00:18:04 +0200] "GET / HTTP/1.1" 200 2476 "-" "Mozilla/5.0 (compatible; bingbot/2.0; +http://www.bing.com/bingbot.htm)"
37.58.58.230 - - [24/Oct/2018:06:49:52 +0200] "HEAD / HTTP/1.0" 200 1642 "-" "\"Mozilla/5.0 (Macintosh; Intel Mac OS X 10_12_6) AppleWebKit/604.3.5 (KHTML, like Gecko) Version/11.0.1 Safari/604.3.5\""
37.58.58.230 - - [24/Oct/2018:06:49:52 +0200] "GET / HTTP/1.0" 200 415 "-" "\"Mozilla/5.0 (Macintosh; Intel Mac OS X 10_12_6) AppleWebKit/604.3.5 (KHTML, like Gecko) Version/11.0.1 Safari/604.3.5\""
37.58.58.230 - - [24/Oct/2018:06:49:52 +0200] "GET /robots.txt HTTP/1.0" 404 1487 "-" "\"Mozilla/5.0 (Macintosh; Intel Mac OS X 10_12_6) AppleWebKit/604.3.5 (KHTML, like Gecko) Version/11.0.1 Safari/604.3.5\""
37.58.58.230 - - [24/Oct/2018:06:49:52 +0200] "HEAD /favicon.ico HTTP/1.0" 200 142 "https://appslacoop.fr/" "\"Mozilla/5.0 (Macintosh; Intel Mac OS X 10_12_6) AppleWebKit/604.3.5 (KHTML, like Gecko) Version/11.0.1 Safari/604.3.5\""
37.58.58.230 - - [24/Oct/2018:06:49:52 +0200] "HEAD /css/style.css HTTP/1.0" 404 142 "https://appslacoop.fr/" "\"Mozilla/5.0 (Macintosh; Intel Mac OS X 10_12_6) AppleWebKit/604.3.5 (KHTML, like Gecko) Version/11.0.1 Safari/604.3.5\""
37.58.58.230 - - [24/Oct/2018:06:49:53 +0200] "HEAD /img/panel-logo.png HTTP/1.0" 404 142 "https://appslacoop.fr/" "\"Mozilla/5.0 (Macintosh; Intel Mac OS X 10_12_6) AppleWebKit/604.3.5 (KHTML, like Gecko) Version/11.0.1 Safari/604.3.5\""
37.58.58.230 - - [24/Oct/2018:06:49:53 +0200] "HEAD /img/parallels-logo.png HTTP/1.0" 404 142 "https://appslacoop.fr/" "\"Mozilla/5.0 (Macintosh; Intel Mac OS X 10_12_6) AppleWebKit/604.3.5 (KHTML, like Gecko) Version/11.0.1 Safari/604.3.5\""
13.57.233.99 - - [24/Oct/2018:11:52:06 +0200] "GET / HTTP/1.0" 200 415 "-" "Mozilla/5.0 (Macintosh; Intel Mac OS X 10_12_6) AppleWebKit/537.36 (KHTML, like Gecko) Chrome/61.0.3163.100 Safari/537.36"
207.46.13.12 - - [24/Oct/2018:14:01:16 +0200] "GET / HTTP/1.0" 200 415 "-" "Mozilla/5.0 (compatible; bingbot/2.0; +http://www.bing.com/bingbot.htm)"
207.46.13.12 - - [25/Oct/2018:03:57:27 +0200] "GET / HTTP/1.0" 200 415 "-" "Mozilla/5.0 (compatible; bingbot/2.0; +http://www.bing.com/bingbot.htm)"
37.58.58.230 - - [24/Oct/2018:06:49:52 +0200] "GET / HTTP/1.1" 200 2476 "-" "\x22Mozilla/5.0 (Macintosh; Intel Mac OS X 10_12_6) AppleWebKit/604.3.5 (KHTML, like Gecko) Version/11.0.1 Safari/604.3.5\x22"
13.57.233.99 - - [24/Oct/2018:11:52:06 +0200] "GET / HTTP/1.1" 200 2476 "-" "Mozilla/5.0 (Macintosh; Intel Mac OS X 10_12_6) AppleWebKit/537.36 (KHTML, like Gecko) Chrome/61.0.3163.100 Safari/537.36"
207.46.13.12 - - [24/Oct/2018:14:01:16 +0200] "GET / HTTP/1.1" 200 2476 "-" "Mozilla/5.0 (compatible; bingbot/2.0; +http://www.bing.com/bingbot.htm)"
207.46.13.12 - - [25/Oct/2018:03:57:27 +0200] "GET / HTTP/1.1" 200 2476 "-" "Mozilla/5.0 (compatible; bingbot/2.0; +http://www.bing.com/bingbot.htm)"
207.46.13.12 - - [25/Oct/2018:18:42:23 +0200] "GET / HTTP/1.0" 200 1915 "-" "Mozilla/5.0 (compatible; bingbot/2.0; +http://www.bing.com/bingbot.htm)"
207.46.13.12 - - [25/Oct/2018:18:42:23 +0200] "GET / HTTP/1.1" 200 2476 "-" "Mozilla/5.0 (compatible; bingbot/2.0; +http://www.bing.com/bingbot.htm)"
157.55.39.7 - - [26/Oct/2018:07:32:38 +0200] "GET /robots.txt HTTP/1.0" 404 1487 "-" "Mozilla/5.0 (compatible; bingbot/2.0; +http://www.bing.com/bingbot.htm)"
157.55.39.7 - - [26/Oct/2018:07:32:39 +0200] "GET /robots.txt HTTP/1.0" 404 1487 "-" "Mozilla/5.0 (compatible; bingbot/2.0; +http://www.bing.com/bingbot.htm)"
207.46.13.12 - - [26/Oct/2018:07:33:00 +0200] "GET / HTTP/1.0" 200 415 "-" "Mozilla/5.0 (compatible; bingbot/2.0; +http://www.bing.com/bingbot.htm)"
207.46.13.12 - - [26/Oct/2018:21:15:51 +0200] "GET / HTTP/1.0" 200 415 "-" "Mozilla/5.0 (compatible; bingbot/2.0; +http://www.bing.com/bingbot.htm)"
207.46.13.12 - - [26/Oct/2018:22:43:05 +0200] "GET / HTTP/1.0" 200 1915 "-" "Mozilla/5.0 (compatible; bingbot/2.0; +http://www.bing.com/bingbot.htm)"
207.46.13.12 - - [26/Oct/2018:07:33:00 +0200] "GET / HTTP/1.1" 200 2476 "-" "Mozilla/5.0 (compatible; bingbot/2.0; +http://www.bing.com/bingbot.htm)"
207.46.13.12 - - [26/Oct/2018:21:15:51 +0200] "GET / HTTP/1.1" 304 0 "-" "Mozilla/5.0 (compatible; bingbot/2.0; +http://www.bing.com/bingbot.htm)"
207.46.13.12 - - [26/Oct/2018:22:43:05 +0200] "GET / HTTP/1.1" 200 2476 "-" "Mozilla/5.0 (compatible; bingbot/2.0; +http://www.bing.com/bingbot.htm)"
13.57.233.99 - - [27/Oct/2018:10:02:38 +0200] "GET / HTTP/1.0" 200 415 "-" "Mozilla/5.0 (Macintosh; Intel Mac OS X 10_12_6) AppleWebKit/537.36 (KHTML, like Gecko) Chrome/61.0.3163.100 Safari/537.36"
207.46.13.12 - - [27/Oct/2018:13:05:05 +0200] "GET / HTTP/1.0" 200 415 "-" "Mozilla/5.0 (compatible; bingbot/2.0; +http://www.bing.com/bingbot.htm)"
207.46.13.12 - - [28/Oct/2018:02:21:50 +0200] "GET / HTTP/1.0" 200 415 "-" "Mozilla/5.0 (compatible; bingbot/2.0; +http://www.bing.com/bingbot.htm)"
13.57.233.99 - - [27/Oct/2018:10:02:38 +0200] "GET / HTTP/1.1" 200 2476 "-" "Mozilla/5.0 (Macintosh; Intel Mac OS X 10_12_6) AppleWebKit/537.36 (KHTML, like Gecko) Chrome/61.0.3163.100 Safari/537.36"
207.46.13.12 - - [27/Oct/2018:13:05:05 +0200] "GET / HTTP/1.1" 200 2476 "-" "Mozilla/5.0 (compatible; bingbot/2.0; +http://www.bing.com/bingbot.htm)"
207.46.13.12 - - [28/Oct/2018:02:21:50 +0200] "GET / HTTP/1.1" 200 2476 "-" "Mozilla/5.0 (compatible; bingbot/2.0; +http://www.bing.com/bingbot.htm)"
157.55.39.10 - - [28/Oct/2018:16:40:50 +0100] "GET /robots.txt HTTP/1.0" 404 1487 "-" "Mozilla/5.0 (compatible; bingbot/2.0; +http://www.bing.com/bingbot.htm)"
157.55.39.10 - - [28/Oct/2018:16:40:51 +0100] "GET /robots.txt HTTP/1.0" 404 1487 "-" "Mozilla/5.0 (compatible; bingbot/2.0; +http://www.bing.com/bingbot.htm)"
207.46.13.12 - - [28/Oct/2018:16:41:00 +0100] "GET / HTTP/1.0" 200 415 "-" "Mozilla/5.0 (compatible; bingbot/2.0; +http://www.bing.com/bingbot.htm)"
207.46.13.12 - - [28/Oct/2018:20:54:12 +0100] "GET / HTTP/1.0" 200 415 "-" "Mozilla/5.0 (compatible; bingbot/2.0; +http://www.bing.com/bingbot.htm)"
207.46.13.12 - - [28/Oct/2018:16:41:00 +0100] "GET / HTTP/1.1" 200 2476 "-" "Mozilla/5.0 (compatible; bingbot/2.0; +http://www.bing.com/bingbot.htm)"
207.46.13.12 - - [28/Oct/2018:20:54:12 +0100] "GET / HTTP/1.1" 200 2476 "-" "Mozilla/5.0 (compatible; bingbot/2.0; +http://www.bing.com/bingbot.htm)"
207.46.13.12 - - [29/Oct/2018:08:32:53 +0100] "GET / HTTP/1.0" 200 1915 "-" "Mozilla/5.0 (compatible; bingbot/2.0; +http://www.bing.com/bingbot.htm)"
207.46.13.12 - - [30/Oct/2018:00:02:57 +0100] "GET / HTTP/1.0" 200 415 "-" "Mozilla/5.0 (compatible; bingbot/2.0; +http://www.bing.com/bingbot.htm)"
207.46.13.12 - - [29/Oct/2018:08:32:53 +0100] "GET / HTTP/1.1" 200 2476 "-" "Mozilla/5.0 (compatible; bingbot/2.0; +http://www.bing.com/bingbot.htm)"
207.46.13.12 - - [30/Oct/2018:00:02:57 +0100] "GET / HTTP/1.1" 200 2476 "-" "Mozilla/5.0 (compatible; bingbot/2.0; +http://www.bing.com/bingbot.htm)"
13.57.233.99 - - [30/Oct/2018:07:19:06 +0100] "GET / HTTP/1.0" 200 415 "-" "Mozilla/5.0 (Macintosh; Intel Mac OS X 10_12_6) AppleWebKit/537.36 (KHTML, like Gecko) Chrome/61.0.3163.100 Safari/537.36"
207.46.13.159 - - [30/Oct/2018:14:35:38 +0100] "GET / HTTP/1.0" 200 415 "-" "Mozilla/5.0 (compatible; bingbot/2.0; +http://www.bing.com/bingbot.htm)"
157.55.39.10 - - [31/Oct/2018:01:54:31 +0100] "GET /robots.txt HTTP/1.0" 404 1487 "-" "Mozilla/5.0 (compatible; bingbot/2.0; +http://www.bing.com/bingbot.htm)"
157.55.39.10 - - [31/Oct/2018:01:54:32 +0100] "GET /robots.txt HTTP/1.0" 404 1487 "-" "Mozilla/5.0 (compatible; bingbot/2.0; +http://www.bing.com/bingbot.htm)"
207.46.13.159 - - [31/Oct/2018:01:54:35 +0100] "GET / HTTP/1.0" 200 415 "-" "Mozilla/5.0 (compatible; bingbot/2.0; +http://www.bing.com/bingbot.htm)"
13.57.233.99 - - [30/Oct/2018:07:19:06 +0100] "GET / HTTP/1.1" 200 2476 "-" "Mozilla/5.0 (Macintosh; Intel Mac OS X 10_12_6) AppleWebKit/537.36 (KHTML, like Gecko) Chrome/61.0.3163.100 Safari/537.36"
207.46.13.159 - - [30/Oct/2018:14:35:38 +0100] "GET / HTTP/1.1" 200 2476 "-" "Mozilla/5.0 (compatible; bingbot/2.0; +http://www.bing.com/bingbot.htm)"
207.46.13.159 - - [31/Oct/2018:01:54:35 +0100] "GET / HTTP/1.1" 200 2476 "-" "Mozilla/5.0 (compatible; bingbot/2.0; +http://www.bing.com/bingbot.htm)"
157.55.39.10 - - [31/Oct/2018:20:55:11 +0100] "GET /robots.txt HTTP/1.0" 404 2987 "-" "Mozilla/5.0 (compatible; bingbot/2.0; +http://www.bing.com/bingbot.htm)"
157.55.39.10 - - [31/Oct/2018:20:55:12 +0100] "GET /robots.txt HTTP/1.0" 404 1487 "-" "Mozilla/5.0 (compatible; bingbot/2.0; +http://www.bing.com/bingbot.htm)"
207.46.13.118 - - [31/Oct/2018:22:01:08 +0100] "GET / HTTP/1.0" 200 1915 "-" "Mozilla/5.0 (compatible; bingbot/2.0; +http://www.bing.com/bingbot.htm)"
207.46.13.118 - - [31/Oct/2018:22:01:08 +0100] "GET / HTTP/1.1" 200 2476 "-" "Mozilla/5.0 (compatible; bingbot/2.0; +http://www.bing.com/bingbot.htm)"
207.46.13.221 - - [01/Nov/2018:06:40:01 +0100] "GET / HTTP/1.0" 200 415 "-" "Mozilla/5.0 (compatible; bingbot/2.0; +http://www.bing.com/bingbot.htm)"
207.46.13.208 - - [01/Nov/2018:18:06:28 +0100] "GET / HTTP/1.0" 200 1915 "-" "Mozilla/5.0 (compatible; bingbot/2.0; +http://www.bing.com/bingbot.htm)"
13.57.233.99 - - [02/Nov/2018:04:50:56 +0100] "GET / HTTP/1.0" 200 1915 "-" "Mozilla/5.0 (Macintosh; Intel Mac OS X 10_12_6) AppleWebKit/537.36 (KHTML, like Gecko) Chrome/61.0.3163.100 Safari/537.36"
40.77.167.33 - - [02/Nov/2018:05:24:29 +0100] "GET / HTTP/1.0" 200 415 "-" "Mozilla/5.0 (compatible; bingbot/2.0; +http://www.bing.com/bingbot.htm)"
207.46.13.221 - - [01/Nov/2018:06:40:01 +0100] "GET / HTTP/1.1" 200 2476 "-" "Mozilla/5.0 (compatible; bingbot/2.0; +http://www.bing.com/bingbot.htm)"
207.46.13.208 - - [01/Nov/2018:18:06:28 +0100] "GET / HTTP/1.1" 200 2476 "-" "Mozilla/5.0 (compatible; bingbot/2.0; +http://www.bing.com/bingbot.htm)"
13.57.233.99 - - [02/Nov/2018:04:50:56 +0100] "GET / HTTP/1.1" 200 2476 "-" "Mozilla/5.0 (Macintosh; Intel Mac OS X 10_12_6) AppleWebKit/537.36 (KHTML, like Gecko) Chrome/61.0.3163.100 Safari/537.36"
40.77.167.33 - - [02/Nov/2018:05:24:29 +0100] "GET / HTTP/1.1" 200 2476 "-" "Mozilla/5.0 (compatible; bingbot/2.0; +http://www.bing.com/bingbot.htm)"
40.77.167.33 - - [02/Nov/2018:19:58:43 +0100] "GET / HTTP/1.0" 200 415 "-" "Mozilla/5.0 (compatible; bingbot/2.0; +http://www.bing.com/bingbot.htm)"
40.77.167.33 - - [02/Nov/2018:19:58:43 +0100] "GET / HTTP/1.1" 200 2476 "-" "Mozilla/5.0 (compatible; bingbot/2.0; +http://www.bing.com/bingbot.htm)"
157.55.39.10 - - [03/Nov/2018:09:06:06 +0100] "GET /robots.txt HTTP/1.0" 404 1487 "-" "Mozilla/5.0 (compatible; bingbot/2.0; +http://www.bing.com/bingbot.htm)"
157.55.39.10 - - [03/Nov/2018:09:06:07 +0100] "GET /robots.txt HTTP/1.0" 404 1487 "-" "Mozilla/5.0 (compatible; bingbot/2.0; +http://www.bing.com/bingbot.htm)"
40.77.167.33 - - [03/Nov/2018:09:06:17 +0100] "GET / HTTP/1.0" 200 415 "-" "Mozilla/5.0 (compatible; bingbot/2.0; +http://www.bing.com/bingbot.htm)"
207.46.13.221 - - [03/Nov/2018:23:44:06 +0100] "GET / HTTP/1.0" 200 415 "-" "Mozilla/5.0 (compatible; bingbot/2.0; +http://www.bing.com/bingbot.htm)"
40.77.167.33 - - [03/Nov/2018:09:06:17 +0100] "GET / HTTP/1.1" 200 2476 "-" "Mozilla/5.0 (compatible; bingbot/2.0; +http://www.bing.com/bingbot.htm)"
207.46.13.221 - - [03/Nov/2018:23:44:06 +0100] "GET / HTTP/1.1" 200 2476 "-" "Mozilla/5.0 (compatible; bingbot/2.0; +http://www.bing.com/bingbot.htm)"
157.55.39.253 - - [04/Nov/2018:14:18:53 +0100] "GET / HTTP/1.0" 200 415 "-" "Mozilla/5.0 (compatible; bingbot/2.0; +http://www.bing.com/bingbot.htm)"
13.57.233.99 - - [05/Nov/2018:02:29:49 +0100] "GET / HTTP/1.0" 200 1915 "-" "Mozilla/5.0 (Macintosh; Intel Mac OS X 10_12_6) AppleWebKit/537.36 (KHTML, like Gecko) Chrome/61.0.3163.100 Safari/537.36"
157.55.39.253 - - [05/Nov/2018:02:46:46 +0100] "GET / HTTP/1.0" 200 1915 "-" "Mozilla/5.0 (compatible; bingbot/2.0; +http://www.bing.com/bingbot.htm)"
157.55.39.253 - - [04/Nov/2018:14:18:53 +0100] "GET / HTTP/1.1" 200 2476 "-" "Mozilla/5.0 (compatible; bingbot/2.0; +http://www.bing.com/bingbot.htm)"
13.57.233.99 - - [05/Nov/2018:02:29:49 +0100] "GET / HTTP/1.1" 200 2476 "-" "Mozilla/5.0 (Macintosh; Intel Mac OS X 10_12_6) AppleWebKit/537.36 (KHTML, like Gecko) Chrome/61.0.3163.100 Safari/537.36"
157.55.39.253 - - [05/Nov/2018:02:46:46 +0100] "GET / HTTP/1.1" 200 2476 "-" "Mozilla/5.0 (compatible; bingbot/2.0; +http://www.bing.com/bingbot.htm)"
157.55.39.34 - - [05/Nov/2018:17:15:41 +0100] "GET /robots.txt HTTP/1.0" 404 1487 "-" "Mozilla/5.0 (compatible; bingbot/2.0; +http://www.bing.com/bingbot.htm)"
157.55.39.34 - - [05/Nov/2018:17:15:41 +0100] "GET /robots.txt HTTP/1.0" 404 1487 "-" "Mozilla/5.0 (compatible; bingbot/2.0; +http://www.bing.com/bingbot.htm)"
157.55.39.253 - - [05/Nov/2018:17:16:04 +0100] "GET / HTTP/1.0" 200 415 "-" "Mozilla/5.0 (compatible; bingbot/2.0; +http://www.bing.com/bingbot.htm)"
207.46.13.163 - - [06/Nov/2018:04:39:01 +0100] "GET / HTTP/1.0" 200 415 "-" "Mozilla/5.0 (compatible; bingbot/2.0; +http://www.bing.com/bingbot.htm)"
157.55.39.253 - - [05/Nov/2018:17:16:04 +0100] "GET / HTTP/1.1" 200 2476 "-" "Mozilla/5.0 (compatible; bingbot/2.0; +http://www.bing.com/bingbot.htm)"
207.46.13.163 - - [06/Nov/2018:04:39:01 +0100] "GET / HTTP/1.1" 200 2476 "-" "Mozilla/5.0 (compatible; bingbot/2.0; +http://www.bing.com/bingbot.htm)"
207.46.13.163 - - [06/Nov/2018:20:06:01 +0100] "GET / HTTP/1.0" 200 415 "-" "Mozilla/5.0 (compatible; bingbot/2.0; +http://www.bing.com/bingbot.htm)"
207.46.13.163 - - [06/Nov/2018:20:06:01 +0100] "GET / HTTP/1.1" 200 2476 "-" "Mozilla/5.0 (compatible; bingbot/2.0; +http://www.bing.com/bingbot.htm)"
207.46.13.163 - - [07/Nov/2018:08:15:25 +0100] "GET / HTTP/1.0" 200 415 "-" "Mozilla/5.0 (compatible; bingbot/2.0; +http://www.bing.com/bingbot.htm)"
157.55.39.28 - - [07/Nov/2018:22:49:00 +0100] "GET /robots.txt HTTP/1.0" 404 1487 "-" "Mozilla/5.0 (compatible; bingbot/2.0; +http://www.bing.com/bingbot.htm)"
157.55.39.28 - - [07/Nov/2018:22:49:01 +0100] "GET /robots.txt HTTP/1.0" 404 1487 "-" "Mozilla/5.0 (compatible; bingbot/2.0; +http://www.bing.com/bingbot.htm)"
157.55.39.107 - - [07/Nov/2018:22:49:10 +0100] "GET / HTTP/1.0" 200 415 "-" "Mozilla/5.0 (compatible; bingbot/2.0; +http://www.bing.com/bingbot.htm)"
13.57.233.99 - - [08/Nov/2018:00:13:13 +0100] "GET / HTTP/1.0" 200 415 "-" "Mozilla/5.0 (Macintosh; Intel Mac OS X 10_12_6) AppleWebKit/537.36 (KHTML, like Gecko) Chrome/61.0.3163.100 Safari/537.36"
207.46.13.163 - - [07/Nov/2018:08:15:25 +0100] "GET / HTTP/1.1" 200 2476 "-" "Mozilla/5.0 (compatible; bingbot/2.0; +http://www.bing.com/bingbot.htm)"
157.55.39.107 - - [07/Nov/2018:22:49:10 +0100] "GET / HTTP/1.1" 200 2476 "-" "Mozilla/5.0 (compatible; bingbot/2.0; +http://www.bing.com/bingbot.htm)"
13.57.233.99 - - [08/Nov/2018:00:13:13 +0100] "GET / HTTP/1.1" 200 2476 "-" "Mozilla/5.0 (Macintosh; Intel Mac OS X 10_12_6) AppleWebKit/537.36 (KHTML, like Gecko) Chrome/61.0.3163.100 Safari/537.36"
157.55.39.107 - - [08/Nov/2018:14:24:32 +0100] "GET / HTTP/1.0" 200 415 "-" "Mozilla/5.0 (compatible; bingbot/2.0; +http://www.bing.com/bingbot.htm)"
157.55.39.107 - - [09/Nov/2018:02:03:29 +0100] "GET / HTTP/1.0" 200 1915 "-" "Mozilla/5.0 (compatible; bingbot/2.0; +http://www.bing.com/bingbot.htm)"
157.55.39.107 - - [08/Nov/2018:14:24:32 +0100] "GET / HTTP/1.1" 200 2476 "-" "Mozilla/5.0 (compatible; bingbot/2.0; +http://www.bing.com/bingbot.htm)"
157.55.39.107 - - [09/Nov/2018:02:03:29 +0100] "GET / HTTP/1.1" 200 2476 "-" "Mozilla/5.0 (compatible; bingbot/2.0; +http://www.bing.com/bingbot.htm)"
5.196.87.34 - - [09/Nov/2018:10:24:57 +0100] "GET /robots.txt HTTP/1.0" 404 1487 "-" "Mozilla/5.0 (compatible; AhrefsBot/5.2; +http://ahrefs.com/robot/)"
151.80.39.34 - - [09/Nov/2018:10:24:57 +0100] "GET / HTTP/1.0" 200 415 "-" "Mozilla/5.0 (compatible; AhrefsBot/5.2; +http://ahrefs.com/robot/)"
157.55.39.107 - - [09/Nov/2018:17:30:14 +0100] "GET / HTTP/1.0" 200 415 "-" "Mozilla/5.0 (compatible; bingbot/2.0; +http://www.bing.com/bingbot.htm)"
157.55.39.14 - - [10/Nov/2018:04:49:21 +0100] "GET /robots.txt HTTP/1.0" 404 1487 "-" "Mozilla/5.0 (compatible; bingbot/2.0; +http://www.bing.com/bingbot.htm)"
157.55.39.14 - - [10/Nov/2018:04:49:22 +0100] "GET /robots.txt HTTP/1.0" 404 1487 "-" "Mozilla/5.0 (compatible; bingbot/2.0; +http://www.bing.com/bingbot.htm)"
157.55.39.107 - - [10/Nov/2018:04:50:08 +0100] "GET / HTTP/1.0" 200 415 "-" "Mozilla/5.0 (compatible; bingbot/2.0; +http://www.bing.com/bingbot.htm)"
151.80.39.34 - - [09/Nov/2018:10:24:57 +0100] "GET / HTTP/1.1" 200 2476 "-" "Mozilla/5.0 (compatible; AhrefsBot/5.2; +http://ahrefs.com/robot/)"
157.55.39.107 - - [09/Nov/2018:17:30:14 +0100] "GET / HTTP/1.1" 200 2476 "-" "Mozilla/5.0 (compatible; bingbot/2.0; +http://www.bing.com/bingbot.htm)"
157.55.39.107 - - [10/Nov/2018:04:50:08 +0100] "GET / HTTP/1.1" 200 2476 "-" "Mozilla/5.0 (compatible; bingbot/2.0; +http://www.bing.com/bingbot.htm)"
157.55.39.107 - - [10/Nov/2018:19:51:13 +0100] "GET / HTTP/1.0" 200 1915 "-" "Mozilla/5.0 (compatible; bingbot/2.0; +http://www.bing.com/bingbot.htm)"
178.238.229.54 - - [11/Nov/2018:03:01:59 +0100] "HEAD / HTTP/1.0" 200 142 "-" "\"Mozilla/5.0 (Macintosh; Intel Mac OS X 10_13) AppleWebKit/604.1.38 (KHTML, like Gecko) Version/11.0 Safari/604.1.38\""
178.238.229.54 - - [11/Nov/2018:03:01:59 +0100] "GET / HTTP/1.0" 200 415 "-" "\"Mozilla/5.0 (Macintosh; Intel Mac OS X 10_13) AppleWebKit/604.1.38 (KHTML, like Gecko) Version/11.0 Safari/604.1.38\""
178.238.229.54 - - [11/Nov/2018:03:02:00 +0100] "GET /robots.txt HTTP/1.0" 404 1487 "-" "\"Mozilla/5.0 (Macintosh; Intel Mac OS X 10_13) AppleWebKit/604.1.38 (KHTML, like Gecko) Version/11.0 Safari/604.1.38\""
178.238.229.54 - - [11/Nov/2018:03:02:00 +0100] "HEAD /favicon.ico HTTP/1.0" 200 142 "https://appslacoop.fr/" "\"Mozilla/5.0 (Macintosh; Intel Mac OS X 10_13) AppleWebKit/604.1.38 (KHTML, like Gecko) Version/11.0 Safari/604.1.38\""
178.238.229.54 - - [11/Nov/2018:03:02:00 +0100] "HEAD /css/style.css HTTP/1.0" 404 142 "https://appslacoop.fr/" "\"Mozilla/5.0 (Macintosh; Intel Mac OS X 10_13) AppleWebKit/604.1.38 (KHTML, like Gecko) Version/11.0 Safari/604.1.38\""
178.238.229.54 - - [11/Nov/2018:03:02:00 +0100] "HEAD /img/panel-logo.png HTTP/1.0" 404 142 "https://appslacoop.fr/" "\"Mozilla/5.0 (Macintosh; Intel Mac OS X 10_13) AppleWebKit/604.1.38 (KHTML, like Gecko) Version/11.0 Safari/604.1.38\""
178.238.229.54 - - [11/Nov/2018:03:02:00 +0100] "HEAD /img/parallels-logo.png HTTP/1.0" 404 142 "https://appslacoop.fr/" "\"Mozilla/5.0 (Macintosh; Intel Mac OS X 10_13) AppleWebKit/604.1.38 (KHTML, like Gecko) Version/11.0 Safari/604.1.38\""
13.57.233.99 - - [11/Nov/2018:03:24:49 +0100] "GET / HTTP/1.0" 200 1915 "-" "Mozilla/5.0 (Macintosh; Intel Mac OS X 10_12_6) AppleWebKit/537.36 (KHTML, like Gecko) Chrome/61.0.3163.100 Safari/537.36"
157.55.39.107 - - [10/Nov/2018:19:51:13 +0100] "GET / HTTP/1.1" 200 2476 "-" "Mozilla/5.0 (compatible; bingbot/2.0; +http://www.bing.com/bingbot.htm)"
178.238.229.54 - - [11/Nov/2018:03:01:59 +0100] "GET / HTTP/1.1" 200 2476 "-" "\x22Mozilla/5.0 (Macintosh; Intel Mac OS X 10_13) AppleWebKit/604.1.38 (KHTML, like Gecko) Version/11.0 Safari/604.1.38\x22"
13.57.233.99 - - [11/Nov/2018:03:24:49 +0100] "GET / HTTP/1.1" 200 2476 "-" "Mozilla/5.0 (Macintosh; Intel Mac OS X 10_12_6) AppleWebKit/537.36 (KHTML, like Gecko) Chrome/61.0.3163.100 Safari/537.36"
157.55.39.107 - - [11/Nov/2018:07:07:39 +0100] "GET / HTTP/1.0" 200 1915 "-" "Mozilla/5.0 (compatible; bingbot/2.0; +http://www.bing.com/bingbot.htm)"
157.55.39.107 - - [11/Nov/2018:19:48:12 +0100] "GET / HTTP/1.0" 200 1915 "-" "Mozilla/5.0 (compatible; bingbot/2.0; +http://www.bing.com/bingbot.htm)"
157.55.39.107 - - [11/Nov/2018:22:28:49 +0100] "GET / HTTP/1.0" 200 415 "-" "Mozilla/5.0 (compatible; bingbot/2.0; +http://www.bing.com/bingbot.htm)"
157.55.39.107 - - [11/Nov/2018:07:07:39 +0100] "GET / HTTP/1.1" 200 2476 "-" "Mozilla/5.0 (compatible; bingbot/2.0; +http://www.bing.com/bingbot.htm)"
157.55.39.107 - - [11/Nov/2018:19:48:12 +0100] "GET / HTTP/1.1" 200 2476 "-" "Mozilla/5.0 (compatible; bingbot/2.0; +http://www.bing.com/bingbot.htm)"
157.55.39.107 - - [11/Nov/2018:22:28:49 +0100] "GET / HTTP/1.1" 200 2476 "-" "Mozilla/5.0 (compatible; bingbot/2.0; +http://www.bing.com/bingbot.htm)"
151.80.39.37 - - [12/Nov/2018:08:14:47 +0100] "GET / HTTP/1.0" 200 415 "-" "Mozilla/5.0 (compatible; AhrefsBot/5.2; +http://ahrefs.com/robot/)"
157.55.39.19 - - [12/Nov/2018:12:03:12 +0100] "GET /robots.txt HTTP/1.0" 404 1487 "-" "Mozilla/5.0 (compatible; bingbot/2.0; +http://www.bing.com/bingbot.htm)"
157.55.39.19 - - [12/Nov/2018:12:03:13 +0100] "GET /robots.txt HTTP/1.0" 404 1487 "-" "Mozilla/5.0 (compatible; bingbot/2.0; +http://www.bing.com/bingbot.htm)"
157.55.39.107 - - [12/Nov/2018:12:03:17 +0100] "GET / HTTP/1.0" 200 415 "-" "Mozilla/5.0 (compatible; bingbot/2.0; +http://www.bing.com/bingbot.htm)"
5.196.87.19 - - [12/Nov/2018:15:13:35 +0100] "GET /robots.txt HTTP/1.0" 404 1487 "-" "Mozilla/5.0 (compatible; AhrefsBot/5.2; +http://ahrefs.com/robot/)"
151.80.39.156 - - [12/Nov/2018:15:13:35 +0100] "GET / HTTP/1.0" 200 415 "-" "Mozilla/5.0 (compatible; AhrefsBot/5.2; +http://ahrefs.com/robot/)"
5.196.87.23 - - [12/Nov/2018:22:12:25 +0100] "GET / HTTP/1.0" 200 415 "-" "Mozilla/5.0 (compatible; AhrefsBot/5.2; +http://ahrefs.com/robot/)"
157.55.39.107 - - [13/Nov/2018:01:11:47 +0100] "GET / HTTP/1.0" 200 415 "-" "Mozilla/5.0 (compatible; bingbot/2.0; +http://www.bing.com/bingbot.htm)"
151.80.39.190 - - [13/Nov/2018:05:12:12 +0100] "GET / HTTP/1.0" 200 1915 "-" "Mozilla/5.0 (compatible; AhrefsBot/5.2; +http://ahrefs.com/robot/)"
151.80.39.37 - - [12/Nov/2018:08:14:47 +0100] "GET / HTTP/1.1" 200 2476 "-" "Mozilla/5.0 (compatible; AhrefsBot/5.2; +http://ahrefs.com/robot/)"
157.55.39.107 - - [12/Nov/2018:12:03:17 +0100] "GET / HTTP/1.1" 200 2476 "-" "Mozilla/5.0 (compatible; bingbot/2.0; +http://www.bing.com/bingbot.htm)"
151.80.39.156 - - [12/Nov/2018:15:13:35 +0100] "GET / HTTP/1.1" 200 2476 "-" "Mozilla/5.0 (compatible; AhrefsBot/5.2; +http://ahrefs.com/robot/)"
5.196.87.23 - - [12/Nov/2018:22:12:25 +0100] "GET / HTTP/1.1" 200 2476 "-" "Mozilla/5.0 (compatible; AhrefsBot/5.2; +http://ahrefs.com/robot/)"
157.55.39.107 - - [13/Nov/2018:01:11:47 +0100] "GET / HTTP/1.1" 200 2476 "-" "Mozilla/5.0 (compatible; bingbot/2.0; +http://www.bing.com/bingbot.htm)"
151.80.39.190 - - [13/Nov/2018:05:12:12 +0100] "GET / HTTP/1.1" 200 2476 "-" "Mozilla/5.0 (compatible; AhrefsBot/5.2; +http://ahrefs.com/robot/)"
5.196.87.41 - - [13/Nov/2018:10:16:40 +0100] "GET /robots.txt HTTP/1.0" 404 1487 "-" "Mozilla/5.0 (compatible; AhrefsBot/5.2; +http://ahrefs.com/robot/)"
54.36.150.169 - - [13/Nov/2018:10:21:42 +0100] "GET / HTTP/1.0" 200 1915 "-" "Mozilla/5.0 (compatible; AhrefsBot/5.2; +http://ahrefs.com/robot/)"
54.36.150.147 - - [13/Nov/2018:12:12:59 +0100] "GET / HTTP/1.0" 200 415 "-" "Mozilla/5.0 (compatible; AhrefsBot/5.2; +http://ahrefs.com/robot/)"
157.55.39.107 - - [13/Nov/2018:16:47:40 +0100] "GET / HTTP/1.0" 200 1915 "-" "Mozilla/5.0 (compatible; bingbot/2.0; +http://www.bing.com/bingbot.htm)"
151.80.39.117 - - [13/Nov/2018:17:29:31 +0100] "GET / HTTP/1.0" 200 415 "-" "Mozilla/5.0 (compatible; AhrefsBot/5.2; +http://ahrefs.com/robot/)"
5.196.87.44 - - [13/Nov/2018:19:53:15 +0100] "GET / HTTP/1.0" 200 415 "-" "Mozilla/5.0 (compatible; AhrefsBot/5.2; +http://ahrefs.com/robot/)"
151.80.39.169 - - [14/Nov/2018:00:46:58 +0100] "GET / HTTP/1.0" 200 415 "-" "Mozilla/5.0 (compatible; AhrefsBot/5.2; +http://ahrefs.com/robot/)"
5.196.87.68 - - [14/Nov/2018:03:23:31 +0100] "GET / HTTP/1.0" 200 1915 "-" "Mozilla/5.0 (compatible; AhrefsBot/5.2; +http://ahrefs.com/robot/)"
157.55.39.107 - - [14/Nov/2018:04:33:33 +0100] "GET / HTTP/1.0" 200 415 "-" "Mozilla/5.0 (compatible; bingbot/2.0; +http://www.bing.com/bingbot.htm)"
5.196.87.56 - - [14/Nov/2018:04:42:14 +0100] "GET / HTTP/1.0" 200 415 "-" "Mozilla/5.0 (compatible; AhrefsBot/5.2; +http://ahrefs.com/robot/)"
54.36.150.169 - - [13/Nov/2018:10:21:42 +0100] "GET / HTTP/1.1" 200 2476 "-" "Mozilla/5.0 (compatible; AhrefsBot/5.2; +http://ahrefs.com/robot/)"
54.36.150.147 - - [13/Nov/2018:12:12:59 +0100] "GET / HTTP/1.1" 200 2476 "-" "Mozilla/5.0 (compatible; AhrefsBot/5.2; +http://ahrefs.com/robot/)"
157.55.39.107 - - [13/Nov/2018:16:47:40 +0100] "GET / HTTP/1.1" 200 2476 "-" "Mozilla/5.0 (compatible; bingbot/2.0; +http://www.bing.com/bingbot.htm)"
151.80.39.117 - - [13/Nov/2018:17:29:31 +0100] "GET / HTTP/1.1" 200 2476 "-" "Mozilla/5.0 (compatible; AhrefsBot/5.2; +http://ahrefs.com/robot/)"
5.196.87.44 - - [13/Nov/2018:19:53:15 +0100] "GET / HTTP/1.1" 200 2476 "-" "Mozilla/5.0 (compatible; AhrefsBot/5.2; +http://ahrefs.com/robot/)"
151.80.39.169 - - [14/Nov/2018:00:46:58 +0100] "GET / HTTP/1.1" 200 2476 "-" "Mozilla/5.0 (compatible; AhrefsBot/5.2; +http://ahrefs.com/robot/)"
5.196.87.68 - - [14/Nov/2018:03:23:31 +0100] "GET / HTTP/1.1" 200 2476 "-" "Mozilla/5.0 (compatible; AhrefsBot/5.2; +http://ahrefs.com/robot/)"
157.55.39.107 - - [14/Nov/2018:04:33:33 +0100] "GET / HTTP/1.1" 200 2476 "-" "Mozilla/5.0 (compatible; bingbot/2.0; +http://www.bing.com/bingbot.htm)"
5.196.87.56 - - [14/Nov/2018:04:42:14 +0100] "GET / HTTP/1.1" 200 2476 "-" "Mozilla/5.0 (compatible; AhrefsBot/5.2; +http://ahrefs.com/robot/)"
13.57.233.99 - - [14/Nov/2018:08:19:25 +0100] "GET / HTTP/1.0" 200 1915 "-" "Mozilla/5.0 (Macintosh; Intel Mac OS X 10_12_6) AppleWebKit/537.36 (KHTML, like Gecko) Chrome/61.0.3163.100 Safari/537.36"
54.36.148.226 - - [14/Nov/2018:10:18:41 +0100] "GET / HTTP/1.0" 200 1915 "-" "Mozilla/5.0 (compatible; AhrefsBot/5.2; +http://ahrefs.com/robot/)"
54.36.149.12 - - [14/Nov/2018:10:31:09 +0100] "GET / HTTP/1.0" 200 1915 "-" "Mozilla/5.0 (compatible; AhrefsBot/5.2; +http://ahrefs.com/robot/)"
54.36.148.39 - - [14/Nov/2018:17:20:33 +0100] "GET / HTTP/1.0" 200 415 "-" "Mozilla/5.0 (compatible; AhrefsBot/5.2; +http://ahrefs.com/robot/)"
54.36.148.225 - - [14/Nov/2018:17:31:38 +0100] "GET / HTTP/1.0" 200 415 "-" "Mozilla/5.0 (compatible; AhrefsBot/5.2; +http://ahrefs.com/robot/)"
157.55.39.4 - - [14/Nov/2018:18:45:33 +0100] "GET /robots.txt HTTP/1.0" 404 1487 "-" "Mozilla/5.0 (compatible; bingbot/2.0; +http://www.bing.com/bingbot.htm)"
157.55.39.4 - - [14/Nov/2018:18:45:33 +0100] "GET /robots.txt HTTP/1.0" 404 1487 "-" "Mozilla/5.0 (compatible; bingbot/2.0; +http://www.bing.com/bingbot.htm)"
157.55.39.107 - - [14/Nov/2018:18:45:36 +0100] "GET / HTTP/1.0" 200 415 "-" "Mozilla/5.0 (compatible; bingbot/2.0; +http://www.bing.com/bingbot.htm)"
54.36.148.104 - - [15/Nov/2018:00:19:16 +0100] "GET / HTTP/1.0" 200 415 "-" "Mozilla/5.0 (compatible; AhrefsBot/5.2; +http://ahrefs.com/robot/)"
54.36.150.176 - - [15/Nov/2018:00:34:47 +0100] "GET / HTTP/1.0" 200 415 "-" "Mozilla/5.0 (compatible; AhrefsBot/5.2; +http://ahrefs.com/robot/)"
157.55.39.107 - - [15/Nov/2018:06:14:10 +0100] "GET / HTTP/1.0" 200 415 "-" "Mozilla/5.0 (compatible; bingbot/2.0; +http://www.bing.com/bingbot.htm)"
13.57.233.99 - - [14/Nov/2018:08:19:25 +0100] "GET / HTTP/1.1" 200 2476 "-" "Mozilla/5.0 (Macintosh; Intel Mac OS X 10_12_6) AppleWebKit/537.36 (KHTML, like Gecko) Chrome/61.0.3163.100 Safari/537.36"
54.36.148.226 - - [14/Nov/2018:10:18:41 +0100] "GET / HTTP/1.1" 200 2476 "-" "Mozilla/5.0 (compatible; AhrefsBot/5.2; +http://ahrefs.com/robot/)"
54.36.149.12 - - [14/Nov/2018:10:31:09 +0100] "GET / HTTP/1.1" 200 2476 "-" "Mozilla/5.0 (compatible; AhrefsBot/5.2; +http://ahrefs.com/robot/)"
54.36.148.39 - - [14/Nov/2018:17:20:33 +0100] "GET / HTTP/1.1" 200 2476 "-" "Mozilla/5.0 (compatible; AhrefsBot/5.2; +http://ahrefs.com/robot/)"
54.36.148.225 - - [14/Nov/2018:17:31:38 +0100] "GET / HTTP/1.1" 200 2476 "-" "Mozilla/5.0 (compatible; AhrefsBot/5.2; +http://ahrefs.com/robot/)"
157.55.39.107 - - [14/Nov/2018:18:45:36 +0100] "GET / HTTP/1.1" 200 2476 "-" "Mozilla/5.0 (compatible; bingbot/2.0; +http://www.bing.com/bingbot.htm)"
54.36.148.104 - - [15/Nov/2018:00:19:16 +0100] "GET / HTTP/1.1" 200 2476 "-" "Mozilla/5.0 (compatible; AhrefsBot/5.2; +http://ahrefs.com/robot/)"
54.36.150.176 - - [15/Nov/2018:00:34:47 +0100] "GET / HTTP/1.1" 200 2476 "-" "Mozilla/5.0 (compatible; AhrefsBot/5.2; +http://ahrefs.com/robot/)"
157.55.39.107 - - [15/Nov/2018:06:14:10 +0100] "GET / HTTP/1.1" 200 2476 "-" "Mozilla/5.0 (compatible; bingbot/2.0; +http://www.bing.com/bingbot.htm)"
151.80.39.177 - - [15/Nov/2018:08:40:03 +0100] "GET / HTTP/1.0" 200 415 "-" "Mozilla/5.0 (compatible; AhrefsBot/5.2; +http://ahrefs.com/robot/)"
54.36.149.56 - - [15/Nov/2018:08:57:23 +0100] "GET / HTTP/1.0" 200 415 "-" "Mozilla/5.0 (compatible; AhrefsBot/5.2; +http://ahrefs.com/robot/)"
54.36.148.54 - - [15/Nov/2018:18:59:34 +0100] "GET / HTTP/1.0" 200 415 "-" "Mozilla/5.0 (compatible; AhrefsBot/5.2; +http://ahrefs.com/robot/)"
5.196.87.32 - - [15/Nov/2018:19:17:03 +0100] "GET /robots.txt HTTP/1.0" 404 2987 "-" "Mozilla/5.0 (compatible; AhrefsBot/5.2; +http://ahrefs.com/robot/)"
5.196.87.11 - - [15/Nov/2018:19:17:04 +0100] "GET / HTTP/1.0" 200 415 "-" "Mozilla/5.0 (compatible; AhrefsBot/5.2; +http://ahrefs.com/robot/)"
157.55.39.107 - - [15/Nov/2018:19:57:35 +0100] "GET / HTTP/1.0" 200 415 "-" "Mozilla/5.0 (compatible; bingbot/2.0; +http://www.bing.com/bingbot.htm)"
54.36.148.31 - - [16/Nov/2018:06:17:51 +0100] "GET / HTTP/1.0" 200 1915 "-" "Mozilla/5.0 (compatible; AhrefsBot/5.2; +http://ahrefs.com/robot/)"
151.80.39.177 - - [15/Nov/2018:08:40:03 +0100] "GET / HTTP/1.1" 200 2476 "-" "Mozilla/5.0 (compatible; AhrefsBot/5.2; +http://ahrefs.com/robot/)"
54.36.149.56 - - [15/Nov/2018:08:57:23 +0100] "GET / HTTP/1.1" 200 2476 "-" "Mozilla/5.0 (compatible; AhrefsBot/5.2; +http://ahrefs.com/robot/)"
54.36.148.54 - - [15/Nov/2018:18:59:34 +0100] "GET / HTTP/1.1" 200 2476 "-" "Mozilla/5.0 (compatible; AhrefsBot/5.2; +http://ahrefs.com/robot/)"
5.196.87.11 - - [15/Nov/2018:19:17:04 +0100] "GET / HTTP/1.1" 200 2476 "-" "Mozilla/5.0 (compatible; AhrefsBot/5.2; +http://ahrefs.com/robot/)"
157.55.39.107 - - [15/Nov/2018:19:57:35 +0100] "GET / HTTP/1.1" 200 2476 "-" "Mozilla/5.0 (compatible; bingbot/2.0; +http://www.bing.com/bingbot.htm)"
54.36.148.31 - - [16/Nov/2018:06:17:51 +0100] "GET / HTTP/1.1" 200 2476 "-" "Mozilla/5.0 (compatible; AhrefsBot/5.2; +http://ahrefs.com/robot/)"
157.55.39.107 - - [16/Nov/2018:08:35:00 +0100] "GET / HTTP/1.0" 200 415 "-" "Mozilla/5.0 (compatible; bingbot/2.0; +http://www.bing.com/bingbot.htm)"
5.196.87.41 - - [16/Nov/2018:16:56:06 +0100] "GET /robots.txt HTTP/1.0" 404 1487 "-" "Mozilla/5.0 (compatible; AhrefsBot/5.2; +http://ahrefs.com/robot/)"
54.36.150.141 - - [16/Nov/2018:16:56:06 +0100] "GET / HTTP/1.0" 200 415 "-" "Mozilla/5.0 (compatible; AhrefsBot/5.2; +http://ahrefs.com/robot/)"
5.196.87.2 - - [16/Nov/2018:17:11:16 +0100] "GET / HTTP/1.0" 200 415 "-" "Mozilla/5.0 (compatible; AhrefsBot/5.2; +http://ahrefs.com/robot/)"
157.55.39.17 - - [16/Nov/2018:19:08:17 +0100] "GET /robots.txt HTTP/1.0" 404 2987 "-" "Mozilla/5.0 (compatible; bingbot/2.0; +http://www.bing.com/bingbot.htm)"
157.55.39.17 - - [16/Nov/2018:19:08:18 +0100] "GET /robots.txt HTTP/1.0" 404 1487 "-" "Mozilla/5.0 (compatible; bingbot/2.0; +http://www.bing.com/bingbot.htm)"
157.55.39.107 - - [16/Nov/2018:19:08:23 +0100] "GET / HTTP/1.0" 200 415 "-" "Mozilla/5.0 (compatible; bingbot/2.0; +http://www.bing.com/bingbot.htm)"
207.46.13.214 - - [16/Nov/2018:23:30:30 +0100] "GET / HTTP/1.0" 200 415 "-" "Mozilla/5.0 (compatible; bingbot/2.0; +http://www.bing.com/bingbot.htm)"
54.36.150.183 - - [16/Nov/2018:23:57:09 +0100] "GET / HTTP/1.0" 200 1915 "-" "Mozilla/5.0 (compatible; AhrefsBot/5.2; +http://ahrefs.com/robot/)"
54.36.148.165 - - [17/Nov/2018:00:11:36 +0100] "GET / HTTP/1.0" 200 415 "-" "Mozilla/5.0 (compatible; AhrefsBot/5.2; +http://ahrefs.com/robot/)"
157.55.39.107 - - [16/Nov/2018:08:35:00 +0100] "GET / HTTP/1.1" 200 2476 "-" "Mozilla/5.0 (compatible; bingbot/2.0; +http://www.bing.com/bingbot.htm)"
54.36.150.141 - - [16/Nov/2018:16:56:06 +0100] "GET / HTTP/1.1" 200 2476 "-" "Mozilla/5.0 (compatible; AhrefsBot/5.2; +http://ahrefs.com/robot/)"
5.196.87.2 - - [16/Nov/2018:17:11:16 +0100] "GET / HTTP/1.1" 200 2476 "-" "Mozilla/5.0 (compatible; AhrefsBot/5.2; +http://ahrefs.com/robot/)"
157.55.39.107 - - [16/Nov/2018:19:08:23 +0100] "GET / HTTP/1.1" 304 0 "-" "Mozilla/5.0 (compatible; bingbot/2.0; +http://www.bing.com/bingbot.htm)"
207.46.13.214 - - [16/Nov/2018:23:30:30 +0100] "GET / HTTP/1.1" 200 2476 "-" "Mozilla/5.0 (compatible; bingbot/2.0; +http://www.bing.com/bingbot.htm)"
54.36.150.183 - - [16/Nov/2018:23:57:09 +0100] "GET / HTTP/1.1" 200 2476 "-" "Mozilla/5.0 (compatible; AhrefsBot/5.2; +http://ahrefs.com/robot/)"
54.36.148.165 - - [17/Nov/2018:00:11:36 +0100] "GET / HTTP/1.1" 200 2476 "-" "Mozilla/5.0 (compatible; AhrefsBot/5.2; +http://ahrefs.com/robot/)"
54.36.148.36 - - [17/Nov/2018:07:12:08 +0100] "GET / HTTP/1.0" 200 415 "-" "Mozilla/5.0 (compatible; AhrefsBot/5.2; +http://ahrefs.com/robot/)"
151.80.39.146 - - [17/Nov/2018:07:19:26 +0100] "GET / HTTP/1.0" 200 1915 "-" "Mozilla/5.0 (compatible; AhrefsBot/5.2; +http://ahrefs.com/robot/)"
13.57.233.99 - - [17/Nov/2018:12:50:34 +0100] "GET / HTTP/1.0" 200 415 "-" "Mozilla/5.0 (Macintosh; Intel Mac OS X 10_12_6) AppleWebKit/537.36 (KHTML, like Gecko) Chrome/61.0.3163.100 Safari/537.36"
207.46.13.214 - - [17/Nov/2018:14:06:06 +0100] "GET / HTTP/1.0" 200 415 "-" "Mozilla/5.0 (compatible; bingbot/2.0; +http://www.bing.com/bingbot.htm)"
151.80.39.164 - - [17/Nov/2018:15:54:13 +0100] "GET / HTTP/1.0" 200 415 "-" "Mozilla/5.0 (compatible; AhrefsBot/5.2; +http://ahrefs.com/robot/)"
54.36.148.217 - - [17/Nov/2018:16:01:21 +0100] "GET / HTTP/1.0" 200 415 "-" "Mozilla/5.0 (compatible; AhrefsBot/5.2; +http://ahrefs.com/robot/)"
54.36.148.129 - - [18/Nov/2018:04:16:45 +0100] "GET / HTTP/1.0" 200 415 "-" "Mozilla/5.0 (compatible; AhrefsBot/5.2; +http://ahrefs.com/robot/)"
207.46.13.214 - - [18/Nov/2018:04:26:09 +0100] "GET / HTTP/1.0" 200 415 "-" "Mozilla/5.0 (compatible; bingbot/2.0; +http://www.bing.com/bingbot.htm)"
54.36.150.146 - - [18/Nov/2018:04:42:58 +0100] "GET / HTTP/1.0" 200 415 "-" "Mozilla/5.0 (compatible; AhrefsBot/5.2; +http://ahrefs.com/robot/)"
54.36.148.36 - - [17/Nov/2018:07:12:08 +0100] "GET / HTTP/1.1" 200 2476 "-" "Mozilla/5.0 (compatible; AhrefsBot/5.2; +http://ahrefs.com/robot/)"
151.80.39.146 - - [17/Nov/2018:07:19:26 +0100] "GET / HTTP/1.1" 200 2476 "-" "Mozilla/5.0 (compatible; AhrefsBot/5.2; +http://ahrefs.com/robot/)"
13.57.233.99 - - [17/Nov/2018:12:50:34 +0100] "GET / HTTP/1.1" 200 2476 "-" "Mozilla/5.0 (Macintosh; Intel Mac OS X 10_12_6) AppleWebKit/537.36 (KHTML, like Gecko) Chrome/61.0.3163.100 Safari/537.36"
207.46.13.214 - - [17/Nov/2018:14:06:06 +0100] "GET / HTTP/1.1" 200 2476 "-" "Mozilla/5.0 (compatible; bingbot/2.0; +http://www.bing.com/bingbot.htm)"
151.80.39.164 - - [17/Nov/2018:15:54:13 +0100] "GET / HTTP/1.1" 200 2476 "-" "Mozilla/5.0 (compatible; AhrefsBot/5.2; +http://ahrefs.com/robot/)"
54.36.148.217 - - [17/Nov/2018:16:01:21 +0100] "GET / HTTP/1.1" 200 2476 "-" "Mozilla/5.0 (compatible; AhrefsBot/5.2; +http://ahrefs.com/robot/)"
54.36.148.129 - - [18/Nov/2018:04:16:45 +0100] "GET / HTTP/1.1" 200 2476 "-" "Mozilla/5.0 (compatible; AhrefsBot/5.2; +http://ahrefs.com/robot/)"
207.46.13.214 - - [18/Nov/2018:04:26:09 +0100] "GET / HTTP/1.1" 200 2476 "-" "Mozilla/5.0 (compatible; bingbot/2.0; +http://www.bing.com/bingbot.htm)"
54.36.150.146 - - [18/Nov/2018:04:42:58 +0100] "GET / HTTP/1.1" 200 2476 "-" "Mozilla/5.0 (compatible; AhrefsBot/5.2; +http://ahrefs.com/robot/)"
54.36.148.42 - - [18/Nov/2018:16:34:37 +0100] "GET / HTTP/1.0" 200 1915 "-" "Mozilla/5.0 (compatible; AhrefsBot/5.2; +http://ahrefs.com/robot/)"
151.80.39.167 - - [18/Nov/2018:16:40:36 +0100] "GET / HTTP/1.0" 200 415 "-" "Mozilla/5.0 (compatible; AhrefsBot/5.2; +http://ahrefs.com/robot/)"
157.55.39.33 - - [18/Nov/2018:20:59:40 +0100] "GET /robots.txt HTTP/1.0" 404 1487 "-" "Mozilla/5.0 (compatible; bingbot/2.0; +http://www.bing.com/bingbot.htm)"
157.55.39.33 - - [18/Nov/2018:20:59:41 +0100] "GET /robots.txt HTTP/1.0" 404 1487 "-" "Mozilla/5.0 (compatible; bingbot/2.0; +http://www.bing.com/bingbot.htm)"
207.46.13.217 - - [18/Nov/2018:20:59:45 +0100] "GET / HTTP/1.0" 200 415 "-" "Mozilla/5.0 (compatible; bingbot/2.0; +http://www.bing.com/bingbot.htm)"
5.196.87.34 - - [18/Nov/2018:23:33:40 +0100] "GET /robots.txt HTTP/1.0" 404 1487 "-" "Mozilla/5.0 (compatible; AhrefsBot/5.2; +http://ahrefs.com/robot/)"
54.36.149.101 - - [18/Nov/2018:23:33:40 +0100] "GET / HTTP/1.0" 200 415 "-" "Mozilla/5.0 (compatible; AhrefsBot/5.2; +http://ahrefs.com/robot/)"
54.36.148.136 - - [18/Nov/2018:23:41:22 +0100] "GET / HTTP/1.0" 200 415 "-" "Mozilla/5.0 (compatible; AhrefsBot/5.2; +http://ahrefs.com/robot/)"
54.36.148.42 - - [18/Nov/2018:16:34:37 +0100] "GET / HTTP/1.1" 200 2476 "-" "Mozilla/5.0 (compatible; AhrefsBot/5.2; +http://ahrefs.com/robot/)"
151.80.39.167 - - [18/Nov/2018:16:40:36 +0100] "GET / HTTP/1.1" 200 2476 "-" "Mozilla/5.0 (compatible; AhrefsBot/5.2; +http://ahrefs.com/robot/)"
207.46.13.217 - - [18/Nov/2018:20:59:45 +0100] "GET / HTTP/1.1" 200 2476 "-" "Mozilla/5.0 (compatible; bingbot/2.0; +http://www.bing.com/bingbot.htm)"
54.36.149.101 - - [18/Nov/2018:23:33:40 +0100] "GET / HTTP/1.1" 200 2476 "-" "Mozilla/5.0 (compatible; AhrefsBot/5.2; +http://ahrefs.com/robot/)"
54.36.148.136 - - [18/Nov/2018:23:41:22 +0100] "GET / HTTP/1.1" 200 2476 "-" "Mozilla/5.0 (compatible; AhrefsBot/5.2; +http://ahrefs.com/robot/)"
54.36.149.55 - - [19/Nov/2018:06:56:52 +0100] "GET / HTTP/1.0" 200 415 "-" "Mozilla/5.0 (compatible; AhrefsBot/5.2; +http://ahrefs.com/robot/)"
151.80.39.121 - - [19/Nov/2018:07:16:40 +0100] "GET / HTTP/1.0" 200 415 "-" "Mozilla/5.0 (compatible; AhrefsBot/5.2; +http://ahrefs.com/robot/)"
207.46.13.217 - - [19/Nov/2018:09:06:11 +0100] "GET / HTTP/1.0" 200 1915 "-" "Mozilla/5.0 (compatible; bingbot/2.0; +http://www.bing.com/bingbot.htm)"
157.55.39.175 - - [19/Nov/2018:15:03:06 +0100] "GET / HTTP/1.0" 200 415 "-" "Mozilla/5.0 (compatible; bingbot/2.0; +http://www.bing.com/bingbot.htm)"
151.80.39.149 - - [19/Nov/2018:16:57:42 +0100] "GET / HTTP/1.0" 200 415 "-" "Mozilla/5.0 (compatible; AhrefsBot/5.2; +http://ahrefs.com/robot/)"
5.196.87.41 - - [19/Nov/2018:17:19:43 +0100] "GET /robots.txt HTTP/1.0" 404 1487 "-" "Mozilla/5.0 (compatible; AhrefsBot/5.2; +http://ahrefs.com/robot/)"
54.36.148.81 - - [19/Nov/2018:17:19:43 +0100] "GET / HTTP/1.0" 200 415 "-" "Mozilla/5.0 (compatible; AhrefsBot/5.2; +http://ahrefs.com/robot/)"
157.55.39.175 - - [20/Nov/2018:01:10:10 +0100] "GET / HTTP/1.0" 200 1915 "-" "Mozilla/5.0 (compatible; bingbot/2.0; +http://www.bing.com/bingbot.htm)"
54.36.149.55 - - [19/Nov/2018:06:56:52 +0100] "GET / HTTP/1.1" 200 2476 "-" "Mozilla/5.0 (compatible; AhrefsBot/5.2; +http://ahrefs.com/robot/)"
151.80.39.121 - - [19/Nov/2018:07:16:40 +0100] "GET / HTTP/1.1" 200 2476 "-" "Mozilla/5.0 (compatible; AhrefsBot/5.2; +http://ahrefs.com/robot/)"
207.46.13.217 - - [19/Nov/2018:09:06:11 +0100] "GET / HTTP/1.1" 200 2476 "-" "Mozilla/5.0 (compatible; bingbot/2.0; +http://www.bing.com/bingbot.htm)"
157.55.39.175 - - [19/Nov/2018:15:03:06 +0100] "GET / HTTP/1.1" 200 2476 "-" "Mozilla/5.0 (compatible; bingbot/2.0; +http://www.bing.com/bingbot.htm)"
151.80.39.149 - - [19/Nov/2018:16:57:42 +0100] "GET / HTTP/1.1" 200 2476 "-" "Mozilla/5.0 (compatible; AhrefsBot/5.2; +http://ahrefs.com/robot/)"
54.36.148.81 - - [19/Nov/2018:17:19:43 +0100] "GET / HTTP/1.1" 200 2476 "-" "Mozilla/5.0 (compatible; AhrefsBot/5.2; +http://ahrefs.com/robot/)"
157.55.39.175 - - [20/Nov/2018:01:10:10 +0100] "GET / HTTP/1.1" 200 2476 "-" "Mozilla/5.0 (compatible; bingbot/2.0; +http://www.bing.com/bingbot.htm)"
54.36.148.99 - - [20/Nov/2018:06:39:19 +0100] "GET / HTTP/1.0" 200 415 "-" "Mozilla/5.0 (compatible; AhrefsBot/5.2; +http://ahrefs.com/robot/)"
54.36.148.124 - - [20/Nov/2018:07:01:19 +0100] "GET / HTTP/1.0" 200 415 "-" "Mozilla/5.0 (compatible; AhrefsBot/5.2; +http://ahrefs.com/robot/)"
54.36.150.145 - - [20/Nov/2018:13:39:19 +0100] "GET / HTTP/1.0" 200 415 "-" "Mozilla/5.0 (compatible; AhrefsBot/5.2; +http://ahrefs.com/robot/)"
54.36.148.213 - - [20/Nov/2018:14:03:11 +0100] "GET / HTTP/1.0" 200 415 "-" "Mozilla/5.0 (compatible; AhrefsBot/5.2; +http://ahrefs.com/robot/)"
207.46.13.191 - - [20/Nov/2018:14:08:57 +0100] "GET / HTTP/1.0" 200 415 "-" "Mozilla/5.0 (compatible; bingbot/2.0; +http://www.bing.com/bingbot.htm)"
13.57.233.99 - - [20/Nov/2018:16:51:58 +0100] "GET / HTTP/1.0" 200 415 "-" "Mozilla/5.0 (Macintosh; Intel Mac OS X 10_12_6) AppleWebKit/537.36 (KHTML, like Gecko) Chrome/61.0.3163.100 Safari/537.36"
5.196.87.40 - - [20/Nov/2018:20:38:04 +0100] "GET / HTTP/1.0" 200 415 "-" "Mozilla/5.0 (compatible; AhrefsBot/5.2; +http://ahrefs.com/robot/)"
151.80.39.105 - - [21/Nov/2018:03:36:42 +0100] "GET / HTTP/1.0" 200 415 "-" "Mozilla/5.0 (compatible; AhrefsBot/5.2; +http://ahrefs.com/robot/)"
54.36.149.48 - - [21/Nov/2018:03:59:04 +0100] "GET / HTTP/1.0" 200 415 "-" "Mozilla/5.0 (compatible; AhrefsBot/5.2; +http://ahrefs.com/robot/)"
178.238.229.54 - - [21/Nov/2018:04:55:17 +0100] "HEAD / HTTP/1.0" 200 142 "-" "\"Mozilla/5.0 (Windows NT 6.1; WOW64; rv:52.0) Gecko/20100101 Firefox/52.0\""
178.238.229.54 - - [21/Nov/2018:04:55:17 +0100] "GET / HTTP/1.0" 200 415 "-" "\"Mozilla/5.0 (Windows NT 6.1; WOW64; rv:52.0) Gecko/20100101 Firefox/52.0\""
178.238.229.54 - - [21/Nov/2018:04:55:17 +0100] "GET /robots.txt HTTP/1.0" 404 1487 "-" "\"Mozilla/5.0 (Windows NT 6.1; WOW64; rv:52.0) Gecko/20100101 Firefox/52.0\""
178.238.229.54 - - [21/Nov/2018:04:55:17 +0100] "HEAD /favicon.ico HTTP/1.0" 200 142 "https://appslacoop.fr/" "\"Mozilla/5.0 (Windows NT 6.1; WOW64; rv:52.0) Gecko/20100101 Firefox/52.0\""
178.238.229.54 - - [21/Nov/2018:04:55:17 +0100] "HEAD /css/style.css HTTP/1.0" 404 142 "https://appslacoop.fr/" "\"Mozilla/5.0 (Windows NT 6.1; WOW64; rv:52.0) Gecko/20100101 Firefox/52.0\""
178.238.229.54 - - [21/Nov/2018:04:55:17 +0100] "HEAD /img/panel-logo.png HTTP/1.0" 404 142 "https://appslacoop.fr/" "\"Mozilla/5.0 (Windows NT 6.1; WOW64; rv:52.0) Gecko/20100101 Firefox/52.0\""
178.238.229.54 - - [21/Nov/2018:04:55:17 +0100] "HEAD /img/parallels-logo.png HTTP/1.0" 404 142 "https://appslacoop.fr/" "\"Mozilla/5.0 (Windows NT 6.1; WOW64; rv:52.0) Gecko/20100101 Firefox/52.0\""
157.55.39.15 - - [21/Nov/2018:05:30:23 +0100] "GET /robots.txt HTTP/1.0" 404 1487 "-" "Mozilla/5.0 (compatible; bingbot/2.0; +http://www.bing.com/bingbot.htm)"
157.55.39.15 - - [21/Nov/2018:05:30:24 +0100] "GET /robots.txt HTTP/1.0" 404 1487 "-" "Mozilla/5.0 (compatible; bingbot/2.0; +http://www.bing.com/bingbot.htm)"
207.46.13.191 - - [21/Nov/2018:05:30:57 +0100] "GET / HTTP/1.0" 200 415 "-" "Mozilla/5.0 (compatible; bingbot/2.0; +http://www.bing.com/bingbot.htm)"
54.36.148.99 - - [20/Nov/2018:06:39:19 +0100] "GET / HTTP/1.1" 200 2476 "-" "Mozilla/5.0 (compatible; AhrefsBot/5.2; +http://ahrefs.com/robot/)"
54.36.148.124 - - [20/Nov/2018:07:01:19 +0100] "GET / HTTP/1.1" 200 2476 "-" "Mozilla/5.0 (compatible; AhrefsBot/5.2; +http://ahrefs.com/robot/)"
54.36.150.145 - - [20/Nov/2018:13:39:19 +0100] "GET / HTTP/1.1" 200 2476 "-" "Mozilla/5.0 (compatible; AhrefsBot/5.2; +http://ahrefs.com/robot/)"
54.36.148.213 - - [20/Nov/2018:14:03:11 +0100] "GET / HTTP/1.1" 200 2476 "-" "Mozilla/5.0 (compatible; AhrefsBot/5.2; +http://ahrefs.com/robot/)"
207.46.13.191 - - [20/Nov/2018:14:08:57 +0100] "GET / HTTP/1.1" 200 2476 "-" "Mozilla/5.0 (compatible; bingbot/2.0; +http://www.bing.com/bingbot.htm)"
13.57.233.99 - - [20/Nov/2018:16:51:58 +0100] "GET / HTTP/1.1" 200 2476 "-" "Mozilla/5.0 (Macintosh; Intel Mac OS X 10_12_6) AppleWebKit/537.36 (KHTML, like Gecko) Chrome/61.0.3163.100 Safari/537.36"
5.196.87.40 - - [20/Nov/2018:20:38:04 +0100] "GET / HTTP/1.1" 200 2476 "-" "Mozilla/5.0 (compatible; AhrefsBot/5.2; +http://ahrefs.com/robot/)"
151.80.39.105 - - [21/Nov/2018:03:36:42 +0100] "GET / HTTP/1.1" 200 2476 "-" "Mozilla/5.0 (compatible; AhrefsBot/5.2; +http://ahrefs.com/robot/)"
54.36.149.48 - - [21/Nov/2018:03:59:04 +0100] "GET / HTTP/1.1" 200 2476 "-" "Mozilla/5.0 (compatible; AhrefsBot/5.2; +http://ahrefs.com/robot/)"
178.238.229.54 - - [21/Nov/2018:04:55:17 +0100] "GET / HTTP/1.1" 200 2476 "-" "\x22Mozilla/5.0 (Windows NT 6.1; WOW64; rv:52.0) Gecko/20100101 Firefox/52.0\x22"
207.46.13.191 - - [21/Nov/2018:05:30:57 +0100] "GET / HTTP/1.1" 200 2476 "-" "Mozilla/5.0 (compatible; bingbot/2.0; +http://www.bing.com/bingbot.htm)"
54.36.148.221 - - [21/Nov/2018:10:57:02 +0100] "GET / HTTP/1.0" 200 415 "-" "Mozilla/5.0 (compatible; AhrefsBot/5.2; +http://ahrefs.com/robot/)"
54.36.148.54 - - [21/Nov/2018:11:20:09 +0100] "GET / HTTP/1.0" 200 415 "-" "Mozilla/5.0 (compatible; AhrefsBot/5.2; +http://ahrefs.com/robot/)"
207.46.13.191 - - [21/Nov/2018:20:41:57 +0100] "GET / HTTP/1.0" 200 415 "-" "Mozilla/5.0 (compatible; bingbot/2.0; +http://www.bing.com/bingbot.htm)"
54.36.148.145 - - [21/Nov/2018:20:58:59 +0100] "GET / HTTP/1.0" 200 415 "-" "Mozilla/5.0 (compatible; AhrefsBot/5.2; +http://ahrefs.com/robot/)"
54.36.148.221 - - [21/Nov/2018:10:57:02 +0100] "GET / HTTP/1.1" 200 2476 "-" "Mozilla/5.0 (compatible; AhrefsBot/5.2; +http://ahrefs.com/robot/)"
54.36.148.54 - - [21/Nov/2018:11:20:09 +0100] "GET / HTTP/1.1" 200 2476 "-" "Mozilla/5.0 (compatible; AhrefsBot/5.2; +http://ahrefs.com/robot/)"
207.46.13.191 - - [21/Nov/2018:20:41:57 +0100] "GET / HTTP/1.1" 200 2476 "-" "Mozilla/5.0 (compatible; bingbot/2.0; +http://www.bing.com/bingbot.htm)"
54.36.148.145 - - [21/Nov/2018:20:58:59 +0100] "GET / HTTP/1.1" 200 2476 "-" "Mozilla/5.0 (compatible; AhrefsBot/5.2; +http://ahrefs.com/robot/)"
5.196.87.34 - - [22/Nov/2018:06:59:57 +0100] "GET /robots.txt HTTP/1.0" 404 1487 "-" "Mozilla/5.0 (compatible; AhrefsBot/5.2; +http://ahrefs.com/robot/)"
5.196.87.68 - - [22/Nov/2018:06:59:57 +0100] "GET / HTTP/1.0" 200 415 "-" "Mozilla/5.0 (compatible; AhrefsBot/5.2; +http://ahrefs.com/robot/)"
207.46.13.191 - - [22/Nov/2018:08:48:18 +0100] "GET / HTTP/1.0" 200 415 "-" "Mozilla/5.0 (compatible; bingbot/2.0; +http://www.bing.com/bingbot.htm)"
54.36.150.173 - - [22/Nov/2018:10:20:51 +0100] "GET / HTTP/1.0" 200 415 "-" "Mozilla/5.0 (compatible; AhrefsBot/5.2; +http://ahrefs.com/robot/)"
5.196.87.40 - - [22/Nov/2018:21:03:29 +0100] "GET /robots.txt HTTP/1.0" 404 1487 "-" "Mozilla/5.0 (compatible; AhrefsBot/5.2; +http://ahrefs.com/robot/)"
54.36.150.174 - - [22/Nov/2018:21:03:29 +0100] "GET / HTTP/1.0" 200 415 "-" "Mozilla/5.0 (compatible; AhrefsBot/5.2; +http://ahrefs.com/robot/)"
151.80.39.101 - - [22/Nov/2018:21:12:30 +0100] "GET / HTTP/1.0" 200 415 "-" "Mozilla/5.0 (compatible; AhrefsBot/5.2; +http://ahrefs.com/robot/)"
207.46.13.191 - - [22/Nov/2018:23:42:02 +0100] "GET / HTTP/1.0" 200 1915 "-" "Mozilla/5.0 (compatible; bingbot/2.0; +http://www.bing.com/bingbot.htm)"
5.196.87.68 - - [22/Nov/2018:06:59:57 +0100] "GET / HTTP/1.1" 200 2476 "-" "Mozilla/5.0 (compatible; AhrefsBot/5.2; +http://ahrefs.com/robot/)"
207.46.13.191 - - [22/Nov/2018:08:48:18 +0100] "GET / HTTP/1.1" 200 2476 "-" "Mozilla/5.0 (compatible; bingbot/2.0; +http://www.bing.com/bingbot.htm)"
54.36.150.173 - - [22/Nov/2018:10:20:51 +0100] "GET / HTTP/1.1" 200 2476 "-" "Mozilla/5.0 (compatible; AhrefsBot/5.2; +http://ahrefs.com/robot/)"
54.36.150.174 - - [22/Nov/2018:21:03:29 +0100] "GET / HTTP/1.1" 200 2476 "-" "Mozilla/5.0 (compatible; AhrefsBot/5.2; +http://ahrefs.com/robot/)"
151.80.39.101 - - [22/Nov/2018:21:12:30 +0100] "GET / HTTP/1.1" 200 2476 "-" "Mozilla/5.0 (compatible; AhrefsBot/5.2; +http://ahrefs.com/robot/)"
207.46.13.191 - - [22/Nov/2018:23:42:02 +0100] "GET / HTTP/1.1" 200 2476 "-" "Mozilla/5.0 (compatible; bingbot/2.0; +http://www.bing.com/bingbot.htm)"
157.55.39.15 - - [23/Nov/2018:15:39:20 +0100] "GET /robots.txt HTTP/1.0" 404 1487 "-" "Mozilla/5.0 (compatible; bingbot/2.0; +http://www.bing.com/bingbot.htm)"
157.55.39.15 - - [23/Nov/2018:15:39:21 +0100] "GET /robots.txt HTTP/1.0" 404 1487 "-" "Mozilla/5.0 (compatible; bingbot/2.0; +http://www.bing.com/bingbot.htm)"
207.46.13.191 - - [23/Nov/2018:15:39:27 +0100] "GET / HTTP/1.0" 200 415 "-" "Mozilla/5.0 (compatible; bingbot/2.0; +http://www.bing.com/bingbot.htm)"
13.57.233.99 - - [23/Nov/2018:20:37:22 +0100] "GET / HTTP/1.0" 200 415 "-" "Mozilla/5.0 (Macintosh; Intel Mac OS X 10_12_6) AppleWebKit/537.36 (KHTML, like Gecko) Chrome/61.0.3163.100 Safari/537.36"
207.46.13.191 - - [24/Nov/2018:02:59:57 +0100] "GET / HTTP/1.0" 200 415 "-" "Mozilla/5.0 (compatible; bingbot/2.0; +http://www.bing.com/bingbot.htm)"
