13.57.233.99 - - [27/Aug/2018:16:10:19 +0200] "GET / HTTP/1.0" 200 415 "-" "Mozilla/5.0 (Macintosh; Intel Mac OS X 10_12_6) AppleWebKit/537.36 (KHTML, like Gecko) Chrome/61.0.3163.100 Safari/537.36"
157.55.39.53 - - [27/Aug/2018:19:26:43 +0200] "GET /robots.txt HTTP/1.0" 404 2987 "-" "Mozilla/5.0 (compatible; bingbot/2.0; +http://www.bing.com/bingbot.htm)"
157.55.39.53 - - [27/Aug/2018:19:26:44 +0200] "GET /robots.txt HTTP/1.0" 404 1487 "-" "Mozilla/5.0 (compatible; bingbot/2.0; +http://www.bing.com/bingbot.htm)"
157.55.39.164 - - [27/Aug/2018:20:33:25 +0200] "GET / HTTP/1.0" 200 415 "-" "Mozilla/5.0 (compatible; bingbot/2.0; +http://www.bing.com/bingbot.htm)"
207.46.13.31 - - [27/Aug/2018:06:52:15 +0200] "GET / HTTP/1.1" 200 2476 "-" "Mozilla/5.0 (compatible; bingbot/2.0; +http://www.bing.com/bingbot.htm)"
13.57.233.99 - - [27/Aug/2018:16:10:19 +0200] "GET / HTTP/1.1" 200 2476 "-" "Mozilla/5.0 (Macintosh; Intel Mac OS X 10_12_6) AppleWebKit/537.36 (KHTML, like Gecko) Chrome/61.0.3163.100 Safari/537.36"
157.55.39.164 - - [27/Aug/2018:20:33:25 +0200] "GET / HTTP/1.1" 200 2476 "-" "Mozilla/5.0 (compatible; bingbot/2.0; +http://www.bing.com/bingbot.htm)"
40.77.167.184 - - [28/Aug/2018:06:51:49 +0200] "GET / HTTP/1.0" 200 415 "-" "Mozilla/5.0 (compatible; bingbot/2.0; +http://www.bing.com/bingbot.htm)"
157.55.39.206 - - [28/Aug/2018:22:13:26 +0200] "GET / HTTP/1.0" 200 415 "-" "Mozilla/5.0 (compatible; bingbot/2.0; +http://www.bing.com/bingbot.htm)"
40.77.167.184 - - [28/Aug/2018:06:51:49 +0200] "GET / HTTP/1.1" 200 2476 "-" "Mozilla/5.0 (compatible; bingbot/2.0; +http://www.bing.com/bingbot.htm)"
157.55.39.206 - - [28/Aug/2018:22:13:26 +0200] "GET / HTTP/1.1" 200 2476 "-" "Mozilla/5.0 (compatible; bingbot/2.0; +http://www.bing.com/bingbot.htm)"
207.46.13.157 - - [29/Aug/2018:10:49:52 +0200] "GET / HTTP/1.0" 200 415 "-" "Mozilla/5.0 (compatible; bingbot/2.0; +http://www.bing.com/bingbot.htm)"
207.46.13.201 - - [30/Aug/2018:01:13:44 +0200] "GET /robots.txt HTTP/1.0" 404 2987 "-" "Mozilla/5.0 (compatible; bingbot/2.0; +http://www.bing.com/bingbot.htm)"
207.46.13.201 - - [30/Aug/2018:01:13:44 +0200] "GET /robots.txt HTTP/1.0" 404 1487 "-" "Mozilla/5.0 (compatible; bingbot/2.0; +http://www.bing.com/bingbot.htm)"
207.46.13.78 - - [30/Aug/2018:01:13:48 +0200] "GET / HTTP/1.0" 200 415 "-" "Mozilla/5.0 (compatible; bingbot/2.0; +http://www.bing.com/bingbot.htm)"
207.46.13.157 - - [29/Aug/2018:10:49:52 +0200] "GET / HTTP/1.1" 200 2476 "-" "Mozilla/5.0 (compatible; bingbot/2.0; +http://www.bing.com/bingbot.htm)"
207.46.13.78 - - [30/Aug/2018:01:13:48 +0200] "GET / HTTP/1.1" 200 2476 "-" "Mozilla/5.0 (compatible; bingbot/2.0; +http://www.bing.com/bingbot.htm)"
207.46.13.78 - - [30/Aug/2018:16:36:33 +0200] "GET / HTTP/1.0" 200 415 "-" "Mozilla/5.0 (compatible; bingbot/2.0; +http://www.bing.com/bingbot.htm)"
13.57.233.99 - - [30/Aug/2018:17:44:34 +0200] "GET / HTTP/1.0" 200 415 "-" "Mozilla/5.0 (Macintosh; Intel Mac OS X 10_12_6) AppleWebKit/537.36 (KHTML, like Gecko) Chrome/61.0.3163.100 Safari/537.36"
207.46.13.78 - - [30/Aug/2018:16:36:33 +0200] "GET / HTTP/1.1" 200 2476 "-" "Mozilla/5.0 (compatible; bingbot/2.0; +http://www.bing.com/bingbot.htm)"
13.57.233.99 - - [30/Aug/2018:17:44:34 +0200] "GET / HTTP/1.1" 200 2476 "-" "Mozilla/5.0 (Macintosh; Intel Mac OS X 10_12_6) AppleWebKit/537.36 (KHTML, like Gecko) Chrome/61.0.3163.100 Safari/537.36"
40.77.167.198 - - [31/Aug/2018:21:26:49 +0200] "GET / HTTP/1.0" 200 1915 "-" "Mozilla/5.0 (compatible; bingbot/2.0; +http://www.bing.com/bingbot.htm)"
207.46.13.201 - - [01/Sep/2018:01:18:53 +0200] "GET /robots.txt HTTP/1.0" 404 2987 "-" "Mozilla/5.0 (compatible; bingbot/2.0; +http://www.bing.com/bingbot.htm)"
207.46.13.201 - - [01/Sep/2018:01:18:54 +0200] "GET /robots.txt HTTP/1.0" 404 1487 "-" "Mozilla/5.0 (compatible; bingbot/2.0; +http://www.bing.com/bingbot.htm)"
157.55.39.230 - - [01/Sep/2018:01:18:56 +0200] "GET / HTTP/1.0" 200 415 "-" "Mozilla/5.0 (compatible; bingbot/2.0; +http://www.bing.com/bingbot.htm)"
40.77.167.198 - - [31/Aug/2018:21:26:49 +0200] "GET / HTTP/1.1" 200 2476 "-" "Mozilla/5.0 (compatible; bingbot/2.0; +http://www.bing.com/bingbot.htm)"
157.55.39.230 - - [01/Sep/2018:01:18:56 +0200] "GET / HTTP/1.1" 200 2476 "-" "Mozilla/5.0 (compatible; bingbot/2.0; +http://www.bing.com/bingbot.htm)"
40.77.167.93 - - [01/Sep/2018:16:33:33 +0200] "GET / HTTP/1.0" 200 415 "-" "Mozilla/5.0 (compatible; bingbot/2.0; +http://www.bing.com/bingbot.htm)"
207.46.13.201 - - [02/Sep/2018:04:11:48 +0200] "GET /robots.txt HTTP/1.0" 404 1487 "-" "Mozilla/5.0 (compatible; bingbot/2.0; +http://www.bing.com/bingbot.htm)"
207.46.13.201 - - [02/Sep/2018:04:11:49 +0200] "GET /robots.txt HTTP/1.0" 404 1487 "-" "Mozilla/5.0 (compatible; bingbot/2.0; +http://www.bing.com/bingbot.htm)"
157.55.39.131 - - [02/Sep/2018:04:12:22 +0200] "GET / HTTP/1.0" 200 1915 "-" "Mozilla/5.0 (compatible; bingbot/2.0; +http://www.bing.com/bingbot.htm)"
40.77.167.93 - - [01/Sep/2018:16:33:33 +0200] "GET / HTTP/1.1" 200 2476 "-" "Mozilla/5.0 (compatible; bingbot/2.0; +http://www.bing.com/bingbot.htm)"
157.55.39.131 - - [02/Sep/2018:04:12:22 +0200] "GET / HTTP/1.1" 200 2476 "-" "Mozilla/5.0 (compatible; bingbot/2.0; +http://www.bing.com/bingbot.htm)"
207.46.13.161 - - [02/Sep/2018:19:22:14 +0200] "GET / HTTP/1.0" 200 415 "-" "Mozilla/5.0 (compatible; bingbot/2.0; +http://www.bing.com/bingbot.htm)"
13.57.233.99 - - [02/Sep/2018:19:44:04 +0200] "GET / HTTP/1.0" 200 415 "-" "Mozilla/5.0 (Macintosh; Intel Mac OS X 10_12_6) AppleWebKit/537.36 (KHTML, like Gecko) Chrome/61.0.3163.100 Safari/537.36"
207.46.13.161 - - [02/Sep/2018:19:22:14 +0200] "GET / HTTP/1.1" 200 2476 "-" "Mozilla/5.0 (compatible; bingbot/2.0; +http://www.bing.com/bingbot.htm)"
13.57.233.99 - - [02/Sep/2018:19:44:04 +0200] "GET / HTTP/1.1" 200 2476 "-" "Mozilla/5.0 (Macintosh; Intel Mac OS X 10_12_6) AppleWebKit/537.36 (KHTML, like Gecko) Chrome/61.0.3163.100 Safari/537.36"
207.46.13.157 - - [03/Sep/2018:07:10:32 +0200] "GET / HTTP/1.0" 200 1915 "-" "Mozilla/5.0 (compatible; bingbot/2.0; +http://www.bing.com/bingbot.htm)"
207.46.13.91 - - [03/Sep/2018:21:34:15 +0200] "GET / HTTP/1.0" 200 415 "-" "Mozilla/5.0 (compatible; bingbot/2.0; +http://www.bing.com/bingbot.htm)"
207.46.13.157 - - [03/Sep/2018:07:10:32 +0200] "GET / HTTP/1.1" 200 2476 "-" "Mozilla/5.0 (compatible; bingbot/2.0; +http://www.bing.com/bingbot.htm)"
207.46.13.91 - - [03/Sep/2018:21:34:15 +0200] "GET / HTTP/1.1" 200 2476 "-" "Mozilla/5.0 (compatible; bingbot/2.0; +http://www.bing.com/bingbot.htm)"
207.46.13.201 - - [04/Sep/2018:08:52:21 +0200] "GET /robots.txt HTTP/1.0" 404 1487 "-" "Mozilla/5.0 (compatible; bingbot/2.0; +http://www.bing.com/bingbot.htm)"
207.46.13.201 - - [04/Sep/2018:08:52:22 +0200] "GET /robots.txt HTTP/1.0" 404 1487 "-" "Mozilla/5.0 (compatible; bingbot/2.0; +http://www.bing.com/bingbot.htm)"
157.55.39.155 - - [04/Sep/2018:08:52:29 +0200] "GET / HTTP/1.0" 200 415 "-" "Mozilla/5.0 (compatible; bingbot/2.0; +http://www.bing.com/bingbot.htm)"
157.55.39.111 - - [04/Sep/2018:23:15:39 +0200] "GET / HTTP/1.0" 200 1915 "-" "Mozilla/5.0 (compatible; bingbot/2.0; +http://www.bing.com/bingbot.htm)"
83.240.186.238 - - [05/Sep/2018:00:22:35 +0200] "GET /.env HTTP/1.0" 404 2987 "-" "Mozilla/5.0 (Windows NT 6.1; WOW64; rv:24.0) Gecko/20100101 Firefox/24.0"
157.55.39.155 - - [04/Sep/2018:08:52:29 +0200] "GET / HTTP/1.1" 200 2476 "-" "Mozilla/5.0 (compatible; bingbot/2.0; +http://www.bing.com/bingbot.htm)"
157.55.39.111 - - [04/Sep/2018:23:15:39 +0200] "GET / HTTP/1.1" 200 2476 "-" "Mozilla/5.0 (compatible; bingbot/2.0; +http://www.bing.com/bingbot.htm)"
40.77.167.60 - - [05/Sep/2018:13:15:12 +0200] "GET / HTTP/1.0" 200 1915 "-" "Mozilla/5.0 (compatible; bingbot/2.0; +http://www.bing.com/bingbot.htm)"
13.57.233.99 - - [05/Sep/2018:21:50:20 +0200] "GET / HTTP/1.0" 200 1915 "-" "Mozilla/5.0 (Macintosh; Intel Mac OS X 10_12_6) AppleWebKit/537.36 (KHTML, like Gecko) Chrome/61.0.3163.100 Safari/537.36"
157.55.39.148 - - [05/Sep/2018:23:45:32 +0200] "GET / HTTP/1.0" 200 1915 "-" "Mozilla/5.0 (compatible; bingbot/2.0; +http://www.bing.com/bingbot.htm)"
40.77.167.60 - - [05/Sep/2018:13:15:12 +0200] "GET / HTTP/1.1" 200 2476 "-" "Mozilla/5.0 (compatible; bingbot/2.0; +http://www.bing.com/bingbot.htm)"
13.57.233.99 - - [05/Sep/2018:21:50:20 +0200] "GET / HTTP/1.1" 200 2476 "-" "Mozilla/5.0 (Macintosh; Intel Mac OS X 10_12_6) AppleWebKit/537.36 (KHTML, like Gecko) Chrome/61.0.3163.100 Safari/537.36"
157.55.39.148 - - [05/Sep/2018:23:45:32 +0200] "GET / HTTP/1.1" 200 2476 "-" "Mozilla/5.0 (compatible; bingbot/2.0; +http://www.bing.com/bingbot.htm)"
207.46.13.201 - - [06/Sep/2018:13:24:28 +0200] "GET /robots.txt HTTP/1.0" 404 2987 "-" "Mozilla/5.0 (compatible; bingbot/2.0; +http://www.bing.com/bingbot.htm)"
207.46.13.201 - - [06/Sep/2018:13:24:29 +0200] "GET /robots.txt HTTP/1.0" 404 1487 "-" "Mozilla/5.0 (compatible; bingbot/2.0; +http://www.bing.com/bingbot.htm)"
40.77.167.182 - - [06/Sep/2018:13:24:42 +0200] "GET / HTTP/1.0" 200 415 "-" "Mozilla/5.0 (compatible; bingbot/2.0; +http://www.bing.com/bingbot.htm)"
83.240.219.234 - - [07/Sep/2018:00:30:48 +0200] "GET /.env HTTP/1.0" 404 2987 "-" "Mozilla/5.0 (Windows NT 6.1; WOW64; rv:24.0) Gecko/20100101 Firefox/24.0"
207.46.13.34 - - [07/Sep/2018:01:09:31 +0200] "GET / HTTP/1.0" 200 1915 "-" "Mozilla/5.0 (compatible; bingbot/2.0; +http://www.bing.com/bingbot.htm)"
40.77.167.182 - - [06/Sep/2018:13:24:42 +0200] "GET / HTTP/1.1" 200 2476 "-" "Mozilla/5.0 (compatible; bingbot/2.0; +http://www.bing.com/bingbot.htm)"
207.46.13.34 - - [07/Sep/2018:01:09:31 +0200] "GET / HTTP/1.1" 200 2476 "-" "Mozilla/5.0 (compatible; bingbot/2.0; +http://www.bing.com/bingbot.htm)"
207.46.13.211 - - [07/Sep/2018:14:17:58 +0200] "GET / HTTP/1.0" 200 415 "-" "Mozilla/5.0 (compatible; bingbot/2.0; +http://www.bing.com/bingbot.htm)"
207.46.13.211 - - [08/Sep/2018:02:11:55 +0200] "GET / HTTP/1.0" 200 415 "-" "Mozilla/5.0 (compatible; bingbot/2.0; +http://www.bing.com/bingbot.htm)"
207.46.13.211 - - [07/Sep/2018:14:17:58 +0200] "GET / HTTP/1.1" 200 2476 "-" "Mozilla/5.0 (compatible; bingbot/2.0; +http://www.bing.com/bingbot.htm)"
207.46.13.211 - - [08/Sep/2018:02:11:55 +0200] "GET / HTTP/1.1" 200 2476 "-" "Mozilla/5.0 (compatible; bingbot/2.0; +http://www.bing.com/bingbot.htm)"
157.55.39.28 - - [08/Sep/2018:15:04:18 +0200] "GET /robots.txt HTTP/1.0" 404 2987 "-" "Mozilla/5.0 (compatible; bingbot/2.0; +http://www.bing.com/bingbot.htm)"
157.55.39.28 - - [08/Sep/2018:15:04:18 +0200] "GET /robots.txt HTTP/1.0" 404 1487 "-" "Mozilla/5.0 (compatible; bingbot/2.0; +http://www.bing.com/bingbot.htm)"
207.46.13.211 - - [08/Sep/2018:15:04:20 +0200] "GET / HTTP/1.0" 200 415 "-" "Mozilla/5.0 (compatible; bingbot/2.0; +http://www.bing.com/bingbot.htm)"
13.57.233.99 - - [08/Sep/2018:15:43:54 +0200] "GET / HTTP/1.0" 200 415 "-" "Mozilla/5.0 (Macintosh; Intel Mac OS X 10_12_6) AppleWebKit/537.36 (KHTML, like Gecko) Chrome/61.0.3163.100 Safari/537.36"
207.46.13.211 - - [08/Sep/2018:21:23:52 +0200] "GET / HTTP/1.0" 200 1915 "-" "Mozilla/5.0 (compatible; bingbot/2.0; +http://www.bing.com/bingbot.htm)"
37.58.58.230 - - [08/Sep/2018:21:50:40 +0200] "HEAD / HTTP/1.0" 200 1642 "-" "\"Mozilla/5.0 (Windows NT 10.0; Win64; x64; rv:56.0) Gecko/20100101 Firefox/56.0\""
37.58.58.230 - - [08/Sep/2018:21:50:40 +0200] "GET / HTTP/1.0" 200 415 "-" "\"Mozilla/5.0 (Windows NT 10.0; Win64; x64; rv:56.0) Gecko/20100101 Firefox/56.0\""
37.58.58.230 - - [08/Sep/2018:21:50:40 +0200] "GET /robots.txt HTTP/1.0" 404 1487 "-" "\"Mozilla/5.0 (Windows NT 10.0; Win64; x64; rv:56.0) Gecko/20100101 Firefox/56.0\""
37.58.58.230 - - [08/Sep/2018:21:50:41 +0200] "HEAD /favicon.ico HTTP/1.0" 200 142 "https://appslacoop.fr/" "\"Mozilla/5.0 (Windows NT 10.0; Win64; x64; rv:56.0) Gecko/20100101 Firefox/56.0\""
37.58.58.230 - - [08/Sep/2018:21:50:41 +0200] "HEAD /css/style.css HTTP/1.0" 404 142 "https://appslacoop.fr/" "\"Mozilla/5.0 (Windows NT 10.0; Win64; x64; rv:56.0) Gecko/20100101 Firefox/56.0\""
37.58.58.230 - - [08/Sep/2018:21:50:41 +0200] "HEAD /img/panel-logo.png HTTP/1.0" 404 142 "https://appslacoop.fr/" "\"Mozilla/5.0 (Windows NT 10.0; Win64; x64; rv:56.0) Gecko/20100101 Firefox/56.0\""
37.58.58.230 - - [08/Sep/2018:21:50:41 +0200] "HEAD /img/parallels-logo.png HTTP/1.0" 404 142 "https://appslacoop.fr/" "\"Mozilla/5.0 (Windows NT 10.0; Win64; x64; rv:56.0) Gecko/20100101 Firefox/56.0\""
207.46.13.211 - - [09/Sep/2018:03:45:46 +0200] "GET / HTTP/1.0" 200 1915 "-" "Mozilla/5.0 (compatible; bingbot/2.0; +http://www.bing.com/bingbot.htm)"
207.46.13.211 - - [08/Sep/2018:15:04:20 +0200] "GET / HTTP/1.1" 200 2476 "-" "Mozilla/5.0 (compatible; bingbot/2.0; +http://www.bing.com/bingbot.htm)"
13.57.233.99 - - [08/Sep/2018:15:43:54 +0200] "GET / HTTP/1.1" 200 2476 "-" "Mozilla/5.0 (Macintosh; Intel Mac OS X 10_12_6) AppleWebKit/537.36 (KHTML, like Gecko) Chrome/61.0.3163.100 Safari/537.36"
207.46.13.211 - - [08/Sep/2018:21:23:52 +0200] "GET / HTTP/1.1" 200 2476 "-" "Mozilla/5.0 (compatible; bingbot/2.0; +http://www.bing.com/bingbot.htm)"
37.58.58.230 - - [08/Sep/2018:21:50:40 +0200] "GET / HTTP/1.1" 200 2476 "-" "\x22Mozilla/5.0 (Windows NT 10.0; Win64; x64; rv:56.0) Gecko/20100101 Firefox/56.0\x22"
207.46.13.211 - - [09/Sep/2018:03:45:46 +0200] "GET / HTTP/1.1" 200 2476 "-" "Mozilla/5.0 (compatible; bingbot/2.0; +http://www.bing.com/bingbot.htm)"
207.46.13.211 - - [09/Sep/2018:16:37:58 +0200] "GET / HTTP/1.0" 200 1915 "-" "Mozilla/5.0 (compatible; bingbot/2.0; +http://www.bing.com/bingbot.htm)"
157.55.39.32 - - [10/Sep/2018:05:15:11 +0200] "GET /robots.txt HTTP/1.0" 404 2987 "-" "Mozilla/5.0 (compatible; bingbot/2.0; +http://www.bing.com/bingbot.htm)"
157.55.39.32 - - [10/Sep/2018:05:15:12 +0200] "GET /robots.txt HTTP/1.0" 404 1487 "-" "Mozilla/5.0 (compatible; bingbot/2.0; +http://www.bing.com/bingbot.htm)"
207.46.13.211 - - [10/Sep/2018:05:18:04 +0200] "GET / HTTP/1.0" 200 415 "-" "Mozilla/5.0 (compatible; bingbot/2.0; +http://www.bing.com/bingbot.htm)"
207.46.13.211 - - [09/Sep/2018:16:37:58 +0200] "GET / HTTP/1.1" 200 2476 "-" "Mozilla/5.0 (compatible; bingbot/2.0; +http://www.bing.com/bingbot.htm)"
207.46.13.211 - - [10/Sep/2018:05:18:04 +0200] "GET / HTTP/1.1" 200 2476 "-" "Mozilla/5.0 (compatible; bingbot/2.0; +http://www.bing.com/bingbot.htm)"
207.46.13.211 - - [10/Sep/2018:17:55:56 +0200] "GET / HTTP/1.0" 200 1915 "-" "Mozilla/5.0 (compatible; bingbot/2.0; +http://www.bing.com/bingbot.htm)"
207.46.13.211 - - [10/Sep/2018:17:55:56 +0200] "GET / HTTP/1.1" 200 2476 "-" "Mozilla/5.0 (compatible; bingbot/2.0; +http://www.bing.com/bingbot.htm)"
207.46.13.211 - - [11/Sep/2018:07:55:15 +0200] "GET / HTTP/1.0" 200 415 "-" "Mozilla/5.0 (compatible; bingbot/2.0; +http://www.bing.com/bingbot.htm)"
13.57.233.99 - - [11/Sep/2018:18:05:50 +0200] "GET / HTTP/1.0" 200 415 "-" "Mozilla/5.0 (Macintosh; Intel Mac OS X 10_12_6) AppleWebKit/537.36 (KHTML, like Gecko) Chrome/61.0.3163.100 Safari/537.36"
207.46.13.211 - - [11/Sep/2018:19:27:13 +0200] "GET / HTTP/1.0" 200 415 "-" "Mozilla/5.0 (compatible; bingbot/2.0; +http://www.bing.com/bingbot.htm)"
207.46.13.211 - - [11/Sep/2018:07:55:15 +0200] "GET / HTTP/1.1" 200 2476 "-" "Mozilla/5.0 (compatible; bingbot/2.0; +http://www.bing.com/bingbot.htm)"
13.57.233.99 - - [11/Sep/2018:18:05:50 +0200] "GET / HTTP/1.1" 200 2476 "-" "Mozilla/5.0 (Macintosh; Intel Mac OS X 10_12_6) AppleWebKit/537.36 (KHTML, like Gecko) Chrome/61.0.3163.100 Safari/537.36"
207.46.13.211 - - [11/Sep/2018:19:27:13 +0200] "GET / HTTP/1.1" 200 2476 "-" "Mozilla/5.0 (compatible; bingbot/2.0; +http://www.bing.com/bingbot.htm)"
207.46.13.198 - - [12/Sep/2018:07:02:34 +0200] "GET /robots.txt HTTP/1.0" 404 2987 "-" "Mozilla/5.0 (compatible; bingbot/2.0; +http://www.bing.com/bingbot.htm)"
207.46.13.198 - - [12/Sep/2018:07:02:35 +0200] "GET /robots.txt HTTP/1.0" 404 1487 "-" "Mozilla/5.0 (compatible; bingbot/2.0; +http://www.bing.com/bingbot.htm)"
207.46.13.211 - - [12/Sep/2018:07:02:37 +0200] "GET / HTTP/1.0" 200 415 "-" "Mozilla/5.0 (compatible; bingbot/2.0; +http://www.bing.com/bingbot.htm)"
207.46.13.211 - - [12/Sep/2018:20:03:16 +0200] "GET / HTTP/1.0" 200 1915 "-" "Mozilla/5.0 (compatible; bingbot/2.0; +http://www.bing.com/bingbot.htm)"
207.46.13.211 - - [12/Sep/2018:07:02:37 +0200] "GET / HTTP/1.1" 200 2476 "-" "Mozilla/5.0 (compatible; bingbot/2.0; +http://www.bing.com/bingbot.htm)"
207.46.13.211 - - [12/Sep/2018:20:03:16 +0200] "GET / HTTP/1.1" 200 2476 "-" "Mozilla/5.0 (compatible; bingbot/2.0; +http://www.bing.com/bingbot.htm)"
207.46.13.211 - - [13/Sep/2018:08:22:04 +0200] "GET / HTTP/1.0" 200 415 "-" "Mozilla/5.0 (compatible; bingbot/2.0; +http://www.bing.com/bingbot.htm)"
207.46.13.211 - - [13/Sep/2018:21:15:17 +0200] "GET / HTTP/1.0" 200 1915 "-" "Mozilla/5.0 (compatible; bingbot/2.0; +http://www.bing.com/bingbot.htm)"
207.46.13.211 - - [13/Sep/2018:08:22:04 +0200] "GET / HTTP/1.1" 200 2476 "-" "Mozilla/5.0 (compatible; bingbot/2.0; +http://www.bing.com/bingbot.htm)"
207.46.13.211 - - [13/Sep/2018:21:15:17 +0200] "GET / HTTP/1.1" 200 2476 "-" "Mozilla/5.0 (compatible; bingbot/2.0; +http://www.bing.com/bingbot.htm)"
207.46.13.198 - - [14/Sep/2018:10:39:29 +0200] "GET /robots.txt HTTP/1.0" 404 2987 "-" "Mozilla/5.0 (compatible; bingbot/2.0; +http://www.bing.com/bingbot.htm)"
207.46.13.198 - - [14/Sep/2018:10:39:30 +0200] "GET /robots.txt HTTP/1.0" 404 1487 "-" "Mozilla/5.0 (compatible; bingbot/2.0; +http://www.bing.com/bingbot.htm)"
207.46.13.211 - - [14/Sep/2018:10:39:34 +0200] "GET / HTTP/1.0" 200 415 "-" "Mozilla/5.0 (compatible; bingbot/2.0; +http://www.bing.com/bingbot.htm)"
13.57.233.99 - - [14/Sep/2018:15:17:40 +0200] "GET / HTTP/1.0" 200 415 "-" "Mozilla/5.0 (Macintosh; Intel Mac OS X 10_12_6) AppleWebKit/537.36 (KHTML, like Gecko) Chrome/61.0.3163.100 Safari/537.36"
207.46.13.211 - - [14/Sep/2018:22:31:08 +0200] "GET / HTTP/1.0" 200 1915 "-" "Mozilla/5.0 (compatible; bingbot/2.0; +http://www.bing.com/bingbot.htm)"
207.46.13.211 - - [15/Sep/2018:01:31:23 +0200] "GET / HTTP/1.0" 200 415 "-" "Mozilla/5.0 (compatible; bingbot/2.0; +http://www.bing.com/bingbot.htm)"
207.46.13.211 - - [14/Sep/2018:10:39:34 +0200] "GET / HTTP/1.1" 200 2476 "-" "Mozilla/5.0 (compatible; bingbot/2.0; +http://www.bing.com/bingbot.htm)"
13.57.233.99 - - [14/Sep/2018:15:17:40 +0200] "GET / HTTP/1.1" 200 2476 "-" "Mozilla/5.0 (Macintosh; Intel Mac OS X 10_12_6) AppleWebKit/537.36 (KHTML, like Gecko) Chrome/61.0.3163.100 Safari/537.36"
207.46.13.211 - - [14/Sep/2018:22:31:08 +0200] "GET / HTTP/1.1" 200 2476 "-" "Mozilla/5.0 (compatible; bingbot/2.0; +http://www.bing.com/bingbot.htm)"
207.46.13.211 - - [15/Sep/2018:01:31:23 +0200] "GET / HTTP/1.1" 304 0 "-" "Mozilla/5.0 (compatible; bingbot/2.0; +http://www.bing.com/bingbot.htm)"
207.46.13.211 - - [15/Sep/2018:17:16:20 +0200] "GET / HTTP/1.0" 200 1915 "-" "Mozilla/5.0 (compatible; bingbot/2.0; +http://www.bing.com/bingbot.htm)"
207.46.13.211 - - [16/Sep/2018:05:34:49 +0200] "GET / HTTP/1.0" 200 1915 "-" "Mozilla/5.0 (compatible; bingbot/2.0; +http://www.bing.com/bingbot.htm)"
207.46.13.211 - - [15/Sep/2018:17:16:20 +0200] "GET / HTTP/1.1" 200 2476 "-" "Mozilla/5.0 (compatible; bingbot/2.0; +http://www.bing.com/bingbot.htm)"
207.46.13.211 - - [16/Sep/2018:05:34:49 +0200] "GET / HTTP/1.1" 200 2476 "-" "Mozilla/5.0 (compatible; bingbot/2.0; +http://www.bing.com/bingbot.htm)"
207.46.13.203 - - [16/Sep/2018:21:06:59 +0200] "GET /robots.txt HTTP/1.0" 404 1487 "-" "Mozilla/5.0 (compatible; bingbot/2.0; +http://www.bing.com/bingbot.htm)"
207.46.13.203 - - [16/Sep/2018:21:06:59 +0200] "GET /robots.txt HTTP/1.0" 404 1487 "-" "Mozilla/5.0 (compatible; bingbot/2.0; +http://www.bing.com/bingbot.htm)"
207.46.13.211 - - [16/Sep/2018:21:07:09 +0200] "GET / HTTP/1.0" 200 415 "-" "Mozilla/5.0 (compatible; bingbot/2.0; +http://www.bing.com/bingbot.htm)"
207.46.13.211 - - [16/Sep/2018:21:07:09 +0200] "GET / HTTP/1.1" 200 2476 "-" "Mozilla/5.0 (compatible; bingbot/2.0; +http://www.bing.com/bingbot.htm)"
207.46.13.211 - - [17/Sep/2018:08:33:00 +0200] "GET / HTTP/1.0" 200 415 "-" "Mozilla/5.0 (compatible; bingbot/2.0; +http://www.bing.com/bingbot.htm)"
13.57.233.99 - - [17/Sep/2018:12:03:07 +0200] "GET / HTTP/1.0" 200 415 "-" "Mozilla/5.0 (Macintosh; Intel Mac OS X 10_12_6) AppleWebKit/537.36 (KHTML, like Gecko) Chrome/61.0.3163.100 Safari/537.36"
207.46.13.27 - - [18/Sep/2018:01:14:08 +0200] "GET / HTTP/1.0" 200 1915 "-" "Mozilla/5.0 (compatible; bingbot/2.0; +http://www.bing.com/bingbot.htm)"
207.46.13.211 - - [17/Sep/2018:08:33:00 +0200] "GET / HTTP/1.1" 200 2476 "-" "Mozilla/5.0 (compatible; bingbot/2.0; +http://www.bing.com/bingbot.htm)"
13.57.233.99 - - [17/Sep/2018:12:03:07 +0200] "GET / HTTP/1.1" 200 2476 "-" "Mozilla/5.0 (Macintosh; Intel Mac OS X 10_12_6) AppleWebKit/537.36 (KHTML, like Gecko) Chrome/61.0.3163.100 Safari/537.36"
207.46.13.27 - - [18/Sep/2018:01:14:08 +0200] "GET / HTTP/1.1" 200 2476 "-" "Mozilla/5.0 (compatible; bingbot/2.0; +http://www.bing.com/bingbot.htm)"
81.173.112.207 - - [18/Sep/2018:07:43:57 +0200] "GET / HTTP/1.0" 200 1915 "-" "Mozilla/5.0 (Macintosh; Intel Mac OS X 10_10_5) AppleWebKit/603.3.8 (KHTML, like Gecko) Version/10.1.2 Safari/603.3.8"
207.46.13.76 - - [18/Sep/2018:21:46:24 +0200] "GET /robots.txt HTTP/1.0" 404 1487 "-" "Mozilla/5.0 (compatible; bingbot/2.0; +http://www.bing.com/bingbot.htm)"
207.46.13.76 - - [18/Sep/2018:21:46:24 +0200] "GET /robots.txt HTTP/1.0" 404 1487 "-" "Mozilla/5.0 (compatible; bingbot/2.0; +http://www.bing.com/bingbot.htm)"
207.46.13.134 - - [18/Sep/2018:21:46:28 +0200] "GET / HTTP/1.0" 200 415 "-" "Mozilla/5.0 (compatible; bingbot/2.0; +http://www.bing.com/bingbot.htm)"
81.173.112.207 - - [18/Sep/2018:07:43:57 +0200] "GET / HTTP/1.1" 200 2476 "-" "Mozilla/5.0 (Macintosh; Intel Mac OS X 10_10_5) AppleWebKit/603.3.8 (KHTML, like Gecko) Version/10.1.2 Safari/603.3.8"
207.46.13.134 - - [18/Sep/2018:21:46:28 +0200] "GET / HTTP/1.1" 200 2476 "-" "Mozilla/5.0 (compatible; bingbot/2.0; +http://www.bing.com/bingbot.htm)"
207.46.13.134 - - [19/Sep/2018:09:15:43 +0200] "GET / HTTP/1.0" 200 415 "-" "Mozilla/5.0 (compatible; bingbot/2.0; +http://www.bing.com/bingbot.htm)"
207.46.13.134 - - [20/Sep/2018:00:23:27 +0200] "GET / HTTP/1.0" 200 1915 "-" "Mozilla/5.0 (compatible; bingbot/2.0; +http://www.bing.com/bingbot.htm)"
207.46.13.134 - - [19/Sep/2018:09:15:43 +0200] "GET / HTTP/1.1" 200 2476 "-" "Mozilla/5.0 (compatible; bingbot/2.0; +http://www.bing.com/bingbot.htm)"
207.46.13.134 - - [20/Sep/2018:00:23:27 +0200] "GET / HTTP/1.1" 200 2476 "-" "Mozilla/5.0 (compatible; bingbot/2.0; +http://www.bing.com/bingbot.htm)"
13.57.233.99 - - [20/Sep/2018:09:16:10 +0200] "GET / HTTP/1.0" 200 415 "-" "Mozilla/5.0 (Macintosh; Intel Mac OS X 10_12_6) AppleWebKit/537.36 (KHTML, like Gecko) Chrome/61.0.3163.100 Safari/537.36"
207.46.13.134 - - [20/Sep/2018:15:00:53 +0200] "GET / HTTP/1.0" 200 415 "-" "Mozilla/5.0 (compatible; bingbot/2.0; +http://www.bing.com/bingbot.htm)"
207.46.13.76 - - [21/Sep/2018:03:23:11 +0200] "GET /robots.txt HTTP/1.0" 404 1487 "-" "Mozilla/5.0 (compatible; bingbot/2.0; +http://www.bing.com/bingbot.htm)"
207.46.13.76 - - [21/Sep/2018:03:23:12 +0200] "GET /robots.txt HTTP/1.0" 404 1487 "-" "Mozilla/5.0 (compatible; bingbot/2.0; +http://www.bing.com/bingbot.htm)"
40.77.167.156 - - [21/Sep/2018:03:23:14 +0200] "GET / HTTP/1.0" 200 415 "-" "Mozilla/5.0 (compatible; bingbot/2.0; +http://www.bing.com/bingbot.htm)"
13.57.233.99 - - [20/Sep/2018:09:16:10 +0200] "GET / HTTP/1.1" 200 2476 "-" "Mozilla/5.0 (Macintosh; Intel Mac OS X 10_12_6) AppleWebKit/537.36 (KHTML, like Gecko) Chrome/61.0.3163.100 Safari/537.36"
207.46.13.134 - - [20/Sep/2018:15:00:53 +0200] "GET / HTTP/1.1" 200 2476 "-" "Mozilla/5.0 (compatible; bingbot/2.0; +http://www.bing.com/bingbot.htm)"
40.77.167.156 - - [21/Sep/2018:03:23:14 +0200] "GET / HTTP/1.1" 200 2476 "-" "Mozilla/5.0 (compatible; bingbot/2.0; +http://www.bing.com/bingbot.htm)"
40.77.167.156 - - [21/Sep/2018:18:08:20 +0200] "GET / HTTP/1.0" 200 415 "-" "Mozilla/5.0 (compatible; bingbot/2.0; +http://www.bing.com/bingbot.htm)"
40.77.167.156 - - [21/Sep/2018:18:08:20 +0200] "GET / HTTP/1.1" 200 2476 "-" "Mozilla/5.0 (compatible; bingbot/2.0; +http://www.bing.com/bingbot.htm)"
207.46.13.90 - - [22/Sep/2018:06:43:04 +0200] "GET / HTTP/1.0" 200 1915 "-" "Mozilla/5.0 (compatible; bingbot/2.0; +http://www.bing.com/bingbot.htm)"
207.46.13.90 - - [22/Sep/2018:21:59:25 +0200] "GET / HTTP/1.0" 200 1915 "-" "Mozilla/5.0 (compatible; bingbot/2.0; +http://www.bing.com/bingbot.htm)"
207.46.13.90 - - [22/Sep/2018:06:43:04 +0200] "GET / HTTP/1.1" 200 2476 "-" "Mozilla/5.0 (compatible; bingbot/2.0; +http://www.bing.com/bingbot.htm)"
207.46.13.90 - - [22/Sep/2018:21:59:25 +0200] "GET / HTTP/1.1" 200 2476 "-" "Mozilla/5.0 (compatible; bingbot/2.0; +http://www.bing.com/bingbot.htm)"
13.57.233.99 - - [23/Sep/2018:06:34:00 +0200] "GET / HTTP/1.0" 200 1915 "-" "Mozilla/5.0 (Macintosh; Intel Mac OS X 10_12_6) AppleWebKit/537.36 (KHTML, like Gecko) Chrome/61.0.3163.100 Safari/537.36"
157.55.39.126 - - [23/Sep/2018:13:08:12 +0200] "GET / HTTP/1.0" 200 1915 "-" "Mozilla/5.0 (compatible; bingbot/2.0; +http://www.bing.com/bingbot.htm)"
13.57.233.99 - - [23/Sep/2018:06:34:00 +0200] "GET / HTTP/1.1" 200 2476 "-" "Mozilla/5.0 (Macintosh; Intel Mac OS X 10_12_6) AppleWebKit/537.36 (KHTML, like Gecko) Chrome/61.0.3163.100 Safari/537.36"
157.55.39.126 - - [23/Sep/2018:13:08:12 +0200] "GET / HTTP/1.1" 200 2476 "-" "Mozilla/5.0 (compatible; bingbot/2.0; +http://www.bing.com/bingbot.htm)"
157.55.39.126 - - [24/Sep/2018:08:32:59 +0200] "GET / HTTP/1.0" 200 1915 "-" "Mozilla/5.0 (compatible; bingbot/2.0; +http://www.bing.com/bingbot.htm)"
207.46.13.76 - - [25/Sep/2018:00:20:23 +0200] "GET /robots.txt HTTP/1.0" 404 1487 "-" "Mozilla/5.0 (compatible; bingbot/2.0; +http://www.bing.com/bingbot.htm)"
207.46.13.76 - - [25/Sep/2018:00:20:24 +0200] "GET /robots.txt HTTP/1.0" 404 1487 "-" "Mozilla/5.0 (compatible; bingbot/2.0; +http://www.bing.com/bingbot.htm)"
157.55.39.126 - - [25/Sep/2018:00:20:30 +0200] "GET / HTTP/1.0" 200 415 "-" "Mozilla/5.0 (compatible; bingbot/2.0; +http://www.bing.com/bingbot.htm)"
157.55.39.126 - - [24/Sep/2018:08:32:59 +0200] "GET / HTTP/1.1" 200 2476 "-" "Mozilla/5.0 (compatible; bingbot/2.0; +http://www.bing.com/bingbot.htm)"
157.55.39.126 - - [25/Sep/2018:00:20:30 +0200] "GET / HTTP/1.1" 200 2476 "-" "Mozilla/5.0 (compatible; bingbot/2.0; +http://www.bing.com/bingbot.htm)"
207.46.13.76 - - [25/Sep/2018:16:07:58 +0200] "GET /robots.txt HTTP/1.0" 404 1487 "-" "Mozilla/5.0 (compatible; bingbot/2.0; +http://www.bing.com/bingbot.htm)"
207.46.13.76 - - [25/Sep/2018:16:07:58 +0200] "GET /robots.txt HTTP/1.0" 404 1487 "-" "Mozilla/5.0 (compatible; bingbot/2.0; +http://www.bing.com/bingbot.htm)"
157.55.39.126 - - [25/Sep/2018:16:08:01 +0200] "GET / HTTP/1.0" 200 415 "-" "Mozilla/5.0 (compatible; bingbot/2.0; +http://www.bing.com/bingbot.htm)"
13.57.233.99 - - [26/Sep/2018:03:38:59 +0200] "GET / HTTP/1.0" 200 415 "-" "Mozilla/5.0 (Macintosh; Intel Mac OS X 10_12_6) AppleWebKit/537.36 (KHTML, like Gecko) Chrome/61.0.3163.100 Safari/537.36"
157.55.39.14 - - [26/Sep/2018:04:02:09 +0200] "GET /robots.txt HTTP/1.0" 404 1487 "-" "Mozilla/5.0 (compatible; bingbot/2.0; +http://www.bing.com/bingbot.htm)"
157.55.39.14 - - [26/Sep/2018:04:02:10 +0200] "GET /robots.txt HTTP/1.0" 404 1487 "-" "Mozilla/5.0 (compatible; bingbot/2.0; +http://www.bing.com/bingbot.htm)"
40.77.167.156 - - [26/Sep/2018:04:13:18 +0200] "GET / HTTP/1.0" 200 1915 "-" "Mozilla/5.0 (compatible; bingbot/2.0; +http://www.bing.com/bingbot.htm)"
157.55.39.126 - - [25/Sep/2018:16:08:01 +0200] "GET / HTTP/1.1" 200 2476 "-" "Mozilla/5.0 (compatible; bingbot/2.0; +http://www.bing.com/bingbot.htm)"
13.57.233.99 - - [26/Sep/2018:03:38:59 +0200] "GET / HTTP/1.1" 200 2476 "-" "Mozilla/5.0 (Macintosh; Intel Mac OS X 10_12_6) AppleWebKit/537.36 (KHTML, like Gecko) Chrome/61.0.3163.100 Safari/537.36"
40.77.167.156 - - [26/Sep/2018:04:13:18 +0200] "GET / HTTP/1.1" 200 2476 "-" "Mozilla/5.0 (compatible; bingbot/2.0; +http://www.bing.com/bingbot.htm)"
157.55.39.106 - - [27/Sep/2018:10:01:02 +0200] "GET / HTTP/1.0" 200 415 "-" "Mozilla/5.0 (compatible; bingbot/2.0; +http://www.bing.com/bingbot.htm)"
157.55.39.106 - - [27/Sep/2018:10:01:02 +0200] "GET / HTTP/1.1" 200 2476 "-" "Mozilla/5.0 (compatible; bingbot/2.0; +http://www.bing.com/bingbot.htm)"
13.57.233.99 - - [29/Sep/2018:00:32:04 +0200] "GET / HTTP/1.0" 200 1915 "-" "Mozilla/5.0 (Macintosh; Intel Mac OS X 10_12_6) AppleWebKit/537.36 (KHTML, like Gecko) Chrome/61.0.3163.100 Safari/537.36"
13.57.233.99 - - [29/Sep/2018:00:32:04 +0200] "GET / HTTP/1.1" 200 2476 "-" "Mozilla/5.0 (Macintosh; Intel Mac OS X 10_12_6) AppleWebKit/537.36 (KHTML, like Gecko) Chrome/61.0.3163.100 Safari/537.36"
207.46.13.196 - - [30/Sep/2018:02:11:30 +0200] "GET /robots.txt HTTP/1.0" 404 2987 "-" "Mozilla/5.0 (compatible; bingbot/2.0; +http://www.bing.com/bingbot.htm)"
207.46.13.196 - - [30/Sep/2018:02:11:31 +0200] "GET /robots.txt HTTP/1.0" 404 1487 "-" "Mozilla/5.0 (compatible; bingbot/2.0; +http://www.bing.com/bingbot.htm)"
40.77.167.121 - - [30/Sep/2018:02:11:33 +0200] "GET / HTTP/1.0" 200 415 "-" "Mozilla/5.0 (compatible; bingbot/2.0; +http://www.bing.com/bingbot.htm)"
40.77.167.121 - - [30/Sep/2018:02:11:33 +0200] "GET / HTTP/1.1" 200 2476 "-" "Mozilla/5.0 (compatible; bingbot/2.0; +http://www.bing.com/bingbot.htm)"
40.77.167.121 - - [30/Sep/2018:14:25:26 +0200] "GET / HTTP/1.0" 200 415 "-" "Mozilla/5.0 (compatible; bingbot/2.0; +http://www.bing.com/bingbot.htm)"
40.77.167.121 - - [01/Oct/2018:01:48:15 +0200] "GET / HTTP/1.0" 200 1915 "-" "Mozilla/5.0 (compatible; bingbot/2.0; +http://www.bing.com/bingbot.htm)"
40.77.167.121 - - [30/Sep/2018:14:25:26 +0200] "GET / HTTP/1.1" 200 2476 "-" "Mozilla/5.0 (compatible; bingbot/2.0; +http://www.bing.com/bingbot.htm)"
40.77.167.121 - - [01/Oct/2018:01:48:15 +0200] "GET / HTTP/1.1" 200 2476 "-" "Mozilla/5.0 (compatible; bingbot/2.0; +http://www.bing.com/bingbot.htm)"
40.77.167.121 - - [01/Oct/2018:16:04:39 +0200] "GET / HTTP/1.0" 200 415 "-" "Mozilla/5.0 (compatible; bingbot/2.0; +http://www.bing.com/bingbot.htm)"
13.57.233.99 - - [01/Oct/2018:21:07:08 +0200] "GET / HTTP/1.0" 200 1915 "-" "Mozilla/5.0 (Macintosh; Intel Mac OS X 10_12_6) AppleWebKit/537.36 (KHTML, like Gecko) Chrome/61.0.3163.100 Safari/537.36"
157.55.39.52 - - [02/Oct/2018:03:22:58 +0200] "GET /robots.txt HTTP/1.0" 404 2987 "-" "Mozilla/5.0 (compatible; bingbot/2.0; +http://www.bing.com/bingbot.htm)"
157.55.39.52 - - [02/Oct/2018:03:22:59 +0200] "GET /robots.txt HTTP/1.0" 404 1487 "-" "Mozilla/5.0 (compatible; bingbot/2.0; +http://www.bing.com/bingbot.htm)"
40.77.167.121 - - [02/Oct/2018:03:23:10 +0200] "GET / HTTP/1.0" 200 415 "-" "Mozilla/5.0 (compatible; bingbot/2.0; +http://www.bing.com/bingbot.htm)"
40.77.167.121 - - [01/Oct/2018:16:04:39 +0200] "GET / HTTP/1.1" 200 2476 "-" "Mozilla/5.0 (compatible; bingbot/2.0; +http://www.bing.com/bingbot.htm)"
13.57.233.99 - - [01/Oct/2018:21:07:08 +0200] "GET / HTTP/1.1" 200 2476 "-" "Mozilla/5.0 (Macintosh; Intel Mac OS X 10_12_6) AppleWebKit/537.36 (KHTML, like Gecko) Chrome/61.0.3163.100 Safari/537.36"
40.77.167.121 - - [02/Oct/2018:03:23:10 +0200] "GET / HTTP/1.1" 200 2476 "-" "Mozilla/5.0 (compatible; bingbot/2.0; +http://www.bing.com/bingbot.htm)"
40.77.167.193 - - [02/Oct/2018:18:09:40 +0200] "GET / HTTP/1.0" 200 1915 "-" "Mozilla/5.0 (compatible; bingbot/2.0; +http://www.bing.com/bingbot.htm)"
207.46.13.124 - - [03/Oct/2018:05:05:51 +0200] "GET / HTTP/1.0" 200 415 "-" "Mozilla/5.0 (compatible; bingbot/2.0; +http://www.bing.com/bingbot.htm)"
40.77.167.193 - - [02/Oct/2018:18:09:40 +0200] "GET / HTTP/1.1" 200 2476 "-" "Mozilla/5.0 (compatible; bingbot/2.0; +http://www.bing.com/bingbot.htm)"
207.46.13.124 - - [03/Oct/2018:05:05:51 +0200] "GET / HTTP/1.1" 200 2476 "-" "Mozilla/5.0 (compatible; bingbot/2.0; +http://www.bing.com/bingbot.htm)"
207.46.13.124 - - [03/Oct/2018:15:37:13 +0200] "GET / HTTP/1.0" 200 415 "-" "Mozilla/5.0 (compatible; bingbot/2.0; +http://www.bing.com/bingbot.htm)"
142.93.3.244 - - [03/Oct/2018:17:30:33 +0200] "HEAD / HTTP/1.0" 200 142 "-" "Mozilla/5.0 (Windows NT 6.2; WOW64) AppleWebKit/537.14 (KHTML, like Gecko) Chrome/24.0.1292.0 Safari/537.14"
142.93.3.244 - - [03/Oct/2018:17:30:33 +0200] "HEAD / HTTP/1.0" 200 142 "-" "Mozilla/5.0 (Macintosh; Intel Mac OS X 10_9_2) AppleWebKit/537.36 (KHTML, like Gecko) Chrome/36.0.1944.0 Safari/537.36"
157.55.39.47 - - [04/Oct/2018:03:43:05 +0200] "GET /robots.txt HTTP/1.0" 404 1487 "-" "Mozilla/5.0 (compatible; bingbot/2.0; +http://www.bing.com/bingbot.htm)"
157.55.39.47 - - [04/Oct/2018:03:43:06 +0200] "GET /robots.txt HTTP/1.0" 404 1487 "-" "Mozilla/5.0 (compatible; bingbot/2.0; +http://www.bing.com/bingbot.htm)"
207.46.13.124 - - [04/Oct/2018:03:43:14 +0200] "GET / HTTP/1.0" 200 415 "-" "Mozilla/5.0 (compatible; bingbot/2.0; +http://www.bing.com/bingbot.htm)"
207.46.13.124 - - [03/Oct/2018:15:37:13 +0200] "GET / HTTP/1.1" 200 2476 "-" "Mozilla/5.0 (compatible; bingbot/2.0; +http://www.bing.com/bingbot.htm)"
207.46.13.124 - - [04/Oct/2018:03:43:14 +0200] "GET / HTTP/1.1" 200 2476 "-" "Mozilla/5.0 (compatible; bingbot/2.0; +http://www.bing.com/bingbot.htm)"
13.57.233.99 - - [04/Oct/2018:17:55:33 +0200] "GET / HTTP/1.0" 200 415 "-" "Mozilla/5.0 (Macintosh; Intel Mac OS X 10_12_6) AppleWebKit/537.36 (KHTML, like Gecko) Chrome/61.0.3163.100 Safari/537.36"
207.46.13.124 - - [04/Oct/2018:18:07:33 +0200] "GET / HTTP/1.0" 200 1915 "-" "Mozilla/5.0 (compatible; bingbot/2.0; +http://www.bing.com/bingbot.htm)"
207.46.13.124 - - [05/Oct/2018:05:37:40 +0200] "GET / HTTP/1.0" 200 415 "-" "Mozilla/5.0 (compatible; bingbot/2.0; +http://www.bing.com/bingbot.htm)"
13.57.233.99 - - [04/Oct/2018:17:55:33 +0200] "GET / HTTP/1.1" 200 2476 "-" "Mozilla/5.0 (Macintosh; Intel Mac OS X 10_12_6) AppleWebKit/537.36 (KHTML, like Gecko) Chrome/61.0.3163.100 Safari/537.36"
207.46.13.124 - - [04/Oct/2018:18:07:33 +0200] "GET / HTTP/1.1" 200 2476 "-" "Mozilla/5.0 (compatible; bingbot/2.0; +http://www.bing.com/bingbot.htm)"
207.46.13.124 - - [05/Oct/2018:05:37:40 +0200] "GET / HTTP/1.1" 200 2476 "-" "Mozilla/5.0 (compatible; bingbot/2.0; +http://www.bing.com/bingbot.htm)"
40.77.167.168 - - [05/Oct/2018:21:12:13 +0200] "GET / HTTP/1.0" 200 415 "-" "Mozilla/5.0 (compatible; bingbot/2.0; +http://www.bing.com/bingbot.htm)"
40.77.167.168 - - [05/Oct/2018:21:12:13 +0200] "GET / HTTP/1.1" 200 2476 "-" "Mozilla/5.0 (compatible; bingbot/2.0; +http://www.bing.com/bingbot.htm)"
157.55.39.25 - - [06/Oct/2018:08:26:45 +0200] "GET /robots.txt HTTP/1.0" 404 2987 "-" "Mozilla/5.0 (compatible; bingbot/2.0; +http://www.bing.com/bingbot.htm)"
157.55.39.25 - - [06/Oct/2018:08:26:46 +0200] "GET /robots.txt HTTP/1.0" 404 1487 "-" "Mozilla/5.0 (compatible; bingbot/2.0; +http://www.bing.com/bingbot.htm)"
207.46.13.48 - - [06/Oct/2018:08:27:51 +0200] "GET / HTTP/1.0" 200 415 "-" "Mozilla/5.0 (compatible; bingbot/2.0; +http://www.bing.com/bingbot.htm)"
40.77.167.37 - - [06/Oct/2018:22:03:03 +0200] "GET / HTTP/1.0" 200 415 "-" "Mozilla/5.0 (compatible; bingbot/2.0; +http://www.bing.com/bingbot.htm)"
207.46.13.48 - - [06/Oct/2018:08:27:51 +0200] "GET / HTTP/1.1" 200 2476 "-" "Mozilla/5.0 (compatible; bingbot/2.0; +http://www.bing.com/bingbot.htm)"
40.77.167.37 - - [06/Oct/2018:22:03:03 +0200] "GET / HTTP/1.1" 200 2476 "-" "Mozilla/5.0 (compatible; bingbot/2.0; +http://www.bing.com/bingbot.htm)"
40.77.167.37 - - [07/Oct/2018:10:06:10 +0200] "GET / HTTP/1.0" 200 415 "-" "Mozilla/5.0 (compatible; bingbot/2.0; +http://www.bing.com/bingbot.htm)"
13.57.233.99 - - [07/Oct/2018:13:00:34 +0200] "GET / HTTP/1.0" 200 415 "-" "Mozilla/5.0 (Macintosh; Intel Mac OS X 10_12_6) AppleWebKit/537.36 (KHTML, like Gecko) Chrome/61.0.3163.100 Safari/537.36"
157.55.39.255 - - [08/Oct/2018:01:12:31 +0200] "GET / HTTP/1.0" 200 415 "-" "Mozilla/5.0 (compatible; bingbot/2.0; +http://www.bing.com/bingbot.htm)"
40.77.167.37 - - [07/Oct/2018:10:06:10 +0200] "GET / HTTP/1.1" 200 2476 "-" "Mozilla/5.0 (compatible; bingbot/2.0; +http://www.bing.com/bingbot.htm)"
13.57.233.99 - - [07/Oct/2018:13:00:34 +0200] "GET / HTTP/1.1" 200 2476 "-" "Mozilla/5.0 (Macintosh; Intel Mac OS X 10_12_6) AppleWebKit/537.36 (KHTML, like Gecko) Chrome/61.0.3163.100 Safari/537.36"
157.55.39.255 - - [08/Oct/2018:01:12:31 +0200] "GET / HTTP/1.1" 200 2476 "-" "Mozilla/5.0 (compatible; bingbot/2.0; +http://www.bing.com/bingbot.htm)"
157.55.39.16 - - [08/Oct/2018:16:26:58 +0200] "GET /robots.txt HTTP/1.0" 404 1487 "-" "Mozilla/5.0 (compatible; bingbot/2.0; +http://www.bing.com/bingbot.htm)"
157.55.39.16 - - [08/Oct/2018:16:26:59 +0200] "GET /robots.txt HTTP/1.0" 404 1487 "-" "Mozilla/5.0 (compatible; bingbot/2.0; +http://www.bing.com/bingbot.htm)"
207.46.13.188 - - [08/Oct/2018:16:27:17 +0200] "GET / HTTP/1.0" 200 415 "-" "Mozilla/5.0 (compatible; bingbot/2.0; +http://www.bing.com/bingbot.htm)"
207.46.13.188 - - [08/Oct/2018:16:27:17 +0200] "GET / HTTP/1.1" 200 2476 "-" "Mozilla/5.0 (compatible; bingbot/2.0; +http://www.bing.com/bingbot.htm)"
40.77.167.109 - - [09/Oct/2018:09:31:21 +0200] "GET / HTTP/1.0" 200 1915 "-" "Mozilla/5.0 (compatible; bingbot/2.0; +http://www.bing.com/bingbot.htm)"
40.77.167.109 - - [09/Oct/2018:09:31:21 +0200] "GET / HTTP/1.1" 200 2476 "-" "Mozilla/5.0 (compatible; bingbot/2.0; +http://www.bing.com/bingbot.htm)"
13.57.233.99 - - [10/Oct/2018:07:25:45 +0200] "GET / HTTP/1.0" 200 415 "-" "Mozilla/5.0 (Macintosh; Intel Mac OS X 10_12_6) AppleWebKit/537.36 (KHTML, like Gecko) Chrome/61.0.3163.100 Safari/537.36"
40.77.167.147 - - [10/Oct/2018:08:21:02 +0200] "GET / HTTP/1.0" 200 415 "-" "Mozilla/5.0 (compatible; bingbot/2.0; +http://www.bing.com/bingbot.htm)"
138.197.153.6 - - [10/Oct/2018:20:42:06 +0200] "HEAD / HTTP/1.0" 200 142 "-" "Mozilla/5.0 (Windows; U; Windows NT 5.1; en-US) AppleWebKit/530.5 (KHTML, like Gecko) Chrome/2.0.173.0 Safari/530.5"
138.197.153.6 - - [10/Oct/2018:20:42:06 +0200] "HEAD / HTTP/1.0" 200 142 "-" "Mozilla/5.0 (X11; CrOS i686 12.0.742.91) AppleWebKit/534.30 (KHTML, like Gecko) Chrome/12.0.742.93 Safari/534.30"
157.55.39.7 - - [10/Oct/2018:23:07:13 +0200] "GET /robots.txt HTTP/1.0" 404 1487 "-" "Mozilla/5.0 (compatible; bingbot/2.0; +http://www.bing.com/bingbot.htm)"
157.55.39.7 - - [10/Oct/2018:23:07:14 +0200] "GET /robots.txt HTTP/1.0" 404 1487 "-" "Mozilla/5.0 (compatible; bingbot/2.0; +http://www.bing.com/bingbot.htm)"
40.77.167.147 - - [10/Oct/2018:23:07:24 +0200] "GET / HTTP/1.0" 200 415 "-" "Mozilla/5.0 (compatible; bingbot/2.0; +http://www.bing.com/bingbot.htm)"
13.57.233.99 - - [10/Oct/2018:07:25:45 +0200] "GET / HTTP/1.1" 200 2476 "-" "Mozilla/5.0 (Macintosh; Intel Mac OS X 10_12_6) AppleWebKit/537.36 (KHTML, like Gecko) Chrome/61.0.3163.100 Safari/537.36"
40.77.167.147 - - [10/Oct/2018:08:21:02 +0200] "GET / HTTP/1.1" 200 2476 "-" "Mozilla/5.0 (compatible; bingbot/2.0; +http://www.bing.com/bingbot.htm)"
40.77.167.147 - - [10/Oct/2018:23:07:24 +0200] "GET / HTTP/1.1" 200 2476 "-" "Mozilla/5.0 (compatible; bingbot/2.0; +http://www.bing.com/bingbot.htm)"
37.58.58.230 - - [11/Oct/2018:15:14:59 +0200] "HEAD / HTTP/1.0" 200 142 "-" "\"Mozilla/5.0 (Macintosh; Intel Mac OS X 10_12_6) AppleWebKit/537.36 (KHTML, like Gecko) Chrome/62.0.3202.62 Safari/537.36\""
37.58.58.230 - - [11/Oct/2018:15:14:59 +0200] "GET / HTTP/1.0" 200 415 "-" "\"Mozilla/5.0 (Macintosh; Intel Mac OS X 10_12_6) AppleWebKit/537.36 (KHTML, like Gecko) Chrome/62.0.3202.62 Safari/537.36\""
37.58.58.230 - - [11/Oct/2018:15:14:59 +0200] "GET /robots.txt HTTP/1.0" 404 1487 "-" "\"Mozilla/5.0 (Macintosh; Intel Mac OS X 10_12_6) AppleWebKit/537.36 (KHTML, like Gecko) Chrome/62.0.3202.62 Safari/537.36\""
37.58.58.230 - - [11/Oct/2018:15:14:59 +0200] "HEAD /favicon.ico HTTP/1.0" 200 142 "https://appslacoop.fr/" "\"Mozilla/5.0 (Macintosh; Intel Mac OS X 10_12_6) AppleWebKit/537.36 (KHTML, like Gecko) Chrome/62.0.3202.62 Safari/537.36\""
37.58.58.230 - - [11/Oct/2018:15:14:59 +0200] "HEAD /css/style.css HTTP/1.0" 404 142 "https://appslacoop.fr/" "\"Mozilla/5.0 (Macintosh; Intel Mac OS X 10_12_6) AppleWebKit/537.36 (KHTML, like Gecko) Chrome/62.0.3202.62 Safari/537.36\""
37.58.58.230 - - [11/Oct/2018:15:14:59 +0200] "HEAD /img/panel-logo.png HTTP/1.0" 404 142 "https://appslacoop.fr/" "\"Mozilla/5.0 (Macintosh; Intel Mac OS X 10_12_6) AppleWebKit/537.36 (KHTML, like Gecko) Chrome/62.0.3202.62 Safari/537.36\""
37.58.58.230 - - [11/Oct/2018:15:14:59 +0200] "HEAD /img/parallels-logo.png HTTP/1.0" 404 142 "https://appslacoop.fr/" "\"Mozilla/5.0 (Macintosh; Intel Mac OS X 10_12_6) AppleWebKit/537.36 (KHTML, like Gecko) Chrome/62.0.3202.62 Safari/537.36\""
40.77.167.57 - - [11/Oct/2018:17:02:32 +0200] "GET / HTTP/1.0" 200 1915 "-" "Mozilla/5.0 (compatible; bingbot/2.0; +http://www.bing.com/bingbot.htm)"
157.55.39.254 - - [12/Oct/2018:05:37:26 +0200] "GET / HTTP/1.0" 200 415 "-" "Mozilla/5.0 (compatible; bingbot/2.0; +http://www.bing.com/bingbot.htm)"
37.58.58.230 - - [11/Oct/2018:15:14:59 +0200] "GET / HTTP/1.1" 200 2476 "-" "\x22Mozilla/5.0 (Macintosh; Intel Mac OS X 10_12_6) AppleWebKit/537.36 (KHTML, like Gecko) Chrome/62.0.3202.62 Safari/537.36\x22"
40.77.167.57 - - [11/Oct/2018:17:02:32 +0200] "GET / HTTP/1.1" 200 2476 "-" "Mozilla/5.0 (compatible; bingbot/2.0; +http://www.bing.com/bingbot.htm)"
157.55.39.254 - - [12/Oct/2018:05:37:26 +0200] "GET / HTTP/1.1" 200 2476 "-" "Mozilla/5.0 (compatible; bingbot/2.0; +http://www.bing.com/bingbot.htm)"
13.57.233.99 - - [13/Oct/2018:01:49:06 +0200] "GET / HTTP/1.0" 200 1915 "-" "Mozilla/5.0 (Macintosh; Intel Mac OS X 10_12_6) AppleWebKit/537.36 (KHTML, like Gecko) Chrome/61.0.3163.100 Safari/537.36"
13.57.233.99 - - [13/Oct/2018:01:49:06 +0200] "GET / HTTP/1.1" 200 2476 "-" "Mozilla/5.0 (Macintosh; Intel Mac OS X 10_12_6) AppleWebKit/537.36 (KHTML, like Gecko) Chrome/61.0.3163.100 Safari/537.36"
157.55.39.24 - - [13/Oct/2018:09:21:23 +0200] "GET /robots.txt HTTP/1.0" 404 2987 "-" "Mozilla/5.0 (compatible; bingbot/2.0; +http://www.bing.com/bingbot.htm)"
157.55.39.24 - - [13/Oct/2018:09:21:24 +0200] "GET /robots.txt HTTP/1.0" 404 1487 "-" "Mozilla/5.0 (compatible; bingbot/2.0; +http://www.bing.com/bingbot.htm)"
157.55.39.254 - - [13/Oct/2018:09:21:29 +0200] "GET / HTTP/1.0" 200 415 "-" "Mozilla/5.0 (compatible; bingbot/2.0; +http://www.bing.com/bingbot.htm)"
40.77.167.168 - - [13/Oct/2018:23:58:30 +0200] "GET / HTTP/1.0" 200 415 "-" "Mozilla/5.0 (compatible; bingbot/2.0; +http://www.bing.com/bingbot.htm)"
157.55.39.254 - - [13/Oct/2018:09:21:29 +0200] "GET / HTTP/1.1" 200 2476 "-" "Mozilla/5.0 (compatible; bingbot/2.0; +http://www.bing.com/bingbot.htm)"
40.77.167.168 - - [13/Oct/2018:23:58:30 +0200] "GET / HTTP/1.1" 200 2476 "-" "Mozilla/5.0 (compatible; bingbot/2.0; +http://www.bing.com/bingbot.htm)"
40.77.167.168 - - [14/Oct/2018:14:56:00 +0200] "GET / HTTP/1.0" 200 415 "-" "Mozilla/5.0 (compatible; bingbot/2.0; +http://www.bing.com/bingbot.htm)"
40.77.167.168 - - [15/Oct/2018:03:04:50 +0200] "GET / HTTP/1.0" 200 415 "-" "Mozilla/5.0 (compatible; bingbot/2.0; +http://www.bing.com/bingbot.htm)"
40.77.167.168 - - [14/Oct/2018:14:56:00 +0200] "GET / HTTP/1.1" 200 2476 "-" "Mozilla/5.0 (compatible; bingbot/2.0; +http://www.bing.com/bingbot.htm)"
40.77.167.168 - - [15/Oct/2018:03:04:50 +0200] "GET / HTTP/1.1" 200 2476 "-" "Mozilla/5.0 (compatible; bingbot/2.0; +http://www.bing.com/bingbot.htm)"
157.55.39.29 - - [15/Oct/2018:19:39:38 +0200] "GET /robots.txt HTTP/1.0" 404 1487 "-" "Mozilla/5.0 (compatible; bingbot/2.0; +http://www.bing.com/bingbot.htm)"
157.55.39.29 - - [15/Oct/2018:19:39:39 +0200] "GET /robots.txt HTTP/1.0" 404 1487 "-" "Mozilla/5.0 (compatible; bingbot/2.0; +http://www.bing.com/bingbot.htm)"
157.55.39.247 - - [15/Oct/2018:19:39:45 +0200] "GET / HTTP/1.0" 200 415 "-" "Mozilla/5.0 (compatible; bingbot/2.0; +http://www.bing.com/bingbot.htm)"
13.57.233.99 - - [15/Oct/2018:20:09:50 +0200] "GET / HTTP/1.0" 200 1915 "-" "Mozilla/5.0 (Macintosh; Intel Mac OS X 10_12_6) AppleWebKit/537.36 (KHTML, like Gecko) Chrome/61.0.3163.100 Safari/537.36"
157.55.39.247 - - [15/Oct/2018:19:39:45 +0200] "GET / HTTP/1.1" 200 2476 "-" "Mozilla/5.0 (compatible; bingbot/2.0; +http://www.bing.com/bingbot.htm)"
13.57.233.99 - - [15/Oct/2018:20:09:50 +0200] "GET / HTTP/1.1" 200 2476 "-" "Mozilla/5.0 (Macintosh; Intel Mac OS X 10_12_6) AppleWebKit/537.36 (KHTML, like Gecko) Chrome/61.0.3163.100 Safari/537.36"
157.55.39.50 - - [16/Oct/2018:08:49:06 +0200] "GET / HTTP/1.0" 200 415 "-" "Mozilla/5.0 (compatible; bingbot/2.0; +http://www.bing.com/bingbot.htm)"
157.55.39.50 - - [16/Oct/2018:15:35:09 +0200] "GET / HTTP/1.0" 200 415 "-" "Mozilla/5.0 (compatible; bingbot/2.0; +http://www.bing.com/bingbot.htm)"
159.203.32.223 - - [16/Oct/2018:18:37:23 +0200] "HEAD / HTTP/1.0" 200 1642 "-" "Mozilla/5.0 (Windows; U; Windows NT 6.1) AppleWebKit/526.3 (KHTML, like Gecko) Chrome/14.0.564.21 Safari/526.3"
159.203.32.223 - - [16/Oct/2018:18:37:23 +0200] "HEAD / HTTP/1.0" 200 142 "-" "Mozilla/5.0 ArchLinux (X11; U; Linux x86_64; en-US) AppleWebKit/534.30 (KHTML, like Gecko) Chrome/12.0.742.100"
157.55.39.29 - - [16/Oct/2018:21:50:09 +0200] "GET /robots.txt HTTP/1.0" 404 2987 "-" "Mozilla/5.0 (compatible; bingbot/2.0; +http://www.bing.com/bingbot.htm)"
157.55.39.29 - - [16/Oct/2018:21:50:10 +0200] "GET /robots.txt HTTP/1.0" 404 1487 "-" "Mozilla/5.0 (compatible; bingbot/2.0; +http://www.bing.com/bingbot.htm)"
157.55.39.92 - - [16/Oct/2018:23:23:23 +0200] "GET / HTTP/1.0" 200 1915 "-" "Mozilla/5.0 (compatible; bingbot/2.0; +http://www.bing.com/bingbot.htm)"
157.55.39.50 - - [16/Oct/2018:08:49:06 +0200] "GET / HTTP/1.1" 200 2476 "-" "Mozilla/5.0 (compatible; bingbot/2.0; +http://www.bing.com/bingbot.htm)"
157.55.39.50 - - [16/Oct/2018:15:35:09 +0200] "GET / HTTP/1.1" 304 0 "-" "Mozilla/5.0 (compatible; bingbot/2.0; +http://www.bing.com/bingbot.htm)"
157.55.39.92 - - [16/Oct/2018:23:23:23 +0200] "GET / HTTP/1.1" 200 2476 "-" "Mozilla/5.0 (compatible; bingbot/2.0; +http://www.bing.com/bingbot.htm)"
178.62.237.71 - - [17/Oct/2018:12:06:18 +0200] "HEAD / HTTP/1.0" 200 142 "-" "Mozilla/5.0 (Windows NT 5.2) AppleWebKit/535.1 (KHTML, like Gecko) Chrome/14.0.792.0 Safari/535.1"
178.62.237.71 - - [17/Oct/2018:12:06:18 +0200] "HEAD / HTTP/1.0" 200 142 "-" "Mozilla/5.0 (X11; Linux x86_64) AppleWebKit/535.21 (KHTML, like Gecko) Chrome/19.0.1042.0 Safari/535.21"
157.55.39.29 - - [17/Oct/2018:12:18:11 +0200] "GET /robots.txt HTTP/1.0" 404 1487 "-" "Mozilla/5.0 (compatible; bingbot/2.0; +http://www.bing.com/bingbot.htm)"
157.55.39.29 - - [17/Oct/2018:12:18:12 +0200] "GET /robots.txt HTTP/1.0" 404 1487 "-" "Mozilla/5.0 (compatible; bingbot/2.0; +http://www.bing.com/bingbot.htm)"
157.55.39.182 - - [17/Oct/2018:12:34:23 +0200] "GET / HTTP/1.0" 200 415 "-" "Mozilla/5.0 (compatible; bingbot/2.0; +http://www.bing.com/bingbot.htm)"
207.46.13.55 - - [18/Oct/2018:01:19:45 +0200] "GET / HTTP/1.0" 200 1915 "-" "Mozilla/5.0 (compatible; bingbot/2.0; +http://www.bing.com/bingbot.htm)"
157.55.39.182 - - [17/Oct/2018:12:34:23 +0200] "GET / HTTP/1.1" 200 2476 "-" "Mozilla/5.0 (compatible; bingbot/2.0; +http://www.bing.com/bingbot.htm)"
207.46.13.55 - - [18/Oct/2018:01:19:45 +0200] "GET / HTTP/1.1" 200 2476 "-" "Mozilla/5.0 (compatible; bingbot/2.0; +http://www.bing.com/bingbot.htm)"
207.46.13.55 - - [18/Oct/2018:15:39:10 +0200] "GET / HTTP/1.0" 200 415 "-" "Mozilla/5.0 (compatible; bingbot/2.0; +http://www.bing.com/bingbot.htm)"
13.57.233.99 - - [18/Oct/2018:15:44:48 +0200] "GET / HTTP/1.0" 200 415 "-" "Mozilla/5.0 (Macintosh; Intel Mac OS X 10_12_6) AppleWebKit/537.36 (KHTML, like Gecko) Chrome/61.0.3163.100 Safari/537.36"
207.46.13.55 - - [18/Oct/2018:15:57:01 +0200] "GET / HTTP/1.0" 200 415 "-" "Mozilla/5.0 (compatible; bingbot/2.0; +http://www.bing.com/bingbot.htm)"
207.46.13.55 - - [19/Oct/2018:03:40:16 +0200] "GET / HTTP/1.0" 200 415 "-" "Mozilla/5.0 (compatible; bingbot/2.0; +http://www.bing.com/bingbot.htm)"
207.46.13.55 - - [18/Oct/2018:15:39:10 +0200] "GET / HTTP/1.1" 200 2476 "-" "Mozilla/5.0 (compatible; bingbot/2.0; +http://www.bing.com/bingbot.htm)"
13.57.233.99 - - [18/Oct/2018:15:44:48 +0200] "GET / HTTP/1.1" 200 2476 "-" "Mozilla/5.0 (Macintosh; Intel Mac OS X 10_12_6) AppleWebKit/537.36 (KHTML, like Gecko) Chrome/61.0.3163.100 Safari/537.36"
207.46.13.55 - - [18/Oct/2018:15:57:01 +0200] "GET / HTTP/1.1" 200 2476 "-" "Mozilla/5.0 (compatible; bingbot/2.0; +http://www.bing.com/bingbot.htm)"
207.46.13.55 - - [19/Oct/2018:03:40:16 +0200] "GET / HTTP/1.1" 200 2476 "-" "Mozilla/5.0 (compatible; bingbot/2.0; +http://www.bing.com/bingbot.htm)"
207.46.13.55 - - [20/Oct/2018:00:30:41 +0200] "GET / HTTP/1.0" 200 415 "-" "Mozilla/5.0 (compatible; bingbot/2.0; +http://www.bing.com/bingbot.htm)"
207.46.13.55 - - [20/Oct/2018:00:30:41 +0200] "GET / HTTP/1.1" 200 2476 "-" "Mozilla/5.0 (compatible; bingbot/2.0; +http://www.bing.com/bingbot.htm)"
13.57.233.99 - - [21/Oct/2018:13:25:44 +0200] "GET / HTTP/1.0" 200 1915 "-" "Mozilla/5.0 (Macintosh; Intel Mac OS X 10_12_6) AppleWebKit/537.36 (KHTML, like Gecko) Chrome/61.0.3163.100 Safari/537.36"
157.55.39.7 - - [21/Oct/2018:17:09:25 +0200] "GET /robots.txt HTTP/1.0" 404 2987 "-" "Mozilla/5.0 (compatible; bingbot/2.0; +http://www.bing.com/bingbot.htm)"
157.55.39.7 - - [21/Oct/2018:17:09:26 +0200] "GET /robots.txt HTTP/1.0" 404 1487 "-" "Mozilla/5.0 (compatible; bingbot/2.0; +http://www.bing.com/bingbot.htm)"
207.46.13.12 - - [21/Oct/2018:17:09:29 +0200] "GET / HTTP/1.0" 200 415 "-" "Mozilla/5.0 (compatible; bingbot/2.0; +http://www.bing.com/bingbot.htm)"
207.46.13.12 - - [22/Oct/2018:04:45:59 +0200] "GET / HTTP/1.0" 200 1915 "-" "Mozilla/5.0 (compatible; bingbot/2.0; +http://www.bing.com/bingbot.htm)"
13.57.233.99 - - [21/Oct/2018:13:25:44 +0200] "GET / HTTP/1.1" 200 2476 "-" "Mozilla/5.0 (Macintosh; Intel Mac OS X 10_12_6) AppleWebKit/537.36 (KHTML, like Gecko) Chrome/61.0.3163.100 Safari/537.36"
